Component: ARM Compiler 5.06 update 6 (build 750) Tool: armlink [4d35ed]

==============================================================================

Section Cross References

    main.o(i.DeviceParamCheck) refers to gpio_port.o(i.get_gc_state) for get_gc_state
    main.o(i.DeviceParamCheck) refers to app_user_storage.o(.bss) for sys_param_un
    main.o(i.DevicePowerOnSequence) refers to delay.o(i.delay_1ms) for delay_1ms
    main.o(i.DevicePowerOnSequence) refers to gpio_port.o(i.device_power_on) for device_power_on
    main.o(i.DevicePowerOnSequence) refers to buzz_port.o(i.BuzzrSimpleSwitch) for BuzzrSimpleSwitch
    main.o(i.extend_sram) refers to at32f413_flash.o(i.flash_unlock) for flash_unlock
    main.o(i.extend_sram) refers to at32f413_flash.o(i.flash_user_system_data_erase) for flash_user_system_data_erase
    main.o(i.extend_sram) refers to at32f413_flash.o(i.flash_user_system_data_program) for flash_user_system_data_program
    main.o(i.extend_sram) refers to at32f413_misc.o(i.nvic_system_reset) for nvic_system_reset
    main.o(i.main) refers to system_at32f413.o(i.SystemInit) for SystemInit
    main.o(i.main) refers to at32f413_clock.o(i.system_clock_config) for system_clock_config
    main.o(i.main) refers to main.o(i.extend_sram) for extend_sram
    main.o(i.main) refers to at32f413_misc.o(i.nvic_priority_group_config) for nvic_priority_group_config
    main.o(i.main) refers to at32f413_board.o(i.delay_init) for delay_init
    main.o(i.main) refers to time_init.o(i.NormalTimerInit) for NormalTimerInit
    main.o(i.main) refers to at32f413_board.o(i.Suspend_RTOS_stick) for Suspend_RTOS_stick
    main.o(i.main) refers to main.o(i.peripheral_init) for peripheral_init
    main.o(i.main) refers to app_user_storage.o(i.start_para_write_read) for start_para_write_read
    main.o(i.main) refers to main.o(i.DeviceParamCheck) for DeviceParamCheck
    main.o(i.main) refers to main.o(i.DevicePowerOnSequence) for DevicePowerOnSequence
    main.o(i.main) refers to wdt.o(i.Wdt_Init) for Wdt_Init
    main.o(i.main) refers to tasks.o(i.xTaskCreate) for xTaskCreate
    main.o(i.main) refers to tasks.o(i.vTaskStartScheduler) for vTaskStartScheduler
    main.o(i.main) refers to main.o(.data) for StartTask_Handle
    main.o(i.main) refers to main_thread.o(i.vTaskStart) for vTaskStart
    main.o(i.peripheral_init) refers to buzz_port.o(i.BuzzerInit) for BuzzerInit
    main.o(i.peripheral_init) refers to key.o(i.ButtonInit) for ButtonInit
    main.o(i.peripheral_init) refers to gpio_port.o(i.user_gpio_init) for user_gpio_init
    main.o(i.peripheral_init) refers to adc_port.o(i.start_adc_acquisition) for start_adc_acquisition
    main.o(i.peripheral_init) refers to mp6570.o(i.MP6570_PortInit) for MP6570_PortInit
    main.o(i.peripheral_init) refers to mp6570.o(i.MP6570_SetModeToSPI) for MP6570_SetModeToSPI
    main.o(i.peripheral_init) refers to customer_control.o(i.MotorDeviceReset) for MotorDeviceReset
    main.o(i.peripheral_init) refers to app_motorcontroltask.o(i.MotorParamInit) for MotorParamInit
    main.o(i.peripheral_init) refers to time_init.o(i.MotorTimerInit) for MotorTimerInit
    main.o(i.peripheral_init) refers to apex_gc_port.o(i.APEXInit) for APEXInit
    main.o(i.peripheral_init) refers to oled_port.o(i.OLED_Init) for OLED_Init
    at32f413_clock.o(i.system_clock_config) refers to at32f413_crm.o(i.crm_reset) for crm_reset
    at32f413_clock.o(i.system_clock_config) refers to at32f413_crm.o(i.crm_clock_source_enable) for crm_clock_source_enable
    at32f413_clock.o(i.system_clock_config) refers to at32f413_crm.o(i.crm_hext_stable_wait) for crm_hext_stable_wait
    at32f413_clock.o(i.system_clock_config) refers to at32f413_crm.o(i.crm_pll_config) for crm_pll_config
    at32f413_clock.o(i.system_clock_config) refers to at32f413_crm.o(i.crm_flag_get) for crm_flag_get
    at32f413_clock.o(i.system_clock_config) refers to at32f413_crm.o(i.crm_ahb_div_set) for crm_ahb_div_set
    at32f413_clock.o(i.system_clock_config) refers to at32f413_crm.o(i.crm_apb2_div_set) for crm_apb2_div_set
    at32f413_clock.o(i.system_clock_config) refers to at32f413_crm.o(i.crm_apb1_div_set) for crm_apb1_div_set
    at32f413_clock.o(i.system_clock_config) refers to at32f413_crm.o(i.crm_auto_step_mode_enable) for crm_auto_step_mode_enable
    at32f413_clock.o(i.system_clock_config) refers to at32f413_crm.o(i.crm_sysclk_switch) for crm_sysclk_switch
    at32f413_clock.o(i.system_clock_config) refers to at32f413_crm.o(i.crm_sysclk_switch_status_get) for crm_sysclk_switch_status_get
    at32f413_clock.o(i.system_clock_config) refers to system_at32f413.o(i.system_core_clock_update) for system_core_clock_update
    at32f413_int.o(i.DMA1_Channel1_IRQHandler) refers to at32f413_dma.o(i.dma_flag_get) for dma_flag_get
    at32f413_int.o(i.DMA1_Channel1_IRQHandler) refers to at32f413_dma.o(i.dma_flag_clear) for dma_flag_clear
    at32f413_int.o(i.DMA1_Channel1_IRQHandler) refers to adc_port.o(.data) for adc_trans_complete_flag
[...]
    delay_init                               0x08008f71   Thumb Code    78  at32f413_board.o(i.delay_init)
    device_power_off                         0x08008fd5   Thumb Code    12  gpio_port.o(i.device_power_off)
    device_power_on                          0x08008fe5   Thumb Code    12  gpio_port.o(i.device_power_on)
    disp_DrawColumn                          0x08008ff5   Thumb Code    40  oled_port.o(i.disp_DrawColumn)
    disp_DrawRow                             0x0800901d   Thumb Code    40  oled_port.o(i.disp_DrawRow)
    disp_batValue                            0x08009045   Thumb Code   344  oled_port.o(i.disp_batValue)
    dma_channel_enable                       0x080091ad   Thumb Code    10  at32f413_dma.o(i.dma_channel_enable)
    dma_default_para_init                    0x080091b7   Thumb Code    24  at32f413_dma.o(i.dma_default_para_init)
    dma_flag_clear                           0x080091d1   Thumb Code    22  at32f413_dma.o(i.dma_flag_clear)
    dma_flag_get                             0x080091f1   Thumb Code    36  at32f413_dma.o(i.dma_flag_get)
    dma_init                                 0x0800921d   Thumb Code    92  at32f413_dma.o(i.dma_init)
    dma_interrupt_enable                     0x08009279   Thumb Code    18  at32f413_dma.o(i.dma_interrupt_enable)
    dma_reset                                0x0800928d   Thumb Code   102  at32f413_dma.o(i.dma_reset)
    error_led_times                          0x080092fd   Thumb Code    84  control.o(i.error_led_times)
    extend_sram                              0x08009351   Thumb Code    32  main.o(i.extend_sram)
    flash_fap_status_get                     0x08009375   Thumb Code    10  at32f413_flash.o(i.flash_fap_status_get)
    flash_flag_clear                         0x08009385   Thumb Code    38  at32f413_flash.o(i.flash_flag_clear)
    flash_halfword_program                   0x080093b1   Thumb Code   112  at32f413_flash.o(i.flash_halfword_program)
    flash_lock                               0x08009425   Thumb Code    16  at32f413_flash.o(i.flash_lock)
    flash_operation_status_get               0x08009439   Thumb Code    48  at32f413_flash.o(i.flash_operation_status_get)
    flash_operation_wait_for                 0x0800946d   Thumb Code    36  at32f413_flash.o(i.flash_operation_wait_for)
    flash_read                               0x08009491   Thumb Code    26  flash.o(i.flash_read)
    flash_sector_erase                       0x080094ad   Thumb Code   136  at32f413_flash.o(i.flash_sector_erase)
    flash_spim_operation_status_get          0x08009539   Thumb Code    48  at32f413_flash.o(i.flash_spim_operation_status_get)
    flash_spim_operation_wait_for            0x0800956d   Thumb Code    36  at32f413_flash.o(i.flash_spim_operation_wait_for)
    flash_unlock                             0x08009591   Thumb Code    12  at32f413_flash.o(i.flash_unlock)
    flash_user_system_data_erase             0x080095a9   Thumb Code   134  at32f413_flash.o(i.flash_user_system_data_erase)
    flash_user_system_data_program           0x08009641   Thumb Code    88  at32f413_flash.o(i.flash_user_system_data_program)
    flash_write                              0x080096a9   Thumb Code   284  flash.o(i.flash_write)
    flash_write_nocheck                      0x080097c9   Thumb Code    56  flash.o(i.flash_write_nocheck)
    fresh_adc_value                          0x08009801   Thumb Code    52  adc_port.o(i.fresh_adc_value)
    gc_in_or_exit                            0x08009c81   Thumb Code    30  apex_gc_port.o(i.gc_in_or_exit)
    gc_list_init                             0x08009ca5   Thumb Code  2958  apex_gc_port.o(i.gc_list_init)
    get_add_button_state                     0x0800a881   Thumb Code    18  gpio_port.o(i.get_add_button_state)
    get_charge_state                         0x0800a899   Thumb Code    16  gpio_port.o(i.get_charge_state)
    get_gc_400_value                         0x0800a8ad   Thumb Code     8  adc_port.o(i.get_gc_400_value)
    get_gc_8k_value                          0x0800a8b9   Thumb Code     8  adc_port.o(i.get_gc_8k_value)
    get_gc_state                             0x0800a8c5   Thumb Code    18  gpio_port.o(i.get_gc_state)
    get_insert_state                         0x0800a8dd   Thumb Code    16  gpio_port.o(i.get_insert_state)
    get_run_button_state                     0x0800a8f1   Thumb Code    16  gpio_port.o(i.get_run_button_state)
    get_s_button_state                       0x0800a905   Thumb Code    18  gpio_port.o(i.get_s_button_state)
    get_sub_button_state                     0x0800a91d   Thumb Code    18  gpio_port.o(i.get_sub_button_state)
    get_vbat_value                           0x0800a935   Thumb Code    48  adc_port.o(i.get_vbat_value)
    gpio_bits_reset                          0x0800a971   Thumb Code     4  at32f413_gpio.o(i.gpio_bits_reset)
    gpio_bits_set                            0x0800a975   Thumb Code     4  at32f413_gpio.o(i.gpio_bits_set)
    gpio_default_para_init                   0x0800a979   Thumb Code    22  at32f413_gpio.o(i.gpio_default_para_init)
    gpio_init                                0x0800a98f   Thumb Code   168  at32f413_gpio.o(i.gpio_init)
    gpio_input_data_bit_read                 0x0800aa37   Thumb Code    18  at32f413_gpio.o(i.gpio_input_data_bit_read)
    gpio_pin_remap_config                    0x0800aa49   Thumb Code    70  at32f413_gpio.o(i.gpio_pin_remap_config)
    gpio_pins_toggle                         0x0800aa95   Thumb Code     8  gpio_port.o(i.gpio_pins_toggle)
    init_registers                           0x0800aa9d   Thumb Code   658  customer_control.o(i.init_registers)
    main                                     0x0800ad9d   Thumb Code    88  main.o(i.main)
    main_dir_fill                            0x0800ae0d   Thumb Code   138  oled_port.o(i.main_dir_fill)
    mode_select                              0x0800aea1   Thumb Code    30  customer_control.o(i.mode_select)
    mp6570_init                              0x0800aec9   Thumb Code   308  mp6570.o(i.mp6570_init)
    nvic_irq_enable                          0x0800b001   Thumb Code   190  at32f413_misc.o(i.nvic_irq_enable)
    nvic_priority_group_config               0x0800b0c9   Thumb Code    32  at32f413_misc.o(i.nvic_priority_group_config)
    nvic_system_reset                        0x0800b0f1   Thumb Code    36  at32f413_misc.o(i.nvic_system_reset)
    para_copy_default                        0x0800b11d   Thumb Code    52  app_user_storage.o(i.para_copy_default)
    para_print                               0x0800b161   Thumb Code     2  app_user_storage.o(i.para_print)
    pid_calc                                 0x0800b1a9   Thumb Code   396  pid.o(i.pid_calc)
    pvPortMalloc                             0x0800bbcd   Thumb Code   190  heap_2.o(i.pvPortMalloc)
    pxPortInitialiseStack                    0x0800bc9d   Thumb Code    38  port.o(i.pxPortInitialiseStack)
    rc_calc                                  0x0800bcc9   Thumb Code    56  rc_filter.o(i.rc_calc)
    reset_parameters                         0x0800bd01   Thumb Code   386  control.o(i.reset_parameters)
    reset_ref_and_loop                       0x0800bee5   Thumb Code   320  control.o(i.reset_ref_and_loop)
    restart_adc_sampling                     0x0800c065   Thumb Code     8  adc_port.o(i.restart_adc_sampling)
    set_position                             0x0800c071   Thumb Code    30  customer_control.o(i.set_position)
    set_r_in                                 0x0800c099   Thumb Code    28  mp6570.o(i.set_r_in)
    set_r_out                                0x0800c0b9   Thumb Code    38  mp6570.o(i.set_r_out)
    set_speed                                0x0800c0e5   Thumb Code    38  customer_control.o(i.set_speed)
    set_toggle_mode_speed                    0x0800c115   Thumb Code    22  customer_control.o(i.set_toggle_mode_speed)
    set_torque_limit                         0x0800c131   Thumb Code    94  customer_control.o(i.set_torque_limit)
    spi_default_para_init                    0x0800c1a9   Thumb Code    22  at32f413_spi.o(i.spi_default_para_init)
    spi_enable                               0x0800c1bf   Thumb Code    10  at32f413_spi.o(i.spi_enable)
    spi_i2s_data_receive                     0x0800c1c9   Thumb Code     8  at32f413_spi.o(i.spi_i2s_data_receive)
    spi_i2s_data_transmit                    0x0800c1d1   Thumb Code     4  at32f413_spi.o(i.spi_i2s_data_transmit)
    spi_i2s_flag_get                         0x0800c1d5   Thumb Code    16  at32f413_spi.o(i.spi_i2s_flag_get)
    spi_init                                 0x0800c1e5   Thumb Code   292  at32f413_spi.o(i.spi_init)
    start                                    0x0800c40d   Thumb Code    14  customer_control.o(i.start)
    start_adc_acquisition                    0x0800c425   Thumb Code    58  adc_port.o(i.start_adc_acquisition)
    start_para_write_read                    0x0800c46d   Thumb Code    90  app_user_storage.o(i.start_para_write_read)
    stop                                     0x0800c4d9   Thumb Code    14  customer_control.o(i.stop)
    system_clock_config                      0x0800c4f1   Thumb Code   144  at32f413_clock.o(i.system_clock_config)
    system_core_clock_update                 0x0800c581   Thumb Code   206  system_at32f413.o(i.system_core_clock_update)
    systick_clock_source_config              0x0800c669   Thumb Code    40  at32f413_misc.o(i.systick_clock_source_config)
    tmr_base_init                            0x0800c7ad   Thumb Code    16  at32f413_tmr.o(i.tmr_base_init)
    tmr_channel_value_set                    0x0800c7bd   Thumb Code    40  at32f413_tmr.o(i.tmr_channel_value_set)
    tmr_clock_source_div_set                 0x0800c7e5   Thumb Code    10  at32f413_tmr.o(i.tmr_clock_source_div_set)
    tmr_cnt_dir_set                          0x0800c7ef   Thumb Code    10  at32f413_tmr.o(i.tmr_cnt_dir_set)
    tmr_counter_enable                       0x0800c7f9   Thumb Code    10  at32f413_tmr.o(i.tmr_counter_enable)
    tmr_flag_clear                           0x0800c803   Thumb Code     6  at32f413_tmr.o(i.tmr_flag_clear)
    tmr_flag_get                             0x0800c809   Thumb Code    18  at32f413_tmr.o(i.tmr_flag_get)
    tmr_interrupt_enable                     0x0800c81b   Thumb Code    22  at32f413_tmr.o(i.tmr_interrupt_enable)
    tmr_output_channel_buffer_enable         0x0800c831   Thumb Code    66  at32f413_tmr.o(i.tmr_output_channel_buffer_enable)
    tmr_output_channel_config                0x0800c873   Thumb Code   416  at32f413_tmr.o(i.tmr_output_channel_config)
    tmr_output_default_para_init             0x0800ca13   Thumb Code    18  at32f413_tmr.o(i.tmr_output_default_para_init)
    tmr_period_buffer_enable                 0x0800ca25   Thumb Code    10  at32f413_tmr.o(i.tmr_period_buffer_enable)
    toggle_torque_reach                      0x0800ca31   Thumb Code   296  customer_control.o(i.toggle_torque_reach)
    torque_reach                             0x0800cb81   Thumb Code   240  customer_control.o(i.torque_reach)
    tracking_calc                            0x0800cc91   Thumb Code    78  tracking_filter.o(i.tracking_calc)
    update_settings                          0x0800ccdf   Thumb Code    54  customer_control.o(i.update_settings)
    update_status                            0x0800cd15   Thumb Code   108  control.o(i.update_status)
    usart_data_receive                       0x0800cd91   Thumb Code     8  at32f413_usart.o(i.usart_data_receive)
    usart_flag_clear                         0x0800cd99   Thumb Code    18  at32f413_usart.o(i.usart_flag_clear)
    usart_flag_get                           0x0800cdab   Thumb Code    16  at32f413_usart.o(i.usart_flag_get)
    user_gpio_init                           0x0800cdbd   Thumb Code   258  gpio_port.o(i.user_gpio_init)
    uxListRemove                             0x0800ced1   Thumb Code    40  list.o(i.uxListRemove)
    uxTaskResetEventItemValue                0x0800cef9   Thumb Code    24  tasks.o(i.uxTaskResetEventItemValue)
    vApexGC_Task                             0x0800cf15   Thumb Code  1306  main_thread.o(i.vApexGC_Task)
    vAppBeepTemporaryTask                    0x0800d44d   Thumb Code   630  main_thread.o(i.vAppBeepTemporaryTask)
    vAppKeyTask                              0x0800d6d1   Thumb Code   184  main_thread.o(i.vAppKeyTask)
    vAppMenuManageTask                       0x0800d7a1   Thumb Code  2006  app_menutask.o(i.vAppMenuManageTask)
    vAppMotorControlTask                     0x0800dfa9   Thumb Code    28  app_motorcontroltask.o(i.vAppMotorControlTask)
    vAppPeriodicTask                         0x0800dfc9   Thumb Code   144  app_periodictask.o(i.vAppPeriodicTask)
    vListInitialise                          0x0800e069   Thumb Code    26  list.o(i.vListInitialise)
    vListInitialiseItem                      0x0800e083   Thumb Code     6  list.o(i.vListInitialiseItem)
    vListInsert                              0x0800e089   Thumb Code    52  list.o(i.vListInsert)
    vListInsertEnd                           0x0800e0bd   Thumb Code    24  list.o(i.vListInsertEnd)
    vPortEnterCritical                       0x0800e0d5   Thumb Code    30  port.o(i.vPortEnterCritical)
    vPortExitCritical                        0x0800e0f9   Thumb Code    28  port.o(i.vPortExitCritical)
    vPortFree                                0x0800e119   Thumb Code    56  heap_2.o(i.vPortFree)
    vPortSetupTimerInterrupt                 0x0800e159   Thumb Code    20  port.o(i.vPortSetupTimerInterrupt)
    vQueueWaitForMessageRestricted           0x0800e171   Thumb Code    74  queue.o(i.vQueueWaitForMessageRestricted)
    vSysWDT_ManageTask                       0x0800e1bd   Thumb Code   332  main_thread.o(i.vSysWDT_ManageTask)
    vTaskDelay                               0x0800e381   Thumb Code    46  tasks.o(i.vTaskDelay)
    vTaskDelete                              0x0800e3b5   Thumb Code   166  tasks.o(i.vTaskDelete)
    vTaskInternalSetTimeOutState             0x0800e481   Thumb Code    14  tasks.o(i.vTaskInternalSetTimeOutState)
    vTaskMissedYield                         0x0800e499   Thumb Code     8  tasks.o(i.vTaskMissedYield)
    vTaskPlaceOnEventList                    0x0800e4a5   Thumb Code    28  tasks.o(i.vTaskPlaceOnEventList)
    vTaskPlaceOnEventListRestricted          0x0800e4c5   Thumb Code    70  tasks.o(i.vTaskPlaceOnEventListRestricted)
    vTaskPlaceOnUnorderedEventList           0x0800e511   Thumb Code    74  tasks.o(i.vTaskPlaceOnUnorderedEventList)
    vTaskRemoveFromUnorderedEventList        0x0800e561   Thumb Code   190  tasks.o(i.vTaskRemoveFromUnorderedEventList)
    vTaskResume                              0x0800e631   Thumb Code   156  tasks.o(i.vTaskResume)
    vTaskStart                               0x0800e6dd   Thumb Code   276  main_thread.o(i.vTaskStart)
    vTaskStartScheduler                      0x0800e891   Thumb Code    86  tasks.o(i.vTaskStartScheduler)
    vTaskSuspend                             0x0800e909   Thumb Code   188  tasks.o(i.vTaskSuspend)
    vTaskSuspendAll                          0x0800e9e1   Thumb Code    12  tasks.o(i.vTaskSuspendAll)
    vTaskSwitchContext                       0x0800e9f1   Thumb Code    76  tasks.o(i.vTaskSwitchContext)
    wdt_counter_reload                       0x0800ea51   Thumb Code    10  at32f413_wdt.o(i.wdt_counter_reload)
    wdt_divider_set                          0x0800ea61   Thumb Code    14  at32f413_wdt.o(i.wdt_divider_set)
    wdt_enable                               0x0800ea75   Thumb Code    10  at32f413_wdt.o(i.wdt_enable)
    wdt_register_write_enable                0x0800ea85   Thumb Code    20  at32f413_wdt.o(i.wdt_register_write_enable)
    wdt_reload_value_set                     0x0800ea9d   Thumb Code     6  at32f413_wdt.o(i.wdt_reload_value_set)
    write_para_judge                         0x0800eaa9   Thumb Code    52  app_user_storage.o(i.write_para_judge)
    xEventGroupClearBits                     0x0800eaf5   Thumb Code    32  event_groups.o(i.xEventGroupClearBits)
    xEventGroupCreate                        0x0800eb15   Thumb Code    26  event_groups.o(i.xEventGroupCreate)
    xEventGroupSetBits                       0x0800eb2f   Thumb Code   146  event_groups.o(i.xEventGroupSetBits)
    xEventGroupWaitBits                      0x0800ebc1   Thumb Code   198  event_groups.o(i.xEventGroupWaitBits)
    xPortStartScheduler                      0x0800ec8d   Thumb Code    58  port.o(i.xPortStartScheduler)
    xQueueGenericCreate                      0x0800ecd5   Thumb Code    76  queue.o(i.xQueueGenericCreate)
    xQueueGenericReset                       0x0800ed21   Thumb Code   156  queue.o(i.xQueueGenericReset)
    xQueueGenericSend                        0x0800edc1   Thumb Code   276  queue.o(i.xQueueGenericSend)
    xQueueReceive                            0x0800eed9   Thumb Code   256  queue.o(i.xQueueReceive)
    xQueueSemaphoreTake                      0x0800efdd   Thumb Code   234  queue.o(i.xQueueSemaphoreTake)
    xTaskCheckForTimeOut                     0x0800f0cd   Thumb Code    88  tasks.o(i.xTaskCheckForTimeOut)
    xTaskCreate                              0x0800f12d   Thumb Code    96  tasks.o(i.xTaskCreate)
    xTaskGetTickCount                        0x0800f18d   Thumb Code     6  tasks.o(i.xTaskGetTickCount)
    xTaskIncrementTick                       0x0800f199   Thumb Code   356  tasks.o(i.xTaskIncrementTick)
    xTaskRemoveFromEventList                 0x0800f329   Thumb Code   240  tasks.o(i.xTaskRemoveFromEventList)
    xTaskResumeAll                           0x0800f431   Thumb Code   310  tasks.o(i.xTaskResumeAll)
    xTimerCreateTimerTask                    0x0800f58d   Thumb Code    40  timers.o(i.xTimerCreateTimerTask)
    __aeabi_dneg                             0x0800f5c9   Thumb Code     0  basic.o(x$fpl$basic)
    _dneg                                    0x0800f5c9   Thumb Code     6  basic.o(x$fpl$basic)
    __aeabi_fneg                             0x0800f5cf   Thumb Code     0  basic.o(x$fpl$basic)
    _fneg                                    0x0800f5cf   Thumb Code     6  basic.o(x$fpl$basic)
    _dabs                                    0x0800f5d5   Thumb Code     6  basic.o(x$fpl$basic)
    _fabs                                    0x0800f5db   Thumb Code     6  basic.o(x$fpl$basic)
    __aeabi_d2f                              0x0800f5e1   Thumb Code     0  d2f.o(x$fpl$d2f)
    _d2f                                     0x0800f5e1   Thumb Code    98  d2f.o(x$fpl$d2f)
    __aeabi_dadd                             0x0800f645   Thumb Code     0  daddsub_clz.o(x$fpl$dadd)
    _dadd                                    0x0800f645   Thumb Code   332  daddsub_clz.o(x$fpl$dadd)
    __fpl_dcmp_Inf                           0x0800f795   Thumb Code    24  dcmpi.o(x$fpl$dcmpinf)
    __aeabi_ddiv                             0x0800f7ad   Thumb Code     0  ddiv.o(x$fpl$ddiv)
    _ddiv                                    0x0800f7ad   Thumb Code   552  ddiv.o(x$fpl$ddiv)
    __aeabi_d2iz                             0x0800fa5d   Thumb Code     0  dfix.o(x$fpl$dfix)
    _dfix                                    0x0800fa5d   Thumb Code    94  dfix.o(x$fpl$dfix)
    __aeabi_d2uiz                            0x0800fabd   Thumb Code     0  dfixu.o(x$fpl$dfixu)
    _dfixu                                   0x0800fabd   Thumb Code    90  dfixu.o(x$fpl$dfixu)
    __aeabi_i2d                              0x0800fb17   Thumb Code     0  dflt_clz.o(x$fpl$dflt)
    _dflt                                    0x0800fb17   Thumb Code    46  dflt_clz.o(x$fpl$dflt)
    __aeabi_ui2d                             0x0800fb45   Thumb Code     0  dflt_clz.o(x$fpl$dfltu)
    _dfltu                                   0x0800fb45   Thumb Code    38  dflt_clz.o(x$fpl$dfltu)
    __aeabi_cdcmple                          0x0800fb6d   Thumb Code     0  dleqf.o(x$fpl$dleqf)
    _dcmple                                  0x0800fb6d   Thumb Code   120  dleqf.o(x$fpl$dleqf)
    __fpl_dcmple_InfNaN                      0x0800fbcf   Thumb Code     0  dleqf.o(x$fpl$dleqf)
    __aeabi_dmul                             0x0800fbe5   Thumb Code     0  dmul.o(x$fpl$dmul)
    _dmul                                    0x0800fbe5   Thumb Code   332  dmul.o(x$fpl$dmul)
    __fpl_dnaninf                            0x0800fd39   Thumb Code   156  dnaninf.o(x$fpl$dnaninf)
    __fpl_dretinf                            0x0800fdd5   Thumb Code    12  dretinf.o(x$fpl$dretinf)
    __aeabi_cdrcmple                         0x0800fde1   Thumb Code     0  drleqf.o(x$fpl$drleqf)
    _drcmple                                 0x0800fde1   Thumb Code   108  drleqf.o(x$fpl$drleqf)
    __aeabi_dsub                             0x0800fe4d   Thumb Code     0  daddsub_clz.o(x$fpl$dsub)
    _dsub                                    0x0800fe4d   Thumb Code   464  daddsub_clz.o(x$fpl$dsub)
    __aeabi_f2d                              0x08010021   Thumb Code     0  f2d.o(x$fpl$f2d)
    _f2d                                     0x08010021   Thumb Code    86  f2d.o(x$fpl$f2d)
    __fpl_fnaninf                            0x08010077   Thumb Code   140  fnaninf.o(x$fpl$fnaninf)
    _fp_init                                 0x08010103   Thumb Code    10  fpinit.o(x$fpl$fpinit)
    __fplib_config_fpu_vfp                   0x0801010b   Thumb Code     0  fpinit.o(x$fpl$fpinit)
    __fplib_config_pureend_doubles           0x0801010b   Thumb Code     0  fpinit.o(x$fpl$fpinit)
    __fpl_fretinf                            0x0801010d   Thumb Code    10  fretinf.o(x$fpl$fretinf)
    __I$use$fp                               0x08010116   Number         0  usenofp.o(x$fpl$usenofp)
    asc2_0806                                0x08010116   Data         552  oled_port.o(.constdata)
    asc2_1206                                0x0801033e   Data        1140  oled_port.o(.constdata)
    asc2_1608                                0x080107b2   Data        1520  oled_port.o(.constdata)
    asc2_2412                                0x08010da2   Data        3420  oled_port.o(.constdata)
    Hzk1                                     0x08011afe   Data         352  oled_port.o(.constdata)
    Hzk2                                     0x08011c5e   Data          72  oled_port.o(.constdata)
    Hzk3                                     0x08011ca6   Data         128  oled_port.o(.constdata)
    Hzk4                                     0x08011d26   Data         512  oled_port.o(.constdata)
    Region$$Table$$Base                      0x08011f38   Number         0  anon$$obj.o(Region$$Table)
    Region$$Table$$Limit                     0x08011f58   Number         0  anon$$obj.o(Region$$Table)
    StartTask_Handle                         0x20000000   Data           4  main.o(.data)
    usart_rx_dma_status                      0x20000004   Data           1  main.o(.data)
    usart_tx_dma_status                      0x20000005   Data           1  main.o(.data)
    little_bat                               0x20000006   Data         480  oled_port.o(.data)
    f_r_dir                                  0x200001e6   Data         640  oled_port.o(.data)
    spi2_tx_dma_status                       0x20000966   Data           1  oled_port.o(.data)
    adc_trans_complete_flag                  0x20000970   Data           1  adc_port.o(.data)
    sys_time_flag                            0x20000990   Data           4  at32f413_board.o(.data)
    WDTEventGroup                            0x200009ac   Data           4  main_thread.o(.data)
    keyScanTask_Handle                       0x200009b0   Data           4  main_thread.o(.data)
    periodicTask_Handle                      0x200009b4   Data           4  main_thread.o(.data)
    ApexGC_Task_Handle                       0x200009b8   Data           4  main_thread.o(.data)
    menuManageTask_Handle                    0x200009bc   Data           4  main_thread.o(.data)
    motorControlTask_Handle                  0x200009c0   Data           4  main_thread.o(.data)
    beepTemporaryTask_Handle                 0x200009c4   Data           4  main_thread.o(.data)
    WDT_ManageTask_Handle                    0x200009c8   Data           4  main_thread.o(.data)
    xQueueKeyMessage                         0x200009cc   Data           4  main_thread.o(.data)
    xQueueBeepMode                           0x200009d0   Data           4  main_thread.o(.data)
    xQueueMenuValue                          0x200009d4   Data           4  main_thread.o(.data)
    xQueueBatValue                           0x200009d8   Data           4  main_thread.o(.data)
    xSemaphoreDispRfresh                     0x200009dc   Data           4  main_thread.o(.data)
    xSemaphorePowerOff                       0x200009e0   Data           4  main_thread.o(.data)
    xSemaphoreApexAutoCalibration            0x200009e4   Data           4  main_thread.o(.data)
    xTimer01                                 0x200009e8   Data           4  main_thread.o(.data)
    torque_list                              0x20000a14   Data          32  app_menutask.o(.data)
    speed_list                               0x20000a34   Data          40  app_menutask.o(.data)
    torque_limit                             0x20000a5c   Data          44  app_menutask.o(.data)
    system_core_clock                        0x20000afc   Data           4  system_at32f413.o(.data)
    reg                                      0x20000b00   Data         256  mp6570.o(.data)
    status_mp6570                            0x20000c00   Data           2  customer_control.o(.data)
    forward_speed                            0x20000c02   Data           2  customer_control.o(.data)
    reverse_speed                            0x20000c04   Data           2  customer_control.o(.data)
    forward_position                         0x20000c08   Data           4  customer_control.o(.data)
    reverse_position                         0x20000c0c   Data           4  customer_control.o(.data)
    upper_threshold                          0x20000c10   Data           2  customer_control.o(.data)
    lower_threshold                          0x20000c12   Data           2  customer_control.o(.data)
    threshold_times                          0x20000c14   Data           2  customer_control.o(.data)
    reach_upper_times                        0x20000c16   Data           2  customer_control.o(.data)
    reach_lower_times                        0x20000c18   Data           2  customer_control.o(.data)
    motor_status                             0x20000c1a   Data           6  customer_control.o(.data)
    normal_time_complete_flag                0x20000c2d   Data           1  delay.o(.data)
    pxCurrentTCB                             0x20000c30   Data           4  tasks.o(.data)
    uxTopUsedPriority                        0x20000c68   Data           4  tasks.o(.data)
    Mode                                     0x20000ca0   Data           1  control.o(.data)
    control_mode                             0x20000ca1   Data           1  control.o(.data)
    run                                      0x20000ca2   Data           1  control.o(.data)
    brake                                    0x20000ca3   Data           1  control.o(.data)
    update_command                           0x20000ca4   Data           1  control.o(.data)
    error_status                             0x20000ca5   Data           1  control.o(.data)
    error_temp                               0x20000ca6   Data           2  control.o(.data)
    errorStatusLatch                         0x20000ca8   Data           1  control.o(.data)
    ocp_cnt                                  0x20000cac   Data           4  control.o(.data)
    ocp_status                               0x20000cb0   Data           1  control.o(.data)
    iq_limit                                 0x20000cb2   Data           2  control.o(.data)
    ocp_time_limit                           0x20000cb4   Data           4  control.o(.data)
    over_load_en                             0x20000cb8   Data           1  control.o(.data)
    error_disp_cnt                           0x20000cbc   Data           4  control.o(.data)
    lock_flag                                0x20000cc0   Data           1  control.o(.data)
    stall_counter                            0x20000cc4   Data           4  control.o(.data)
    position_stall_last                      0x20000cc8   Data           4  control.o(.data)
    error_clock                              0x20000ccc   Data           1  control.o(.data)
    error_led_state                          0x20000ccd   Data           1  control.o(.data)
    start_retry_cnt                          0x20000cce   Data           1  control.o(.data)
    retry_cnt                                0x20000cd0   Data           4  control.o(.data)
    position_ref                             0x20000cd4   Data           4  control.o(.data)
    speed_ref                                0x20000cd8   Data           4  control.o(.data)
    iq_ref                                   0x20000cdc   Data           4  control.o(.data)
    angle_raw                                0x20000ce0   Data           2  control.o(.data)
    angle                                    0x20000ce4   Data           4  control.o(.data)
    angle_last                               0x20000ce8   Data           4  control.o(.data)
    position_last                            0x20000cec   Data           4  control.o(.data)
    position                                 0x20000cf0   Data           4  control.o(.data)
    position_temp                            0x20000cf4   Data           4  control.o(.data)
    position_temp_last                       0x20000cf8   Data           4  control.o(.data)
    pid_default                              0x20000d00   Data          80  control.o(.data)
    rc_default                               0x20000d50   Data          20  control.o(.data)
    track_default                            0x20000d68   Data          56  control.o(.data)
    track_speed                              0x20000da0   Data          56  control.o(.data)
    track_position                           0x20000dd8   Data          56  control.o(.data)
    rc_speed                                 0x20000e10   Data          20  control.o(.data)
    rc_speed_show                            0x20000e24   Data          20  control.o(.data)
    pid_speed                                0x20000e38   Data          80  control.o(.data)
    pid_position                             0x20000e88   Data          80  control.o(.data)
    position_speed                           0x20000ed8   Data           4  control.o(.data)
    position_acce                            0x20000edc   Data           4  control.o(.data)
    v0                                       0x20000ee0   Data           4  control.o(.data)
    position_ref_e                           0x20000ee8   Data           8  control.o(.data)
    position_ref_e1                          0x20000ef0   Data           4  control.o(.data)
    iq                                       0x20000ef4   Data           4  control.o(.data)
    rc_iq                                    0x20000ef8   Data          20  control.o(.data)
    adc1_ordinary_valuetab                   0x20000f88   Data         128  adc_port.o(.bss)
    uart_tx_buf                              0x20001848   Data          64  usart_port.o(.bss)
    uart_rx_buf                              0x20001888   Data          64  usart_port.o(.bss)
    usart_hqueue                             0x200018c8   Data          16  usart_port.o(.bss)
    apex_ValueBuff                           0x20001954   Data          16  main_thread.o(.bss)
    sys_param_un                             0x20001964   Data          26  app_user_storage.o(.bss)
    motor_param_un                           0x2000197e   Data         198  app_user_storage.o(.bss)
    default_sys_param_un                     0x20001a44   Data          26  app_user_storage.o(.bss)
    default_mt_un                            0x20001a5e   Data         198  app_user_storage.o(.bss)
    motor_settings                           0x20001b24   Data          32  customer_control.o(.bss)
    regi                                     0x20006110   Data         256  control.o(.bss)
    __libspace_start                         0x20006210   Data          96  libspace.o(.bss)
    __temporary_stack_top$libspace           0x20006270   Data           0  libspace.o(.bss)



==============================================================================

Memory Map of the image

  Image Entry point : 0x08000171

  Load Region LR_IROM1 (Base: 0x08000000, Size: 0x00012e70, Max: 0x00040000, ABSOLUTE, COMPRESSED[0x00012174])

    Execution Region ER_IROM1 (Exec base: 0x08000000, Load base: 0x08000000, Size: 0x00011f58, Max: 0x00040000, ABSOLUTE)

    Exec Addr    Load Addr    Size         Type   Attr      Idx    E Section Name        Object

    0x08000000   0x08000000   0x00000170   Data   RO         4761    RESET               startup_at32f413_ext_ram.o
    0x08000170   0x08000170   0x00000008   Code   RO         6337  * !!!main             c_w.l(__main.o)
    0x08000178   0x08000178   0x00000034   Code   RO         6551    !!!scatter          c_w.l(__scatter.o)
    0x080001ac   0x080001ac   0x0000005a   Code   RO         6549    !!dczerorl2         c_w.l(__dczerorl2.o)
    0x08000206   0x08000206   0x00000002   PAD
    0x08000208   0x08000208   0x0000001c   Code   RO         6553    !!handler_zi        c_w.l(__scatter_zi.o)
    0x08000224   0x08000224   0x00000002   Code   RO         6421    .ARM.Collect$$libinit$$00000000  c_w.l(libinit.o)
    0x08000226   0x08000226   0x00000004   Code   RO         6431    .ARM.Collect$$libinit$$00000001  c_w.l(libinit2.o)
    0x0800022a   0x0800022a   0x00000000   Code   RO         6434    .ARM.Collect$$libinit$$00000004  c_w.l(libinit2.o)
    0x0800022a   0x0800022a   0x00000000   Code   RO         6437    .ARM.Collect$$libinit$$0000000A  c_w.l(libinit2.o)
    0x0800022a   0x0800022a   0x00000000   Code   RO         6439    .ARM.Collect$$libinit$$0000000C  c_w.l(libinit2.o)
    0x0800022a   0x0800022a   0x00000000   Code   RO         6441    .ARM.Collect$$libinit$$0000000E  c_w.l(libinit2.o)
    0x0800022a   0x0800022a   0x00000000   Code   RO         6444    .ARM.Collect$$libinit$$00000011  c_w.l(libinit2.o)
    0x0800022a   0x0800022a   0x00000000   Code   RO         6446    .ARM.Collect$$libinit$$00000013  c_w.l(libinit2.o)
    0x0800022a   0x0800022a   0x00000000   Code   RO         6448    .ARM.Collect$$libinit$$00000015  c_w.l(libinit2.o)
    0x0800022a   0x0800022a   0x00000000   Code   RO         6450    .ARM.Collect$$libinit$$00000017  c_w.l(libinit2.o)
    0x0800022a   0x0800022a   0x00000000   Code   RO         6452    .ARM.Collect$$libinit$$00000019  c_w.l(libinit2.o)
    0x0800022a   0x0800022a   0x00000000   Code   RO         6454    .ARM.Collect$$libinit$$0000001B  c_w.l(libinit2.o)
    0x0800022a   0x0800022a   0x00000000   Code   RO         6456    .ARM.Collect$$libinit$$0000001D  c_w.l(libinit2.o)
    0x0800022a   0x0800022a   0x00000000   Code   RO         6458    .ARM.Collect$$libinit$$0000001F  c_w.l(libinit2.o)
    0x0800022a   0x0800022a   0x00000000   Code   RO         6460    .ARM.Collect$$libinit$$00000021  c_w.l(libinit2.o)
    0x0800022a   0x0800022a   0x00000000   Code   RO         6462    .ARM.Collect$$libinit$$00000023  c_w.l(libinit2.o)
    0x0800022a   0x0800022a   0x00000000   Code   RO         6464    .ARM.Collect$$libinit$$00000025  c_w.l(libinit2.o)
    0x0800022a   0x0800022a   0x00000000   Code   RO         6468    .ARM.Collect$$libinit$$0000002C  c_w.l(libinit2.o)
    0x0800022a   0x0800022a   0x00000000   Code   RO         6470    .ARM.Collect$$libinit$$0000002E  c_w.l(libinit2.o)
    0x0800022a   0x0800022a   0x00000000   Code   RO         6472    .ARM.Collect$$libinit$$00000030  c_w.l(libinit2.o)
    0x0800022a   0x0800022a   0x00000000   Code   RO         6474    .ARM.Collect$$libinit$$00000032  c_w.l(libinit2.o)
    0x0800022a   0x0800022a   0x00000002   Code   RO         6475    .ARM.Collect$$libinit$$00000033  c_w.l(libinit2.o)
    0x0800022c   0x0800022c   0x00000002   Code   RO         6503    .ARM.Collect$$libshutdown$$00000000  c_w.l(libshutdown.o)
    0x0800022e   0x0800022e   0x00000000   Code   RO         6515    .ARM.Collect$$libshutdown$$00000002  c_w.l(libshutdown2.o)
    0x0800022e   0x0800022e   0x00000000   Code   RO         6517    .ARM.Collect$$libshutdown$$00000004  c_w.l(libshutdown2.o)
    0x0800022e   0x0800022e   0x00000000   Code   RO         6520    .ARM.Collect$$libshutdown$$00000007  c_w.l(libshutdown2.o)
    0x0800022e   0x0800022e   0x00000000   Code   RO         6523    .ARM.Collect$$libshutdown$$0000000A  c_w.l(libshutdown2.o)
    0x0800022e   0x0800022e   0x00000000   Code   RO         6525    .ARM.Collect$$libshutdown$$0000000C  c_w.l(libshutdown2.o)
    0x0800022e   0x0800022e   0x00000000   Code   RO         6528    .ARM.Collect$$libshutdown$$0000000F  c_w.l(libshutdown2.o)
    0x0800022e   0x0800022e   0x00000002   Code   RO         6529    .ARM.Collect$$libshutdown$$00000010  c_w.l(libshutdown2.o)
    0x08000230   0x08000230   0x00000000   Code   RO         6377    .ARM.Collect$$rtentry$$00000000  c_w.l(__rtentry.o)
    0x08000230   0x08000230   0x00000000   Code   RO         6392    .ARM.Collect$$rtentry$$00000002  c_w.l(__rtentry2.o)
    0x08000230   0x08000230   0x00000006   Code   RO         6404    .ARM.Collect$$rtentry$$00000004  c_w.l(__rtentry4.o)
    0x08000236   0x08000236   0x00000000   Code   RO         6394    .ARM.Collect$$rtentry$$00000009  c_w.l(__rtentry2.o)
    0x08000236   0x08000236   0x00000004   Code   RO         6395    .ARM.Collect$$rtentry$$0000000A  c_w.l(__rtentry2.o)
    0x0800023a   0x0800023a   0x00000000   Code   RO         6397    .ARM.Collect$$rtentry$$0000000C  c_w.l(__rtentry2.o)
    0x0800023a   0x0800023a   0x00000008   Code   RO         6398    .ARM.Collect$$rtentry$$0000000D  c_w.l(__rtentry2.o)
    0x08000242   0x08000242   0x00000002   Code   RO         6425    .ARM.Collect$$rtexit$$00000000  c_w.l(rtexit.o)
    0x08000244   0x08000244   0x00000000   Code   RO         6477    .ARM.Collect$$rtexit$$00000002  c_w.l(rtexit2.o)
    0x08000244   0x08000244   0x00000004   Code   RO         6478    .ARM.Collect$$rtexit$$00000003  c_w.l(rtexit2.o)
    0x08000248   0x08000248   0x00000006   Code   RO         6479    .ARM.Collect$$rtexit$$00000004  c_w.l(rtexit2.o)
    0x0800024e   0x0800024e   0x00000002   PAD
    0x08000250   0x08000250   0x000000be   Code   RO         5826    .emb_text           port.o
    0x0800030e   0x0800030e   0x00000002   PAD
    0x08000310   0x08000310   0x00000060   Code   RO         4762    .text               startup_at32f413_ext_ram.o
    0x08000370   0x08000370   0x00000002   Code   RO         6319    .text               c_w.l(use_no_semi_2.o)
    0x08000372   0x08000372   0x00000026   Code   RO         6321    .text               c_w.l(llshl.o)
    0x08000398   0x08000398   0x00000026   Code   RO         6323    .text               c_w.l(llsshr.o)
    0x080003be   0x080003be   0x0000008a   Code   RO         6329    .text               c_w.l(rt_memcpy_v6.o)
    0x08000448   0x08000448   0x00000064   Code   RO         6331    .text               c_w.l(rt_memcpy_w.o)
    0x080004ac   0x080004ac   0x00000006   Code   RO         6335    .text               c_w.l(heapauxi.o)
    0x080004b2   0x080004b2   0x00000002   Code   RO         6375    .text               c_w.l(use_no_semi.o)
    0x080004b4   0x080004b4   0x0000004a   Code   RO         6410    .text               c_w.l(sys_stackheap_outer.o)
    0x080004fe   0x080004fe   0x00000012   Code   RO         6414    .text               c_w.l(exit.o)
    0x08000510   0x08000510   0x00000008   Code   RO         6422    .text               c_w.l(libspace.o)
    0x08000518   0x08000518   0x0000002c   Code   RO          796    i.ADC1_2_IRQHandler  adc_port.o
    0x08000544   0x08000544   0x00000084   Code   RO          797    i.ADC_DMA_Init      adc_port.o
    0x080005c8   0x080005c8   0x000000a8   Code   RO          798    i.ADC_Init          adc_port.o
    0x08000670   0x08000670   0x0000007c   Code   RO          799    i.ADC_gpio_config   adc_port.o
    0x080006ec   0x080006ec   0x00000150   Code   RO         1183    i.APEXInit          apex_gc_port.o
    0x0800083c   0x0800083c   0x00000354   Code   RO         1494    i.ApexBarFlashForSet  app_menutask.o
    0x08000b90   0x08000b90   0x00000b94   Code   RO         1495    i.ApexProgressBarFlash  app_menutask.o
    0x08001724   0x08001724   0x00000150   Code   RO         1443    i.App_MotorControl  app_motorcontroltask.o
    0x08001874   0x08001874   0x00000078   Code   RO         1496    i.Bat_ValueBlink    app_menutask.o
    0x080018ec   0x080018ec   0x000000d8   Code   RO         1390    i.BatteryCapacityManage  app_periodictask.o
    0x080019c4   0x080019c4   0x00000004   Code   RO          295    i.BusFault_Handler  at32f413_int.o
    0x080019c8   0x080019c8   0x0000002c   Code   RO          936    i.ButtonInit        key.o
    0x080019f4   0x080019f4   0x0000019c   Code   RO          937    i.ButtonScan        key.o
    0x08001b90   0x08001b90   0x000000f0   Code   RO          892    i.BuzzerInit        buzz_port.o
    0x08001c80   0x08001c80   0x00000034   Code   RO          893    i.BuzzrSimpleSwitch  buzz_port.o
    0x08001cb4   0x08001cb4   0x00000024   Code   RO          296    i.DMA1_Channel1_IRQHandler  at32f413_int.o
    0x08001cd8   0x08001cd8   0x00000016   Code   RO          297    i.DMA1_Channel6_IRQHandler  at32f413_int.o
    0x08001cee   0x08001cee   0x00000016   Code   RO          298    i.DMA1_Channel7_IRQHandler  at32f413_int.o
    0x08001d04   0x08001d04   0x0000002c   Code   RO          299    i.DMA2_Channel1_IRQHandler  at32f413_int.o
    0x08001d30   0x08001d30   0x0000002c   Code   RO          300    i.DMA2_Channel2_IRQHandler  at32f413_int.o
    0x08001d5c   0x08001d5c   0x00000024   Code   RO          301    i.DMA2_Channel3_IRQHandler  at32f413_int.o
    0x08001d80   0x08001d80   0x00000002   Code   RO          302    i.DebugMon_Handler  at32f413_int.o
    0x08001d82   0x08001d82   0x00000002   PAD
    0x08001d84   0x08001d84   0x00000030   Code   RO         1497    i.DeviceOffTimeManage  app_menutask.o
    0x08001db4   0x08001db4   0x00000028   Code   RO            4    i.DeviceParamCheck  main.o
    0x08001ddc   0x08001ddc   0x00000022   Code   RO            5    i.DevicePowerOnSequence  main.o
    0x08001dfe   0x08001dfe   0x00000002   PAD
    0x08001e00   0x08001e00   0x00000190   Code   RO         1498    i.Disp_ApexPreForSet  app_menutask.o
    0x08001f90   0x08001f90   0x00000190   Code   RO         1499    i.Disp_ApexPrepare  app_menutask.o
    0x08002120   0x08002120   0x000000a8   Code   RO         1500    i.Disp_MotorAndApexPrepare  app_menutask.o
    0x080021c8   0x080021c8   0x0000006e   Code   RO         1501    i.Disp_TorqueOnly   app_menutask.o
    0x08002236   0x08002236   0x00000042   Code   RO         1502    i.Disp_TorquePictureInApexAndMotorMode  app_menutask.o
    0x08002278   0x08002278   0x00000220   Code   RO         1503    i.Disp_TorqueProgressBar  app_menutask.o
    0x08002498   0x08002498   0x00000002   Code   RO          303    i.EXINT1_IRQHandler  at32f413_int.o
    0x0800249a   0x0800249a   0x00000002   Code   RO          304    i.EXINT2_IRQHandler  at32f413_int.o
    0x0800249c   0x0800249c   0x00000002   Code   RO          305    i.EXINT3_IRQHandler  at32f413_int.o
    0x0800249e   0x0800249e   0x00000002   Code   RO          306    i.EXINT9_5_IRQHandler  at32f413_int.o
    0x080024a0   0x080024a0   0x000000c4   Code   RO          938    i.FlexButtonInit    key.o
    0x08002564   0x08002564   0x0000003c   Code   RO          939    i.FlexButtonRegister  key.o
    0x080025a0   0x080025a0   0x00000184   Code   RO         1504    i.FreshTorquePictureInApexAndMotorMode  app_menutask.o
    0x08002724   0x08002724   0x00000598   Code   RO         1505    i.GC_ControlMotor   app_menutask.o
    0x08002cbc   0x08002cbc   0x00000030   Code   RO         1305    i.GC_PWM_SwitchTimeManage  main_thread.o
    0x08002cec   0x08002cec   0x00000030   Code   RO         1184    i.GC_depth_vlaue    apex_gc_port.o
    0x08002d1c   0x08002d1c   0x0000002a   Code   RO          941    i.GetButtonLevel    key.o
    0x08002d46   0x08002d46   0x00000002   PAD
    0x08002d48   0x08002d48   0x000000a0   Code   RO         4937    i.GetRealTorque     customer_control.o
    0x08002de8   0x08002de8   0x00000004   Code   RO          307    i.HardFault_Handler  at32f413_int.o
    0x08002dec   0x08002dec   0x00000070   Code   RO         1506    i.HomePageHandle    app_menutask.o
    0x08002e5c   0x08002e5c   0x00000034   Code   RO         4771    i.I2C_Start         mp6570.o
    0x08002e90   0x08002e90   0x00000028   Code   RO         4772    i.I2C_Stop          mp6570.o
    0x08002eb8   0x08002eb8   0x00000054   Code   RO         4773    i.I2C_WaitAck       mp6570.o
    0x08002f0c   0x08002f0c   0x0000003a   Code   RO         4776    i.IIC_WR_Byte       mp6570.o
    0x08002f46   0x08002f46   0x00000002   PAD
    0x08002f48   0x08002f48   0x00000028   Code   RO         4777    i.IIC_WriteRegister  mp6570.o
    0x08002f70   0x08002f70   0x00000010   Code   RO         4778    i.IIC_delay         mp6570.o
    0x08002f80   0x08002f80   0x000000fc   Code   RO         1391    i.InsertStatusMonitor  app_periodictask.o
    0x0800307c   0x0800307c   0x0000007c   Code   RO          942    i.KeyHandle         key.o
    0x080030f8   0x080030f8   0x00000078   Code   RO          693    i.LedFunctionSet    gpio_port.o
    0x08003170   0x08003170   0x00000150   Code   RO          694    i.LedPeriodicProcessing  gpio_port.o
    0x080032c0   0x080032c0   0x00000038   Code   RO          801    i.LevelValue        adc_port.o
    0x080032f8   0x080032f8   0x00000014   Code   RO         1444    i.MOTOR_150US_Callback  app_motorcontroltask.o
    0x0800330c   0x0800330c   0x000002c0   Code   RO         4779    i.MP6570_AutoThetaBias  mp6570.o
    0x080035cc   0x080035cc   0x000000b4   Code   RO         4780    i.MP6570_IICPortInit  mp6570.o
    0x08003680   0x08003680   0x00000138   Code   RO         4781    i.MP6570_PortInit   mp6570.o
    0x080037b8   0x080037b8   0x0000001c   Code   RO         4782    i.MP6570_ReadRegister  mp6570.o
    0x080037d4   0x080037d4   0x00000064   Code   RO         4783    i.MP6570_SetModeToSPI  mp6570.o
    0x08003838   0x08003838   0x00000028   Code   RO         4784    i.MP6570_WriteRegister  mp6570.o
    0x08003860   0x08003860   0x00000004   Code   RO          308    i.MemManage_Handler  at32f413_int.o
    0x08003864   0x08003864   0x0000076c   Code   RO         1507    i.MenuConfigMotorParam  app_menutask.o
    0x08003fd0   0x08003fd0   0x00000038   Code   RO         1508    i.MenuDevicePowerOff  app_menutask.o
    0x08004008   0x08004008   0x00000030   Code   RO         1509    i.MenuIdleTimeManage  app_menutask.o
    0x08004038   0x08004038   0x000002dc   Code   RO         1510    i.MenuMotorParamUpdate  app_menutask.o
    0x08004314   0x08004314   0x000000a6   Code   RO         1511    i.MenuPageTurns     app_menutask.o
    0x080043ba   0x080043ba   0x00000002   PAD
    0x080043bc   0x080043bc   0x0000003c   Code   RO         4938    i.MotorDeviceReset  customer_control.o
    0x080043f8   0x080043f8   0x0000027c   Code   RO         1445    i.MotorParamInit    app_motorcontroltask.o
    0x08004674   0x08004674   0x0000070c   Code   RO         1512    i.MotorRunModeAndTorque  app_menutask.o
    0x08004d80   0x08004d80   0x00000048   Code   RO         1446    i.MotorStatusMonitor  app_motorcontroltask.o
    0x08004dc8   0x08004dc8   0x0000005c   Code   RO          443    i.MotorTimerInit    time_init.o
    0x08004e24   0x08004e24   0x00000002   Code   RO          309    i.NMI_Handler       at32f413_int.o
    0x08004e26   0x08004e26   0x00000002   PAD
    0x08004e28   0x08004e28   0x00000068   Code   RO          444    i.NormalTimerInit   time_init.o
    0x08004e90   0x08004e90   0x00000030   Code   RO          508    i.OLED_Clear        oled_port.o
    0x08004ec0   0x08004ec0   0x00000028   Code   RO          509    i.OLED_Clear_no_fresh  oled_port.o
    0x08004ee8   0x08004ee8   0x0000000c   Code   RO          510    i.OLED_DisPlay_Off  oled_port.o
    0x08004ef4   0x08004ef4   0x0000004c   Code   RO         1513    i.OLED_Display_CHARGING  app_menutask.o
    0x08004f40   0x08004f40   0x00000002   Code   RO         1514    i.OLED_Display_LOGO  app_menutask.o
    0x08004f42   0x08004f42   0x00000002   PAD
    0x08004f44   0x08004f44   0x000000d8   Code   RO         1515    i.OLED_Display_MAIN  app_menutask.o
    0x0800501c   0x0800501c   0x00000044   Code   RO         1516    i.OLED_Display_POWER_OFF  app_menutask.o
    0x08005060   0x08005060   0x000001fc   Code   RO         1517    i.OLED_Display_WORK  app_menutask.o
    0x0800525c   0x0800525c   0x00000010   Code   RO         1518    i.OLED_Display_motorDirection  app_menutask.o
    0x0800526c   0x0800526c   0x00000078   Code   RO          513    i.OLED_DrawPoint    oled_port.o
    0x080052e4   0x080052e4   0x000001e8   Code   RO          514    i.OLED_Init         oled_port.o
    0x080054cc   0x080054cc   0x00000016   Code   RO          515    i.OLED_Pow          oled_port.o
    0x080054e2   0x080054e2   0x00000002   PAD
    0x080054e4   0x080054e4   0x00000114   Code   RO          516    i.OLED_Refresh      oled_port.o
    0x080055f8   0x080055f8   0x0000013c   Code   RO          518    i.OLED_ShowChar     oled_port.o
    0x08005734   0x08005734   0x00000090   Code   RO          520    i.OLED_ShowNum      oled_port.o
    0x080057c4   0x080057c4   0x000000d6   Code   RO          521    i.OLED_ShowPicture  oled_port.o
    0x0800589a   0x0800589a   0x0000006e   Code   RO          522    i.OLED_ShowString   oled_port.o
    0x08005908   0x08005908   0x0000006c   Code   RO          523    i.OLED_WR_Byte      oled_port.o
    0x08005974   0x08005974   0x00000070   Code   RO          524    i.OLED_WR_Data_Bytes  oled_port.o
    0x080059e4   0x080059e4   0x00000456   Code   RO         1519    i.OLED_disp_motor_param  app_menutask.o
    0x08005e3a   0x08005e3a   0x0000002a   Code   RO         1249    i.Queue_Push        app_queue.o
    0x08005e64   0x08005e64   0x00000012   Code   RO          995    i.Resume_RTOS_stick  at32f413_board.o
    0x08005e76   0x08005e76   0x00000002   PAD
    0x08005e78   0x08005e78   0x00000014   Code   RO         4786    i.SDA_Read          mp6570.o
    0x08005e8c   0x08005e8c   0x00000138   Code   RO         4787    i.SPI_ByteRead      mp6570.o
    0x08005fc4   0x08005fc4   0x000000c0   Code   RO         4788    i.SPI_ByteWrite     mp6570.o
    0x08006084   0x08006084   0x0000004c   Code   RO         4789    i.Send_Byte         mp6570.o
    0x080060d0   0x080060d0   0x00000124   Code   RO         1520    i.SubmenuApexControlMode  app_menutask.o
    0x080061f4   0x080061f4   0x00000016   Code   RO         1521    i.SubmenuApexOffeset  app_menutask.o
    0x0800620a   0x0800620a   0x00000002   PAD
    0x0800620c   0x0800620c   0x00000130   Code   RO         1522    i.SubmenuCalibration  app_menutask.o
    0x0800633c   0x0800633c   0x00000064   Code   RO         1523    i.SubmenuEntranceMotorOrApex  app_menutask.o
    0x080063a0   0x080063a0   0x00000060   Code   RO         1524    i.SubmenuHandness   app_menutask.o
    0x08006400   0x08006400   0x000000f4   Code   RO         1525    i.SubmenuMotorParam  app_menutask.o
    0x080064f4   0x080064f4   0x00000704   Code   RO         1526    i.SubmenuPageHandle  app_menutask.o
    0x08006bf8   0x08006bf8   0x000000d0   Code   RO         1527    i.SubmenuPageTurns  app_menutask.o
    0x08006cc8   0x08006cc8   0x000000b4   Code   RO         1528    i.SubmenuRestoreParam  app_menutask.o
    0x08006d7c   0x08006d7c   0x00000012   Code   RO          996    i.Suspend_RTOS_stick  at32f413_board.o
    0x08006d8e   0x08006d8e   0x00000002   PAD
    0x08006d90   0x08006d90   0x00000034   Code   RO         5827    i.SysTick_Handler   port.o
    0x08006dc4   0x08006dc4   0x00000070   Code   RO         4725    i.SystemInit        system_at32f413.o
    0x08006e34   0x08006e34   0x0000001c   Code   RO          310    i.TMR1_TRG_HALL_TMR11_IRQHandler  at32f413_int.o
    0x08006e50   0x08006e50   0x00000020   Code   RO          311    i.TMR3_GLOBAL_IRQHandler  at32f413_int.o
    0x08006e70   0x08006e70   0x00000024   Code   RO          312    i.TMR4_GLOBAL_IRQHandler  at32f413_int.o
    0x08006e94   0x08006e94   0x000004fc   Code   RO         1529    i.TorqueProgressBarFlash  app_menutask.o
    0x08007390   0x08007390   0x0000000c   Code   RO         1530    i.TorqueRangeCheck  app_menutask.o
    0x0800739c   0x0800739c   0x00000038   Code   RO         1092    i.USART1_IRQHandler  usart_port.o
    0x080073d4   0x080073d4   0x00000004   Code   RO          313    i.UsageFault_Handler  at32f413_int.o
    0x080073d8   0x080073d8   0x0000001c   Code   RO          478    i.Wdt_Init          wdt.o
    0x080073f4   0x080073f4   0x0000001e   Code   RO          479    i.Wdt_Reset         wdt.o
    0x08007412   0x08007412   0x00000002   PAD
    0x08007414   0x08007414   0x00000138   Code   RO         1531    i.WorkPageFlash     app_menutask.o
    0x0800754c   0x0800754c   0x00000004   Code   RO         1093    i._sys_exit         usart_port.o
    0x08007550   0x08007550   0x0000002c   Code   RO         1887    i.adc_base_config   at32f413_adc.o
    0x0800757c   0x0800757c   0x0000000e   Code   RO         1888    i.adc_base_default_para_init  at32f413_adc.o
    0x0800758a   0x0800758a   0x0000000c   Code   RO         1889    i.adc_calibration_init  at32f413_adc.o
    0x08007596   0x08007596   0x00000012   Code   RO         1890    i.adc_calibration_init_status_get  at32f413_adc.o
    0x080075a8   0x080075a8   0x0000000c   Code   RO         1891    i.adc_calibration_start  at32f413_adc.o
    0x080075b4   0x080075b4   0x00000012   Code   RO         1892    i.adc_calibration_status_get  at32f413_adc.o
    0x080075c6   0x080075c6   0x00000002   PAD
    0x080075c8   0x080075c8   0x00000014   Code   RO         1893    i.adc_combine_mode_select  at32f413_adc.o
    0x080075dc   0x080075dc   0x0000000a   Code   RO         1895    i.adc_dma_mode_enable  at32f413_adc.o
    0x080075e6   0x080075e6   0x0000000a   Code   RO         1896    i.adc_enable        at32f413_adc.o
    0x080075f0   0x080075f0   0x00000006   Code   RO         1897    i.adc_flag_clear    at32f413_adc.o
    0x080075f6   0x080075f6   0x00000010   Code   RO         1898    i.adc_flag_get      at32f413_adc.o
    0x08007606   0x08007606   0x00000194   Code   RO         1900    i.adc_ordinary_channel_set  at32f413_adc.o
    0x0800779a   0x0800779a   0x00000034   Code   RO         1902    i.adc_ordinary_conversion_trigger_set  at32f413_adc.o
    0x080077ce   0x080077ce   0x0000000a   Code   RO         1905    i.adc_ordinary_software_trigger_enable  at32f413_adc.o
    0x080077d8   0x080077d8   0x00000014   Code   RO         1185    i.apex_depth_calculate  apex_gc_port.o
    0x080077ec   0x080077ec   0x000000d4   Code   RO         1186    i.apex_frequency_set  apex_gc_port.o
    0x080078c0   0x080078c0   0x00000024   Code   RO         1729    i.buffer_compare    app_user_storage.o
    0x080078e4   0x080078e4   0x00000048   Code   RO          894    i.buzz_frequency_set  buzz_port.o
    0x0800792c   0x0800792c   0x00000120   Code   RO          525    i.chargValue        oled_port.o
    0x08007a4c   0x08007a4c   0x00000178   Code   RO          526    i.charg_bgm         oled_port.o
    0x08007bc4   0x08007bc4   0x00000bd8   Code   RO         6210    i.control_loop      MPS_eMotion_Lib.lib(control.o)
    0x0800879c   0x0800879c   0x00000020   Code   RO         2421    i.crm_adc_clock_div_set  at32f413_crm.o
    0x080087bc   0x080087bc   0x00000014   Code   RO         2422    i.crm_ahb_div_set   at32f413_crm.o
    0x080087d0   0x080087d0   0x00000014   Code   RO         2423    i.crm_apb1_div_set  at32f413_crm.o
    0x080087e4   0x080087e4   0x00000014   Code   RO         2424    i.crm_apb2_div_set  at32f413_crm.o
    0x080087f8   0x080087f8   0x00000028   Code   RO         2425    i.crm_auto_step_mode_enable  at32f413_crm.o
    0x08008820   0x08008820   0x00000060   Code   RO         2431    i.crm_clock_source_enable  at32f413_crm.o
    0x08008880   0x08008880   0x00000030   Code   RO         2434    i.crm_flag_get      at32f413_crm.o
    0x080088b0   0x080088b0   0x0000002e   Code   RO         2436    i.crm_hext_stable_wait  at32f413_crm.o
    0x080088de   0x080088de   0x00000002   PAD
    0x080088e0   0x080088e0   0x00000044   Code   RO         2443    i.crm_periph_clock_enable  at32f413_crm.o
    0x08008924   0x08008924   0x0000006c   Code   RO         2446    i.crm_pll_config    at32f413_crm.o
    0x08008990   0x08008990   0x00000058   Code   RO         2447    i.crm_reset         at32f413_crm.o
    0x080089e8   0x080089e8   0x00000014   Code   RO         2450    i.crm_sysclk_switch  at32f413_crm.o
    0x080089fc   0x080089fc   0x00000010   Code   RO         2451    i.crm_sysclk_switch_status_get  at32f413_crm.o
    0x08008a0c   0x08008a0c   0x00000274   Code   RO         4939    i.customer_control  customer_control.o
    0x08008c80   0x08008c80   0x000002b0   Code   RO         1730    i.default_para_write_buff  app_user_storage.o
    0x08008f30   0x08008f30   0x00000040   Code   RO         5071    i.delay_1ms         delay.o
    0x08008f70   0x08008f70   0x00000064   Code   RO          997    i.delay_init        at32f413_board.o
    0x08008fd4   0x08008fd4   0x00000010   Code   RO          695    i.device_power_off  gpio_port.o
    0x08008fe4   0x08008fe4   0x00000010   Code   RO          696    i.device_power_on   gpio_port.o
    0x08008ff4   0x08008ff4   0x00000028   Code   RO          528    i.disp_DrawColumn   oled_port.o
    0x0800901c   0x0800901c   0x00000028   Code   RO          529    i.disp_DrawRow      oled_port.o
    0x08009044   0x08009044   0x00000168   Code   RO          530    i.disp_batValue     oled_port.o
    0x080091ac   0x080091ac   0x0000000a   Code   RO         2674    i.dma_channel_enable  at32f413_dma.o
    0x080091b6   0x080091b6   0x00000018   Code   RO         2677    i.dma_default_para_init  at32f413_dma.o
    0x080091ce   0x080091ce   0x00000002   PAD
    0x080091d0   0x080091d0   0x00000020   Code   RO         2678    i.dma_flag_clear    at32f413_dma.o
    0x080091f0   0x080091f0   0x0000002c   Code   RO         2679    i.dma_flag_get      at32f413_dma.o
    0x0800921c   0x0800921c   0x0000005c   Code   RO         2681    i.dma_init          at32f413_dma.o
    0x08009278   0x08009278   0x00000012   Code   RO         2682    i.dma_interrupt_enable  at32f413_dma.o
    0x0800928a   0x0800928a   0x00000002   PAD
    0x0800928c   0x0800928c   0x00000070   Code   RO         2683    i.dma_reset         at32f413_dma.o
    0x080092fc   0x080092fc   0x00000054   Code   RO         6211    i.error_led_times   MPS_eMotion_Lib.lib(control.o)
    0x08009350   0x08009350   0x00000024   Code   RO            6    i.extend_sram       main.o
    0x08009374   0x08009374   0x00000010   Code   RO         2823    i.flash_fap_status_get  at32f413_flash.o
    0x08009384   0x08009384   0x0000002c   Code   RO         2824    i.flash_flag_clear  at32f413_flash.o
    0x080093b0   0x080093b0   0x00000074   Code   RO         2826    i.flash_halfword_program  at32f413_flash.o
    0x08009424   0x08009424   0x00000014   Code   RO         2829    i.flash_lock        at32f413_flash.o
    0x08009438   0x08009438   0x00000034   Code   RO         2830    i.flash_operation_status_get  at32f413_flash.o
    0x0800946c   0x0800946c   0x00000024   Code   RO         2831    i.flash_operation_wait_for  at32f413_flash.o
    0x08009490   0x08009490   0x0000001a   Code   RO         1052    i.flash_read        flash.o
    0x080094aa   0x080094aa   0x00000002   PAD
    0x080094ac   0x080094ac   0x0000008c   Code   RO         2832    i.flash_sector_erase  at32f413_flash.o
    0x08009538   0x08009538   0x00000034   Code   RO         2844    i.flash_spim_operation_status_get  at32f413_flash.o
    0x0800956c   0x0800956c   0x00000024   Code   RO         2845    i.flash_spim_operation_wait_for  at32f413_flash.o
    0x08009590   0x08009590   0x00000018   Code   RO         2849    i.flash_unlock      at32f413_flash.o
    0x080095a8   0x080095a8   0x00000098   Code   RO         2850    i.flash_user_system_data_erase  at32f413_flash.o
    0x08009640   0x08009640   0x00000068   Code   RO         2851    i.flash_user_system_data_program  at32f413_flash.o
    0x080096a8   0x080096a8   0x00000120   Code   RO         1053    i.flash_write       flash.o
    0x080097c8   0x080097c8   0x00000038   Code   RO         1054    i.flash_write_nocheck  flash.o
    0x08009800   0x08009800   0x0000003c   Code   RO          802    i.fresh_adc_value   adc_port.o
    0x0800983c   0x0800983c   0x00000444   Code   RO         1187    i.gc_calc_wl        apex_gc_port.o
    0x08009c80   0x08009c80   0x00000024   Code   RO         1188    i.gc_in_or_exit     apex_gc_port.o
    0x08009ca4   0x08009ca4   0x00000bdc   Code   RO         1189    i.gc_list_init      apex_gc_port.o
    0x0800a880   0x0800a880   0x00000018   Code   RO          697    i.get_add_button_state  gpio_port.o
    0x0800a898   0x0800a898   0x00000014   Code   RO          698    i.get_charge_state  gpio_port.o
    0x0800a8ac   0x0800a8ac   0x0000000c   Code   RO          803    i.get_gc_400_value  adc_port.o
    0x0800a8b8   0x0800a8b8   0x0000000c   Code   RO          804    i.get_gc_8k_value   adc_port.o
    0x0800a8c4   0x0800a8c4   0x00000018   Code   RO          699    i.get_gc_state      gpio_port.o
    0x0800a8dc   0x0800a8dc   0x00000014   Code   RO          700    i.get_insert_state  gpio_port.o
    0x0800a8f0   0x0800a8f0   0x00000014   Code   RO          701    i.get_run_button_state  gpio_port.o
    0x0800a904   0x0800a904   0x00000018   Code   RO          702    i.get_s_button_state  gpio_port.o
    0x0800a91c   0x0800a91c   0x00000018   Code   RO          703    i.get_sub_button_state  gpio_port.o
    0x0800a934   0x0800a934   0x0000003c   Code   RO          806    i.get_vbat_value    adc_port.o
    0x0800a970   0x0800a970   0x00000004   Code   RO         3047    i.gpio_bits_reset   at32f413_gpio.o
    0x0800a974   0x0800a974   0x00000004   Code   RO         3048    i.gpio_bits_set     at32f413_gpio.o
    0x0800a978   0x0800a978   0x00000016   Code   RO         3050    i.gpio_default_para_init  at32f413_gpio.o
    0x0800a98e   0x0800a98e   0x000000a8   Code   RO         3054    i.gpio_init         at32f413_gpio.o
    0x0800aa36   0x0800aa36   0x00000012   Code   RO         3055    i.gpio_input_data_bit_read  at32f413_gpio.o
    0x0800aa48   0x0800aa48   0x0000004c   Code   RO         3060    i.gpio_pin_remap_config  at32f413_gpio.o
    0x0800aa94   0x0800aa94   0x00000008   Code   RO          704    i.gpio_pins_toggle  gpio_port.o
    0x0800aa9c   0x0800aa9c   0x00000298   Code   RO         4943    i.init_registers    customer_control.o
    0x0800ad34   0x0800ad34   0x00000068   Code   RO          705    i.led_op            gpio_port.o
    0x0800ad9c   0x0800ad9c   0x00000070   Code   RO            7    i.main              main.o
    0x0800ae0c   0x0800ae0c   0x00000094   Code   RO          531    i.main_dir_fill     oled_port.o
    0x0800aea0   0x0800aea0   0x00000028   Code   RO         4944    i.mode_select       customer_control.o
    0x0800aec8   0x0800aec8   0x00000138   Code   RO         4790    i.mp6570_init       mp6570.o
    0x0800b000   0x0800b000   0x000000c8   Code   RO         3366    i.nvic_irq_enable   at32f413_misc.o
    0x0800b0c8   0x0800b0c8   0x00000028   Code   RO         3368    i.nvic_priority_group_config  at32f413_misc.o
    0x0800b0f0   0x0800b0f0   0x0000002c   Code   RO         3369    i.nvic_system_reset  at32f413_misc.o
    0x0800b11c   0x0800b11c   0x00000044   Code   RO         1731    i.para_copy_default  app_user_storage.o
    0x0800b160   0x0800b160   0x00000002   Code   RO         1732    i.para_print        app_user_storage.o
    0x0800b162   0x0800b162   0x00000002   PAD
    0x0800b164   0x0800b164   0x00000044   Code   RO            8    i.peripheral_init   main.o
    0x0800b1a8   0x0800b1a8   0x0000018c   Code   RO         6284    i.pid_calc          MPS_eMotion_Lib.lib(pid.o)
    0x0800b334   0x0800b334   0x000000c0   Code   RO         5316    i.prvAddCurrentTaskToDelayedList  tasks.o
    0x0800b3f4   0x0800b3f4   0x000000e4   Code   RO         5317    i.prvAddNewTaskToReadyList  tasks.o
    0x0800b4d8   0x0800b4d8   0x0000004c   Code   RO         5620    i.prvCheckForValidListAndQueue  timers.o
    0x0800b524   0x0800b524   0x00000048   Code   RO         5318    i.prvCheckTasksWaitingTermination  tasks.o
    0x0800b56c   0x0800b56c   0x0000002a   Code   RO         5159    i.prvCopyDataFromQueue  queue.o
    0x0800b596   0x0800b596   0x0000006a   Code   RO         5160    i.prvCopyDataToQueue  queue.o
    0x0800b600   0x0800b600   0x00000012   Code   RO         5319    i.prvDeleteTCB      tasks.o
    0x0800b612   0x0800b612   0x00000002   PAD
    0x0800b614   0x0800b614   0x00000028   Code   RO         5621    i.prvGetNextExpireTime  timers.o
    0x0800b63c   0x0800b63c   0x00000038   Code   RO         5897    i.prvHeapInit       heap_2.o
    0x0800b674   0x0800b674   0x00000028   Code   RO         5320    i.prvIdleTask       tasks.o
    0x0800b69c   0x0800b69c   0x00000026   Code   RO         5161    i.prvInitialiseNewQueue  queue.o
    0x0800b6c2   0x0800b6c2   0x0000008a   Code   RO         5321    i.prvInitialiseNewTask  tasks.o
    0x0800b74c   0x0800b74c   0x00000068   Code   RO         5322    i.prvInitialiseTaskLists  tasks.o
    0x0800b7b4   0x0800b7b4   0x00000058   Code   RO         5623    i.prvInsertTimerInActiveList  timers.o
    0x0800b80c   0x0800b80c   0x0000001a   Code   RO         5162    i.prvIsQueueEmpty   queue.o
    0x0800b826   0x0800b826   0x0000001e   Code   RO         5163    i.prvIsQueueFull    queue.o
    0x0800b844   0x0800b844   0x00000044   Code   RO         5624    i.prvProcessExpiredTimer  timers.o
    0x0800b888   0x0800b888   0x000000f8   Code   RO         5625    i.prvProcessReceivedCommands  timers.o
    0x0800b980   0x0800b980   0x00000074   Code   RO         5626    i.prvProcessTimerOrBlockTask  timers.o
    0x0800b9f4   0x0800b9f4   0x00000028   Code   RO         5627    i.prvReloadTimer    timers.o
    0x0800ba1c   0x0800ba1c   0x00000030   Code   RO         5323    i.prvResetNextTaskUnblockTime  tasks.o
    0x0800ba4c   0x0800ba4c   0x0000002c   Code   RO         5628    i.prvSampleTimeNow  timers.o
    0x0800ba78   0x0800ba78   0x00000044   Code   RO         5629    i.prvSwitchTimerLists  timers.o
    0x0800babc   0x0800babc   0x00000016   Code   RO         5828    i.prvTaskExitError  port.o
    0x0800bad2   0x0800bad2   0x00000002   PAD
    0x0800bad4   0x0800bad4   0x00000040   Code   RO         5324    i.prvTaskIsTaskSuspended  tasks.o
    0x0800bb14   0x0800bb14   0x0000001e   Code   RO         5758    i.prvTestWaitCondition  event_groups.o
    0x0800bb32   0x0800bb32   0x0000001a   Code   RO         5630    i.prvTimerTask      timers.o
    0x0800bb4c   0x0800bb4c   0x0000007e   Code   RO         5164    i.prvUnlockQueue    queue.o
    0x0800bbca   0x0800bbca   0x00000002   PAD
    0x0800bbcc   0x0800bbcc   0x000000d0   Code   RO         5898    i.pvPortMalloc      heap_2.o
    0x0800bc9c   0x0800bc9c   0x0000002c   Code   RO         5829    i.pxPortInitialiseStack  port.o
    0x0800bcc8   0x0800bcc8   0x00000038   Code   RO         6293    i.rc_calc           MPS_eMotion_Lib.lib(rc_filter.o)
    0x0800bd00   0x0800bd00   0x000001e4   Code   RO         6212    i.reset_parameters  MPS_eMotion_Lib.lib(control.o)
    0x0800bee4   0x0800bee4   0x00000180   Code   RO         6213    i.reset_ref_and_loop  MPS_eMotion_Lib.lib(control.o)
    0x0800c064   0x0800c064   0x0000000c   Code   RO          807    i.restart_adc_sampling  adc_port.o
    0x0800c070   0x0800c070   0x00000028   Code   RO         4945    i.set_position      customer_control.o
    0x0800c098   0x0800c098   0x00000020   Code   RO         4791    i.set_r_in          mp6570.o
    0x0800c0b8   0x0800c0b8   0x0000002c   Code   RO         4792    i.set_r_out         mp6570.o
    0x0800c0e4   0x0800c0e4   0x00000030   Code   RO         4946    i.set_speed         customer_control.o
    0x0800c114   0x0800c114   0x0000001c   Code   RO         4948    i.set_toggle_mode_speed  customer_control.o
    0x0800c130   0x0800c130   0x00000078   Code   RO         4949    i.set_torque_limit  customer_control.o
    0x0800c1a8   0x0800c1a8   0x00000016   Code   RO         3779    i.spi_default_para_init  at32f413_spi.o
    0x0800c1be   0x0800c1be   0x0000000a   Code   RO         3780    i.spi_enable        at32f413_spi.o
    0x0800c1c8   0x0800c1c8   0x00000008   Code   RO         3784    i.spi_i2s_data_receive  at32f413_spi.o
    0x0800c1d0   0x0800c1d0   0x00000004   Code   RO         3785    i.spi_i2s_data_transmit  at32f413_spi.o
    0x0800c1d4   0x0800c1d4   0x00000010   Code   RO         3789    i.spi_i2s_flag_get  at32f413_spi.o
    0x0800c1e4   0x0800c1e4   0x00000124   Code   RO         3792    i.spi_init          at32f413_spi.o
    0x0800c308   0x0800c308   0x00000104   Code   RO          533    i.spi_lcd_init      oled_port.o
    0x0800c40c   0x0800c40c   0x00000018   Code   RO         4950    i.start             customer_control.o
    0x0800c424   0x0800c424   0x00000048   Code   RO          808    i.start_adc_acquisition  adc_port.o
    0x0800c46c   0x0800c46c   0x0000006c   Code   RO         1733    i.start_para_write_read  app_user_storage.o
    0x0800c4d8   0x0800c4d8   0x00000018   Code   RO         4951    i.stop              customer_control.o
    0x0800c4f0   0x0800c4f0   0x00000090   Code   RO          271    i.system_clock_config  at32f413_clock.o
    0x0800c580   0x0800c580   0x000000e8   Code   RO         4726    i.system_core_clock_update  system_at32f413.o
    0x0800c668   0x0800c668   0x00000028   Code   RO         3371    i.systick_clock_source_config  at32f413_misc.o
    0x0800c690   0x0800c690   0x0000011c   Code   RO         1532    i.timerCountDown    app_menutask.o
    0x0800c7ac   0x0800c7ac   0x00000010   Code   RO         3928    i.tmr_base_init     at32f413_tmr.o
    0x0800c7bc   0x0800c7bc   0x00000028   Code   RO         3936    i.tmr_channel_value_set  at32f413_tmr.o
    0x0800c7e4   0x0800c7e4   0x0000000a   Code   RO         3937    i.tmr_clock_source_div_set  at32f413_tmr.o
    0x0800c7ee   0x0800c7ee   0x0000000a   Code   RO         3938    i.tmr_cnt_dir_set   at32f413_tmr.o
    0x0800c7f8   0x0800c7f8   0x0000000a   Code   RO         3939    i.tmr_counter_enable  at32f413_tmr.o
    0x0800c802   0x0800c802   0x00000006   Code   RO         3951    i.tmr_flag_clear    at32f413_tmr.o
    0x0800c808   0x0800c808   0x00000012   Code   RO         3952    i.tmr_flag_get      at32f413_tmr.o
    0x0800c81a   0x0800c81a   0x00000016   Code   RO         3960    i.tmr_interrupt_enable  at32f413_tmr.o
    0x0800c830   0x0800c830   0x00000042   Code   RO         3962    i.tmr_output_channel_buffer_enable  at32f413_tmr.o
    0x0800c872   0x0800c872   0x000001a0   Code   RO         3963    i.tmr_output_channel_config  at32f413_tmr.o
    0x0800ca12   0x0800ca12   0x00000012   Code   RO         3968    i.tmr_output_default_para_init  at32f413_tmr.o
    0x0800ca24   0x0800ca24   0x0000000a   Code   RO         3972    i.tmr_period_buffer_enable  at32f413_tmr.o
    0x0800ca2e   0x0800ca2e   0x00000002   PAD
    0x0800ca30   0x0800ca30   0x00000150   Code   RO         4952    i.toggle_torque_reach  customer_control.o
    0x0800cb80   0x0800cb80   0x00000110   Code   RO         4953    i.torque_reach      customer_control.o
    0x0800cc90   0x0800cc90   0x0000004e   Code   RO         6305    i.tracking_calc     MPS_eMotion_Lib.lib(tracking_filter.o)
    0x0800ccde   0x0800ccde   0x00000036   Code   RO         4954    i.update_settings   customer_control.o
    0x0800cd14   0x0800cd14   0x0000007c   Code   RO         6214    i.update_status     MPS_eMotion_Lib.lib(control.o)
    0x0800cd90   0x0800cd90   0x00000008   Code   RO         4279    i.usart_data_receive  at32f413_usart.o
    0x0800cd98   0x0800cd98   0x00000012   Code   RO         4284    i.usart_flag_clear  at32f413_usart.o
    0x0800cdaa   0x0800cdaa   0x00000010   Code   RO         4285    i.usart_flag_get    at32f413_usart.o
    0x0800cdba   0x0800cdba   0x00000002   PAD
    0x0800cdbc   0x0800cdbc   0x00000114   Code   RO          706    i.user_gpio_init    gpio_port.o
    0x0800ced0   0x0800ced0   0x00000028   Code   RO         5114    i.uxListRemove      list.o
    0x0800cef8   0x0800cef8   0x0000001c   Code   RO         5330    i.uxTaskResetEventItemValue  tasks.o
    0x0800cf14   0x0800cf14   0x00000538   Code   RO         1306    i.vApexGC_Task      main_thread.o
    0x0800d44c   0x0800d44c   0x00000284   Code   RO         1307    i.vAppBeepTemporaryTask  main_thread.o
    0x0800d6d0   0x0800d6d0   0x000000d0   Code   RO         1308    i.vAppKeyTask       main_thread.o
    0x0800d7a0   0x0800d7a0   0x00000808   Code   RO         1533    i.vAppMenuManageTask  app_menutask.o
    0x0800dfa8   0x0800dfa8   0x00000020   Code   RO         1447    i.vAppMotorControlTask  app_motorcontroltask.o
    0x0800dfc8   0x0800dfc8   0x000000a0   Code   RO         1392    i.vAppPeriodicTask  app_periodictask.o
    0x0800e068   0x0800e068   0x0000001a   Code   RO         5115    i.vListInitialise   list.o
    0x0800e082   0x0800e082   0x00000006   Code   RO         5116    i.vListInitialiseItem  list.o
    0x0800e088   0x0800e088   0x00000034   Code   RO         5117    i.vListInsert       list.o
    0x0800e0bc   0x0800e0bc   0x00000018   Code   RO         5118    i.vListInsertEnd    list.o
    0x0800e0d4   0x0800e0d4   0x00000024   Code   RO         5831    i.vPortEnterCritical  port.o
    0x0800e0f8   0x0800e0f8   0x00000020   Code   RO         5832    i.vPortExitCritical  port.o
    0x0800e118   0x0800e118   0x00000040   Code   RO         5899    i.vPortFree         heap_2.o
    0x0800e158   0x0800e158   0x00000018   Code   RO         5833    i.vPortSetupTimerInterrupt  port.o
    0x0800e170   0x0800e170   0x0000004a   Code   RO         5169    i.vQueueWaitForMessageRestricted  queue.o
    0x0800e1ba   0x0800e1ba   0x00000002   PAD
    0x0800e1bc   0x0800e1bc   0x000001c4   Code   RO         1309    i.vSysWDT_ManageTask  main_thread.o
    0x0800e380   0x0800e380   0x00000034   Code   RO         5331    i.vTaskDelay        tasks.o
    0x0800e3b4   0x0800e3b4   0x000000cc   Code   RO         5332    i.vTaskDelete       tasks.o
    0x0800e480   0x0800e480   0x00000018   Code   RO         5335    i.vTaskInternalSetTimeOutState  tasks.o
    0x0800e498   0x0800e498   0x0000000c   Code   RO         5336    i.vTaskMissedYield  tasks.o
    0x0800e4a4   0x0800e4a4   0x00000020   Code   RO         5337    i.vTaskPlaceOnEventList  tasks.o
    0x0800e4c4   0x0800e4c4   0x0000004c   Code   RO         5338    i.vTaskPlaceOnEventListRestricted  tasks.o
    0x0800e510   0x0800e510   0x00000050   Code   RO         5339    i.vTaskPlaceOnUnorderedEventList  tasks.o
    0x0800e560   0x0800e560   0x000000d0   Code   RO         5341    i.vTaskRemoveFromUnorderedEventList  tasks.o
    0x0800e630   0x0800e630   0x000000ac   Code   RO         5342    i.vTaskResume       tasks.o
    0x0800e6dc   0x0800e6dc   0x000001b4   Code   RO         1310    i.vTaskStart        main_thread.o
    0x0800e890   0x0800e890   0x00000078   Code   RO         5344    i.vTaskStartScheduler  tasks.o
    0x0800e908   0x0800e908   0x000000d8   Code   RO         5345    i.vTaskSuspend      tasks.o
    0x0800e9e0   0x0800e9e0   0x00000010   Code   RO         5346    i.vTaskSuspendAll   tasks.o
    0x0800e9f0   0x0800e9f0   0x00000060   Code   RO         5347    i.vTaskSwitchContext  tasks.o
    0x0800ea50   0x0800ea50   0x00000010   Code   RO         4605    i.wdt_counter_reload  at32f413_wdt.o
    0x0800ea60   0x0800ea60   0x00000014   Code   RO         4606    i.wdt_divider_set   at32f413_wdt.o
    0x0800ea74   0x0800ea74   0x00000010   Code   RO         4607    i.wdt_enable        at32f413_wdt.o
    0x0800ea84   0x0800ea84   0x00000018   Code   RO         4609    i.wdt_register_write_enable  at32f413_wdt.o
    0x0800ea9c   0x0800ea9c   0x0000000c   Code   RO         4610    i.wdt_reload_value_set  at32f413_wdt.o
    0x0800eaa8   0x0800eaa8   0x0000004c   Code   RO         1734    i.write_para_judge  app_user_storage.o
    0x0800eaf4   0x0800eaf4   0x00000020   Code   RO         5762    i.xEventGroupClearBits  event_groups.o
    0x0800eb14   0x0800eb14   0x0000001a   Code   RO         5763    i.xEventGroupCreate  event_groups.o
    0x0800eb2e   0x0800eb2e   0x00000092   Code   RO         5765    i.xEventGroupSetBits  event_groups.o
    0x0800ebc0   0x0800ebc0   0x000000cc   Code   RO         5767    i.xEventGroupWaitBits  event_groups.o
    0x0800ec8c   0x0800ec8c   0x00000048   Code   RO         5834    i.xPortStartScheduler  port.o
    0x0800ecd4   0x0800ecd4   0x0000004c   Code   RO         5170    i.xQueueGenericCreate  queue.o
    0x0800ed20   0x0800ed20   0x000000a0   Code   RO         5171    i.xQueueGenericReset  queue.o
    0x0800edc0   0x0800edc0   0x00000118   Code   RO         5172    i.xQueueGenericSend  queue.o
    0x0800eed8   0x0800eed8   0x00000104   Code   RO         5179    i.xQueueReceive     queue.o
    0x0800efdc   0x0800efdc   0x000000f0   Code   RO         5181    i.xQueueSemaphoreTake  queue.o
    0x0800f0cc   0x0800f0cc   0x00000060   Code   RO         5349    i.xTaskCheckForTimeOut  tasks.o
    0x0800f12c   0x0800f12c   0x00000060   Code   RO         5350    i.xTaskCreate       tasks.o
    0x0800f18c   0x0800f18c   0x0000000c   Code   RO         5357    i.xTaskGetTickCount  tasks.o
    0x0800f198   0x0800f198   0x00000190   Code   RO         5359    i.xTaskIncrementTick  tasks.o
    0x0800f328   0x0800f328   0x00000108   Code   RO         5360    i.xTaskRemoveFromEventList  tasks.o
    0x0800f430   0x0800f430   0x0000015c   Code   RO         5361    i.xTaskResumeAll    tasks.o
    0x0800f58c   0x0800f58c   0x0000003c   Code   RO         5636    i.xTimerCreateTimerTask  timers.o
    0x0800f5c8   0x0800f5c8   0x00000018   Code   RO         6339    x$fpl$basic         fz_wm.l(basic.o)
    0x0800f5e0   0x0800f5e0   0x00000062   Code   RO         6341    x$fpl$d2f           fz_wm.l(d2f.o)
    0x0800f642   0x0800f642   0x00000002   PAD
    0x0800f644   0x0800f644   0x00000150   Code   RO         6343    x$fpl$dadd          fz_wm.l(daddsub_clz.o)
    0x0800f794   0x0800f794   0x00000018   Code   RO         6380    x$fpl$dcmpinf       fz_wm.l(dcmpi.o)
    0x0800f7ac   0x0800f7ac   0x000002b0   Code   RO         6350    x$fpl$ddiv          fz_wm.l(ddiv.o)
    0x0800fa5c   0x0800fa5c   0x0000005e   Code   RO         6353    x$fpl$dfix          fz_wm.l(dfix.o)
    0x0800faba   0x0800faba   0x00000002   PAD
    0x0800fabc   0x0800fabc   0x0000005a   Code   RO         6357    x$fpl$dfixu         fz_wm.l(dfixu.o)
    0x0800fb16   0x0800fb16   0x0000002e   Code   RO         6362    x$fpl$dflt          fz_wm.l(dflt_clz.o)
    0x0800fb44   0x0800fb44   0x00000026   Code   RO         6361    x$fpl$dfltu         fz_wm.l(dflt_clz.o)
    0x0800fb6a   0x0800fb6a   0x00000002   PAD
    0x0800fb6c   0x0800fb6c   0x00000078   Code   RO         6367    x$fpl$dleqf         fz_wm.l(dleqf.o)
    0x0800fbe4   0x0800fbe4   0x00000154   Code   RO         6369    x$fpl$dmul          fz_wm.l(dmul.o)
    0x0800fd38   0x0800fd38   0x0000009c   Code   RO         6382    x$fpl$dnaninf       fz_wm.l(dnaninf.o)
    0x0800fdd4   0x0800fdd4   0x0000000c   Code   RO         6384    x$fpl$dretinf       fz_wm.l(dretinf.o)
    0x0800fde0   0x0800fde0   0x0000006c   Code   RO         6371    x$fpl$drleqf        fz_wm.l(drleqf.o)
    0x0800fe4c   0x0800fe4c   0x000001d4   Code   RO         6345    x$fpl$dsub          fz_wm.l(daddsub_clz.o)
    0x08010020   0x08010020   0x00000056   Code   RO         6373    x$fpl$f2d           fz_wm.l(f2d.o)
    0x08010076   0x08010076   0x0000008c   Code   RO         6386    x$fpl$fnaninf       fz_wm.l(fnaninf.o)
    0x08010102   0x08010102   0x0000000a   Code   RO         6491    x$fpl$fpinit        fz_wm.l(fpinit.o)
    0x0801010c   0x0801010c   0x0000000a   Code   RO         6388    x$fpl$fretinf       fz_wm.l(fretinf.o)
    0x08010116   0x08010116   0x00000000   Code   RO         6390    x$fpl$usenofp       fz_wm.l(usenofp.o)
    0x08010116   0x08010116   0x00001e10   Data   RO          536    .constdata          oled_port.o
    0x08011f26   0x08011f26   0x00000010   Data   RO         4727    .constdata          system_at32f413.o
    0x08011f36   0x08011f36   0x00000002   PAD
    0x08011f38   0x08011f38   0x00000020   Data   RO         6547    Region$$Table       anon$$obj.o


    Execution Region RW_IRAM1 (Exec base: 0x20000000, Load base: 0x08011f58, Size: 0x00007270, Max: 0x00008000, ABSOLUTE, COMPRESSED[0x0000021c])

    Exec Addr    Load Addr    Size         Type   Attr      Idx    E Section Name        Object

    0x20000000   COMPRESSED   0x00000006   Data   RW           10    .data               main.o
    0x20000006   COMPRESSED   0x00000964   Data   RW          537    .data               oled_port.o
    0x2000096a   COMPRESSED   0x00000006   PAD
    0x20000970   COMPRESSED   0x00000018   Data   RW          810    .data               adc_port.o
    0x20000988   COMPRESSED   0x00000002   Data   RW          897    .data               buzz_port.o
    0x2000098a   COMPRESSED   0x00000002   PAD
    0x2000098c   COMPRESSED   0x00000004   Data   RW          944    .data               key.o
    0x20000990   COMPRESSED   0x0000000c   Data   RW         1001    .data               at32f413_board.o
    0x2000099c   COMPRESSED   0x00000010   Data   RW         1191    .data               apex_gc_port.o
    0x200009ac   COMPRESSED   0x0000004f   Data   RW         1312    .data               main_thread.o
    0x200009fb   COMPRESSED   0x00000001   PAD
    0x200009fc   COMPRESSED   0x00000010   Data   RW         1393    .data               app_periodictask.o
    0x20000a0c   COMPRESSED   0x00000008   Data   RW         1448    .data               app_motorcontroltask.o
    0x20000a14   COMPRESSED   0x000000e8   Data   RW         1534    .data               app_menutask.o
    0x20000afc   COMPRESSED   0x00000004   Data   RW         4728    .data               system_at32f413.o
    0x20000b00   COMPRESSED   0x00000100   Data   RW         4793    .data               mp6570.o
    0x20000c00   COMPRESSED   0x0000002d   Data   RW         4956    .data               customer_control.o
    0x20000c2d   COMPRESSED   0x00000001   Data   RW         5073    .data               delay.o
    0x20000c2e   COMPRESSED   0x00000002   PAD
    0x20000c30   COMPRESSED   0x00000040   Data   RW         5364    .data               tasks.o
    0x20000c70   COMPRESSED   0x00000014   Data   RW         5643    .data               timers.o
    0x20000c84   COMPRESSED   0x00000004   Data   RW         5835    .data               port.o
    0x20000c88   COMPRESSED   0x00000018   Data   RW         5903    .data               heap_2.o
    0x20000ca0   COMPRESSED   0x00000276   Data   RW         6216    .data               MPS_eMotion_Lib.lib(control.o)
    0x20000f16   COMPRESSED   0x00000002   PAD
    0x20000f18        -       0x00000050   Zero   RW          535    .bss                oled_port.o
    0x20000f68        -       0x00000020   Zero   RW          707    .bss                gpio_port.o
    0x20000f88        -       0x00000090   Zero   RW          809    .bss                adc_port.o
    0x20001018        -       0x00000030   Zero   RW          943    .bss                key.o
    0x20001048        -       0x00000800   Zero   RW         1055    .bss                flash.o
    0x20001848        -       0x00000090   Zero   RW         1100    .bss                usart_port.o
    0x200018d8        -       0x0000007c   Zero   RW         1190    .bss                apex_gc_port.o
    0x20001954        -       0x00000010   Zero   RW         1311    .bss                main_thread.o
    0x20001964        -       0x000001c0   Zero   RW         1735    .bss                app_user_storage.o
    0x20001b24        -       0x00000020   Zero   RW         4955    .bss                customer_control.o
    0x20001b44        -       0x000001a4   Zero   RW         5363    .bss                tasks.o
    0x20001ce8        -       0x00000028   Zero   RW         5642    .bss                timers.o
    0x20001d10        -       0x00004400   Zero   RW         5902    .bss                heap_2.o
    0x20006110        -       0x00000100   Zero   RW         6215    .bss                MPS_eMotion_Lib.lib(control.o)
    0x20006210        -       0x00000060   Zero   RW         6423    .bss                c_w.l(libspace.o)
    0x20006270        -       0x00000800   Zero   RW         4760    HEAP                startup_at32f413_ext_ram.o
    0x20006a70        -       0x00000800   Zero   RW         4759    STACK               startup_at32f413_ext_ram.o


==============================================================================

Image component sizes


      Code (inc. data)   RO Data    RW Data    ZI Data      Debug   Object Name

       752         86          0         24        144       9381   adc_port.o
      4780        286          0         16        124       7539   apex_gc_port.o
     21488       1198          0        232          0      44867   app_menutask.o
      1096         86          0          8          0       4186   app_motorcontroltask.o
       628         52          0         16          0       2737   app_periodictask.o
        42          0          0          0          0       1221   app_queue.o
       978         72          0          0        448       8701   app_user_storage.o
       646         42          0          0          0      11058   at32f413_adc.o
       136         22          0         12          0       2866   at32f413_board.o
       144          0          0          0          0        726   at32f413_clock.o
       622         76          0          0          0       9362   at32f413_crm.o
       332         28          0          0          0       5635   at32f413_dma.o
       792         78          0          0          0       9266   at32f413_flash.o
       292          6          0          0          0       5414   at32f413_gpio.o
       328         60          0          0          0      11360   at32f413_int.o
       324         26          0          0          0      33956   at32f413_misc.o
       352          0          0          0          0       4970   at32f413_spi.o
       642          0          0          0          0       9858   at32f413_tmr.o
        42          0          0          0          0       2697   at32f413_usart.o
        88         28          0          0          0       3351   at32f413_wdt.o
       364         46          0          2          0       3419   buzz_port.o
      2498        226          0         45         32      13449   customer_control.o
        64         10          0          1          0       1028   delay.o
       438          6          0          0          0       6682   event_groups.o
       370          4          0          0       2048       3681   flash.o
      1032         82          0          0         32      10845   gpio_port.o
       328         40          0         24      17408       4243   heap_2.o
       878         26          0          4         48       5902   key.o
       148          0          0          0          0       4022   list.o
       290         38          0          6          0      96556   main.o
      3124        390          0         79         16      12339   main_thread.o
      2642        158          0        256          0      15997   mp6570.o
      3522        138       7696       2404         80      21847   oled_port.o
       472         56          0          4          0      10992   port.o
      1458         18          0          0          0      27514   queue.o
        96         32        368          0       4096        932   startup_at32f413_ext_ram.o
       344         38         16          4          0       2688   system_at32f413.o
      3456        444          0         64        420      40085   tasks.o
       196         26          0          0          0       1715   time_init.o
       874        100          0         20         40      12592   timers.o
        60         10          0          0        144       4547   usart_port.o
        58          0          0          0          0       1267   wdt.o

    ----------------------------------------------------------------------
     57266       4034       8114       3232      25080     491493   Object Totals
         0          0         32          0          0          0   (incl. Generated)
        50          0          2         11          0          0   (incl. Padding)

    ----------------------------------------------------------------------

      Code (inc. data)   RO Data    RW Data    ZI Data      Debug   Library Member Name

      4108        474          0        630        256       8992   control.o
       396          0          0          0          0        539   pid.o
        56          0          0          0          0        462   rc_filter.o
        78          0          0          0          0        480   tracking_filter.o
        90          0          0          0          0          0   __dczerorl2.o
         8          0          0          0          0         68   __main.o
         0          0          0          0          0          0   __rtentry.o
        12          0          0          0          0          0   __rtentry2.o
         6          0          0          0          0          0   __rtentry4.o
        52          8          0          0          0          0   __scatter.o
        28          0          0          0          0          0   __scatter_zi.o
        18          0          0          0          0         80   exit.o
         6          0          0          0          0        152   heapauxi.o
         2          0          0          0          0          0   libinit.o
         6          0          0          0          0          0   libinit2.o
         2          0          0          0          0          0   libshutdown.o
         2          0          0          0          0          0   libshutdown2.o
         8          4          0          0         96         68   libspace.o
        38          0          0          0          0         68   llshl.o
        38          0          0          0          0         68   llsshr.o
       138          0          0          0          0         68   rt_memcpy_v6.o
       100          0          0          0          0         80   rt_memcpy_w.o
         2          0          0          0          0          0   rtexit.o
        10          0          0          0          0          0   rtexit2.o
        74          0          0          0          0         80   sys_stackheap_outer.o
         2          0          0          0          0         68   use_no_semi.o
         2          0          0          0          0         68   use_no_semi_2.o
        24          0          0          0          0        164   basic.o
        98          4          0          0          0        140   d2f.o
       804         16          0          0          0        368   daddsub_clz.o
        24          0          0          0          0        116   dcmpi.o
       688        140          0          0          0        256   ddiv.o
        94          4          0          0          0        140   dfix.o
        90          4          0          0          0        140   dfixu.o
        84          0          0          0          0        232   dflt_clz.o
       120          4          0          0          0        140   dleqf.o
       340         12          0          0          0        152   dmul.o
       156          4          0          0          0        140   dnaninf.o
        12          0          0          0          0        116   dretinf.o
       108          0          0          0          0        128   drleqf.o
        86          4          0          0          0        132   f2d.o
       140          4          0          0          0        132   fnaninf.o
        10          0          0          0          0        116   fpinit.o
        10          0          0          0          0        116   fretinf.o
         0          0          0          0          0          0   usenofp.o

    ----------------------------------------------------------------------
      8180        682          0        632        352      14069   Library Totals
        10          0          0          2          0          0   (incl. Padding)

    ----------------------------------------------------------------------

      Code (inc. data)   RO Data    RW Data    ZI Data      Debug   Library Name

      4638        474          0        630        256      10473   MPS_eMotion_Lib.lib
       644         12          0          0         96        868   c_w.l
      2888        196          0          0          0       2728   fz_wm.l

    ----------------------------------------------------------------------
      8180        682          0        632        352      14069   Library Totals

    ----------------------------------------------------------------------

==============================================================================


      Code (inc. data)   RO Data    RW Data    ZI Data      Debug   

     65446       4716       8114       3864      25432     468634   Grand Totals
     65446       4716       8114        540      25432     468634   ELF Image Totals (compressed)
     65446       4716       8114        540          0          0   ROM Totals

==============================================================================

    Total RO  Size (Code + RO Data)                73560 (  71.84kB)
    Total RW  Size (RW Data + ZI Data)             29296 (  28.61kB)
    Total ROM Size (Code + RO Data + RW Data)      74100 (  72.36kB)

==============================================================================

