Component: ARM Compiler 5.06 update 7 (build 960) Tool: armlink [4d3601]

==============================================================================

Section Cross References

    main.o(i.DeviceParamCheck) refers to gpio_port.o(i.get_gc_state) for get_gc_state
    main.o(i.DeviceParamCheck) refers to app_user_storage.o(.bss) for sys_param_un
    main.o(i.DevicePowerOnSequence) refers to delay.o(i.delay_1ms) for delay_1ms
    main.o(i.DevicePowerOnSequence) refers to gpio_port.o(i.device_power_on) for device_power_on
    main.o(i.DevicePowerOnSequence) refers to buzz_port.o(i.BuzzrSimpleSwitch) for BuzzrSimpleSwitch
    main.o(i.extend_sram) refers to at32f413_flash.o(i.flash_unlock) for flash_unlock
    main.o(i.extend_sram) refers to at32f413_flash.o(i.flash_user_system_data_erase) for flash_user_system_data_erase
    main.o(i.extend_sram) refers to at32f413_flash.o(i.flash_user_system_data_program) for flash_user_system_data_program
    main.o(i.extend_sram) refers to at32f413_misc.o(i.nvic_system_reset) for nvic_system_reset
    main.o(i.main) refers to system_at32f413.o(i.SystemInit) for SystemInit
    main.o(i.main) refers to at32f413_clock.o(i.system_clock_config) for system_clock_config
    main.o(i.main) refers to main.o(i.extend_sram) for extend_sram
    main.o(i.main) refers to at32f413_misc.o(i.nvic_priority_group_config) for nvic_priority_group_config
    main.o(i.main) refers to at32f413_board.o(i.delay_init) for delay_init
    main.o(i.main) refers to time_init.o(i.NormalTimerInit) for NormalTimerInit
    main.o(i.main) refers to at32f413_board.o(i.Suspend_RTOS_stick) for Suspend_RTOS_stick
    main.o(i.main) refers to main.o(i.peripheral_init) for peripheral_init
    main.o(i.main) refers to segger_rtt_printf.o(i.SEGGER_RTT_printf) for SEGGER_RTT_printf
    main.o(i.main) refers to app_user_storage.o(i.start_para_write_read) for start_para_write_read
    main.o(i.main) refers to main.o(i.DeviceParamCheck) for DeviceParamCheck
    main.o(i.main) refers to main.o(i.DevicePowerOnSequence) for DevicePowerOnSequence
    main.o(i.main) refers to wdt.o(i.Wdt_Init) for Wdt_Init
    main.o(i.main) refers to tasks.o(i.xTaskCreate) for xTaskCreate
    main.o(i.main) refers to tasks.o(i.vTaskStartScheduler) for vTaskStartScheduler
    main.o(i.main) refers to main.o(.data) for StartTask_Handle
    main.o(i.main) refers to main_thread.o(i.vTaskStart) for vTaskStart
    main.o(i.peripheral_init) refers to buzz_port.o(i.BuzzerInit) for BuzzerInit
    main.o(i.peripheral_init) refers to key.o(i.ButtonInit) for ButtonInit
    main.o(i.peripheral_init) refers to gpio_port.o(i.user_gpio_init) for user_gpio_init
    main.o(i.peripheral_init) refers to adc_port.o(i.start_adc_acquisition) for start_adc_acquisition
    main.o(i.peripheral_init) refers to usart_motor_bsp.o(i.app_uart_motor_init) for app_uart_motor_init
    main.o(i.peripheral_init) refers to apex_gc_port.o(i.APEXInit) for APEXInit
    main.o(i.peripheral_init) refers to oled_port.o(i.OLED_Init) for OLED_Init
    at32f413_clock.o(i.system_clock_config) refers to at32f413_crm.o(i.crm_reset) for crm_reset
    at32f413_clock.o(i.system_clock_config) refers to at32f413_crm.o(i.crm_clock_source_enable) for crm_clock_source_enable
    at32f413_clock.o(i.system_clock_config) refers to at32f413_crm.o(i.crm_hext_stable_wait) for crm_hext_stable_wait
    at32f413_clock.o(i.system_clock_config) refers to at32f413_crm.o(i.crm_pll_config) for crm_pll_config
    at32f413_clock.o(i.system_clock_config) refers to at32f413_crm.o(i.crm_flag_get) for crm_flag_get
    at32f413_clock.o(i.system_clock_config) refers to at32f413_crm.o(i.crm_ahb_div_set) for crm_ahb_div_set
    at32f413_clock.o(i.system_clock_config) refers to at32f413_crm.o(i.crm_apb2_div_set) for crm_apb2_div_set
    at32f413_clock.o(i.system_clock_config) refers to at32f413_crm.o(i.crm_apb1_div_set) for crm_apb1_div_set
    at32f413_clock.o(i.system_clock_config) refers to at32f413_crm.o(i.crm_auto_step_mode_enable) for crm_auto_step_mode_enable
    at32f413_clock.o(i.system_clock_config) refers to at32f413_crm.o(i.crm_sysclk_switch) for crm_sysclk_switch
    at32f413_clock.o(i.system_clock_config) refers to at32f413_crm.o(i.crm_sysclk_switch_status_get) for crm_sysclk_switch_status_get
    at32f413_clock.o(i.system_clock_config) refers to system_at32f413.o(i.system_core_clock_update) for system_core_clock_update
    at32f413_int.o(i.DMA1_Channel1_IRQHandler) refers to at32f413_dma.o(i.dma_flag_get) for dma_flag_get
    at32f413_int.o(i.DMA1_Channel1_IRQHandler) refers to at32f413_dma.o(i.dma_flag_clear) for dma_flag_clear
    at32f413_int.o(i.DMA1_Channel1_IRQHandler) refers to adc_port.o(.data) for adc_trans_complete_flag
    at32f413_int.o(i.DMA1_Channel6_IRQHandler) refers to at32f413_dma.o(i.dma_flag_get) for dma_flag_get
    at32f413_int.o(i.DMA1_Channel6_IRQHandler) refers to at32f413_dma.o(i.dma_flag_clear) for dma_flag_clear
[...]
    _double_round                            0x0800083d   Thumb Code    30  depilogue.o(.text)
    _double_epilogue                         0x0800085b   Thumb Code   156  depilogue.o(.text)
    __scatterload                            0x080008f9   Thumb Code    28  init.o(.text)
    __scatterload_rt2                        0x080008f9   Thumb Code     0  init.o(.text)
    __decompress                             0x0800091d   Thumb Code     0  __dczerorl2.o(.text)
    __decompress1                            0x0800091d   Thumb Code    86  __dczerorl2.o(.text)
    ADC1_2_IRQHandler                        0x08000975   Thumb Code    40  adc_port.o(i.ADC1_2_IRQHandler)
    APEXInit                                 0x08000b49   Thumb Code   308  apex_gc_port.o(i.APEXInit)
    AppUsartMotorTransmit                    0x08001bc5   Thumb Code    78  usart_motor_bsp.o(i.AppUsartMotorTransmit)
    App_MotorControl                         0x08001c1d   Thumb Code   140  app_motorcontroltask.o(i.App_MotorControl)
    BatteryCapacityManage                    0x08001d45   Thumb Code   194  app_periodictask.o(i.BatteryCapacityManage)
    BusFault_Handler                         0x08001e1d   Thumb Code     4  at32f413_int.o(i.BusFault_Handler)
    ButtonInit                               0x08001e21   Thumb Code    44  key.o(i.ButtonInit)
    ButtonScan                               0x08001e4d   Thumb Code   404  key.o(i.ButtonScan)
    BuzzerInit                               0x08001fe9   Thumb Code   216  buzz_port.o(i.BuzzerInit)
    BuzzrSimpleSwitch                        0x080020d9   Thumb Code    42  buzz_port.o(i.BuzzrSimpleSwitch)
    DMA1_Channel1_IRQHandler                 0x0800210d   Thumb Code    30  at32f413_int.o(i.DMA1_Channel1_IRQHandler)
    DMA1_Channel6_IRQHandler                 0x08002131   Thumb Code    22  at32f413_int.o(i.DMA1_Channel6_IRQHandler)
    DMA1_Channel7_IRQHandler                 0x08002147   Thumb Code    22  at32f413_int.o(i.DMA1_Channel7_IRQHandler)
    DMA2_Channel1_IRQHandler                 0x0800215d   Thumb Code    32  at32f413_int.o(i.DMA2_Channel1_IRQHandler)
    DMA2_Channel2_IRQHandler                 0x08002189   Thumb Code    32  at32f413_int.o(i.DMA2_Channel2_IRQHandler)
    DMA2_Channel3_IRQHandler                 0x080021b5   Thumb Code    26  at32f413_int.o(i.DMA2_Channel3_IRQHandler)
    DebugMon_Handler                         0x080021d9   Thumb Code     2  at32f413_int.o(i.DebugMon_Handler)
    DisplayBluetoothIcon                     0x08002909   Thumb Code    44  oled_port.o(i.DisplayBluetoothIcon)
    EXINT1_IRQHandler                        0x08002939   Thumb Code     2  at32f413_int.o(i.EXINT1_IRQHandler)
    EXINT2_IRQHandler                        0x0800293b   Thumb Code     2  at32f413_int.o(i.EXINT2_IRQHandler)
    EXINT3_IRQHandler                        0x0800293d   Thumb Code     2  at32f413_int.o(i.EXINT3_IRQHandler)
    EXINT9_5_IRQHandler                      0x0800293f   Thumb Code     2  at32f413_int.o(i.EXINT9_5_IRQHandler)
    GC_depth_vlaue                           0x0800330d   Thumb Code    44  apex_gc_port.o(i.GC_depth_vlaue)
    GetRealTorque                            0x08003369   Thumb Code   120  customer_control.o(i.GetRealTorque)
    HardFault_Handler                        0x080033f1   Thumb Code     4  at32f413_int.o(i.HardFault_Handler)
    InsertStatusMonitor                      0x08003465   Thumb Code   298  app_periodictask.o(i.InsertStatusMonitor)
    LedFunctionSet                           0x08003629   Thumb Code   114  gpio_port.o(i.LedFunctionSet)
    LedPeriodicProcessing                    0x080036a1   Thumb Code   330  gpio_port.o(i.LedPeriodicProcessing)
    MOTOR_150US_Callback                     0x08003829   Thumb Code     8  app_motorcontroltask.o(i.MOTOR_150US_Callback)
    MemManage_Handler                        0x08003835   Thumb Code     4  at32f413_int.o(i.MemManage_Handler)
    MenuDevicePowerOff                       0x0800412d   Thumb Code    60  app_menutask.o(i.MenuDevicePowerOff)
    NMI_Handler                              0x08004cd5   Thumb Code     2  at32f413_int.o(i.NMI_Handler)
    NormalTimerInit                          0x08004cd9   Thumb Code    90  time_init.o(i.NormalTimerInit)
    OLED_Clear                               0x08004d41   Thumb Code    44  oled_port.o(i.OLED_Clear)
    OLED_Clear_no_fresh                      0x08004d71   Thumb Code    36  oled_port.o(i.OLED_Clear_no_fresh)
    OLED_DisPlay_Off                         0x08004d99   Thumb Code    12  oled_port.o(i.OLED_DisPlay_Off)
    OLED_Display_POWER_OFF                   0x08004ed5   Thumb Code    42  app_menutask.o(i.OLED_Display_POWER_OFF)
    OLED_Display_WORK                        0x08004f19   Thumb Code   478  app_menutask.o(i.OLED_Display_WORK)
    OLED_DrawPoint                           0x08005125   Thumb Code   114  oled_port.o(i.OLED_DrawPoint)
    OLED_Init                                0x0800519d   Thumb Code   470  oled_port.o(i.OLED_Init)
    OLED_Refresh                             0x08005399   Thumb Code   268  oled_port.o(i.OLED_Refresh)
    OLED_ShowChar                            0x080054ad   Thumb Code   300  oled_port.o(i.OLED_ShowChar)
    OLED_ShowNum                             0x080055e9   Thumb Code   144  oled_port.o(i.OLED_ShowNum)
    OLED_ShowPicture                         0x08005679   Thumb Code   214  oled_port.o(i.OLED_ShowPicture)
    OLED_ShowString                          0x0800574f   Thumb Code   110  oled_port.o(i.OLED_ShowString)
    Resume_RTOS_stick                        0x08005ce7   Thumb Code    18  at32f413_board.o(i.Resume_RTOS_stick)
    SEGGER_RTT_Write                         0x08005cf9   Thumb Code    68  segger_rtt.o(i.SEGGER_RTT_Write)
    SEGGER_RTT_WriteNoLock                   0x08005d41   Thumb Code   126  segger_rtt.o(i.SEGGER_RTT_WriteNoLock)
    SEGGER_RTT_printf                        0x08005dc5   Thumb Code    34  segger_rtt_printf.o(i.SEGGER_RTT_printf)
    SEGGER_RTT_vprintf                       0x08005de9   Thumb Code   706  segger_rtt_printf.o(i.SEGGER_RTT_vprintf)
    Suspend_RTOS_stick                       0x08006e2d   Thumb Code    18  at32f413_board.o(i.Suspend_RTOS_stick)
    SysTick_Handler                          0x08006e41   Thumb Code    46  port.o(i.SysTick_Handler)
    SystemInit                               0x08006e75   Thumb Code   100  system_at32f413.o(i.SystemInit)
    TMR1_TRG_HALL_TMR11_IRQHandler           0x08006ee5   Thumb Code    22  at32f413_int.o(i.TMR1_TRG_HALL_TMR11_IRQHandler)
    TMR3_GLOBAL_IRQHandler                   0x08006f01   Thumb Code    26  at32f413_int.o(i.TMR3_GLOBAL_IRQHandler)
    TMR4_GLOBAL_IRQHandler                   0x08006f21   Thumb Code    28  at32f413_int.o(i.TMR4_GLOBAL_IRQHandler)
    TX_CheckSum                              0x08006f45   Thumb Code    28  usart_motor_bsp.o(i.TX_CheckSum)
    USART3_IRQHandler                        0x08007469   Thumb Code    84  usart_motor_bsp.o(i.USART3_IRQHandler)
    UsageFault_Handler                       0x080074c9   Thumb Code     4  at32f413_int.o(i.UsageFault_Handler)
    Wdt_Init                                 0x080074cd   Thumb Code    28  wdt.o(i.Wdt_Init)
    Wdt_Reset                                0x080074e9   Thumb Code    30  wdt.o(i.Wdt_Reset)
    WorkPageFlash                            0x08007509   Thumb Code   292  app_menutask.o(i.WorkPageFlash)
    __scatterload_copy                       0x080079b7   Thumb Code    14  handlers.o(i.__scatterload_copy)
    __scatterload_null                       0x080079c5   Thumb Code     2  handlers.o(i.__scatterload_null)
    __scatterload_zeroinit                   0x080079c7   Thumb Code    14  handlers.o(i.__scatterload_zeroinit)
    adc_base_config                          0x080079d5   Thumb Code    44  at32f413_adc.o(i.adc_base_config)
    adc_base_default_para_init               0x08007a01   Thumb Code    14  at32f413_adc.o(i.adc_base_default_para_init)
    adc_calibration_init                     0x08007a0f   Thumb Code    12  at32f413_adc.o(i.adc_calibration_init)
    adc_calibration_init_status_get          0x08007a1b   Thumb Code    18  at32f413_adc.o(i.adc_calibration_init_status_get)
    adc_calibration_start                    0x08007a2d   Thumb Code    12  at32f413_adc.o(i.adc_calibration_start)
    adc_calibration_status_get               0x08007a39   Thumb Code    18  at32f413_adc.o(i.adc_calibration_status_get)
    adc_combine_mode_select                  0x08007a4d   Thumb Code    14  at32f413_adc.o(i.adc_combine_mode_select)
    adc_dma_mode_enable                      0x08007a61   Thumb Code    10  at32f413_adc.o(i.adc_dma_mode_enable)
    adc_enable                               0x08007a6b   Thumb Code    10  at32f413_adc.o(i.adc_enable)
    adc_flag_clear                           0x08007a75   Thumb Code     6  at32f413_adc.o(i.adc_flag_clear)
    adc_flag_get                             0x08007a7b   Thumb Code    16  at32f413_adc.o(i.adc_flag_get)
    adc_ordinary_channel_set                 0x08007a8b   Thumb Code   404  at32f413_adc.o(i.adc_ordinary_channel_set)
    adc_ordinary_conversion_trigger_set      0x08007c1f   Thumb Code    52  at32f413_adc.o(i.adc_ordinary_conversion_trigger_set)
    adc_ordinary_software_trigger_enable     0x08007c53   Thumb Code    10  at32f413_adc.o(i.adc_ordinary_software_trigger_enable)
    apex_depth_calculate                     0x08007c5d   Thumb Code    20  apex_gc_port.o(i.apex_depth_calculate)
    apex_frequency_set                       0x08007c71   Thumb Code   204  apex_gc_port.o(i.apex_frequency_set)
    app_u_motor_angle_cali                   0x08007d45   Thumb Code    34  usart_motor_bsp.o(i.app_u_motor_angle_cali)
    app_u_motor_angle_cali_next              0x08007d67   Thumb Code    54  usart_motor_bsp.o(i.app_u_motor_angle_cali_next)
    app_u_motor_get_sta_req                  0x08007d9d   Thumb Code    18  usart_motor_bsp.o(i.app_u_motor_get_sta_req)
    app_u_motor_handle                       0x08007db1   Thumb Code    82  usart_motor_bsp.o(i.app_u_motor_handle)
    app_u_motor_position_set                 0x08007e0d   Thumb Code    16  usart_motor_bsp.o(i.app_u_motor_position_set)
    app_u_motor_rec_data                     0x08007e1d   Thumb Code    72  usart_motor_bsp.o(i.app_u_motor_rec_data)
    app_u_motor_reset                        0x08007e6d   Thumb Code    18  usart_motor_bsp.o(i.app_u_motor_reset)
    app_u_motor_start                        0x08007e81   Thumb Code   172  usart_motor_bsp.o(i.app_u_motor_start)
    app_u_motor_stop                         0x08007f45   Thumb Code    18  usart_motor_bsp.o(i.app_u_motor_stop)
    app_u_rec_check                          0x08007f57   Thumb Code   160  usart_motor_bsp.o(i.app_u_rec_check)
    app_uart_motor_init                      0x08007ff9   Thumb Code   168  usart_motor_bsp.o(i.app_uart_motor_init)
    buffer_compare                           0x080080b5   Thumb Code    36  app_user_storage.o(i.buffer_compare)
    buzz_frequency_set                       0x080080d9   Thumb Code    60  buzz_port.o(i.buzz_frequency_set)
    charg_bgm                                0x08008241   Thumb Code   370  oled_port.o(i.charg_bgm)
    crm_adc_clock_div_set                    0x08008455   Thumb Code    28  at32f413_crm.o(i.crm_adc_clock_div_set)
    crm_ahb_div_set                          0x08008475   Thumb Code    14  at32f413_crm.o(i.crm_ahb_div_set)
    crm_apb1_div_set                         0x08008489   Thumb Code    14  at32f413_crm.o(i.crm_apb1_div_set)
    crm_apb2_div_set                         0x0800849d   Thumb Code    14  at32f413_crm.o(i.crm_apb2_div_set)
    crm_auto_step_mode_enable                0x080084b1   Thumb Code    34  at32f413_crm.o(i.crm_auto_step_mode_enable)
    crm_clock_source_enable                  0x080084d9   Thumb Code    90  at32f413_crm.o(i.crm_clock_source_enable)
    crm_clocks_freq_get                      0x08008539   Thumb Code   242  at32f413_crm.o(i.crm_clocks_freq_get)
    crm_flag_get                             0x0800864d   Thumb Code    42  at32f413_crm.o(i.crm_flag_get)
    crm_hext_stable_wait                     0x0800867d   Thumb Code    46  at32f413_crm.o(i.crm_hext_stable_wait)
    crm_periph_clock_enable                  0x080086ad   Thumb Code    62  at32f413_crm.o(i.crm_periph_clock_enable)
    crm_pll_config                           0x080086f1   Thumb Code   104  at32f413_crm.o(i.crm_pll_config)
    crm_reset                                0x0800875d   Thumb Code    80  at32f413_crm.o(i.crm_reset)
    crm_sysclk_switch                        0x080087b5   Thumb Code    14  at32f413_crm.o(i.crm_sysclk_switch)
    crm_sysclk_switch_status_get             0x080087c9   Thumb Code    10  at32f413_crm.o(i.crm_sysclk_switch_status_get)
    customer_control                         0x080087d9   Thumb Code   700  customer_control.o(i.customer_control)
    default_para_write_buff                  0x08008ac1   Thumb Code   670  app_user_storage.o(i.default_para_write_buff)
    delay_1ms                                0x08008d69   Thumb Code    54  delay.o(i.delay_1ms)
    delay_init                               0x08008da9   Thumb Code    78  at32f413_board.o(i.delay_init)
    device_power_off                         0x08008e0d   Thumb Code    14  gpio_port.o(i.device_power_off)
    device_power_on                          0x08008e21   Thumb Code    14  gpio_port.o(i.device_power_on)
    disp_DrawColumn                          0x08008e35   Thumb Code    40  oled_port.o(i.disp_DrawColumn)
    disp_DrawRow                             0x08008e5d   Thumb Code    40  oled_port.o(i.disp_DrawRow)
    disp_batValue                            0x08008e85   Thumb Code   344  oled_port.o(i.disp_batValue)
    dma_channel_enable                       0x08008fed   Thumb Code    10  at32f413_dma.o(i.dma_channel_enable)
    dma_data_number_set                      0x08008ff7   Thumb Code     4  at32f413_dma.o(i.dma_data_number_set)
    dma_default_para_init                    0x08008ffb   Thumb Code    24  at32f413_dma.o(i.dma_default_para_init)
    dma_flag_clear                           0x08009015   Thumb Code    22  at32f413_dma.o(i.dma_flag_clear)
    dma_flag_get                             0x08009035   Thumb Code    36  at32f413_dma.o(i.dma_flag_get)
    dma_flexible_config                      0x08009061   Thumb Code   152  at32f413_dma.o(i.dma_flexible_config)
    dma_init                                 0x080090f9   Thumb Code    92  at32f413_dma.o(i.dma_init)
    dma_interrupt_enable                     0x08009155   Thumb Code    18  at32f413_dma.o(i.dma_interrupt_enable)
    dma_reset                                0x08009169   Thumb Code   102  at32f413_dma.o(i.dma_reset)
    extend_sram                              0x080091d9   Thumb Code    32  main.o(i.extend_sram)
    flash_fap_status_get                     0x080091fd   Thumb Code    10  at32f413_flash.o(i.flash_fap_status_get)
    flash_flag_clear                         0x0800920d   Thumb Code    38  at32f413_flash.o(i.flash_flag_clear)
    flash_halfword_program                   0x08009239   Thumb Code   112  at32f413_flash.o(i.flash_halfword_program)
    flash_lock                               0x080092ad   Thumb Code    16  at32f413_flash.o(i.flash_lock)
    flash_operation_status_get               0x080092c1   Thumb Code    48  at32f413_flash.o(i.flash_operation_status_get)
    flash_operation_wait_for                 0x080092f5   Thumb Code    36  at32f413_flash.o(i.flash_operation_wait_for)
    flash_read                               0x08009319   Thumb Code    26  flash.o(i.flash_read)
    flash_sector_erase                       0x08009335   Thumb Code   136  at32f413_flash.o(i.flash_sector_erase)
    flash_spim_operation_status_get          0x080093c1   Thumb Code    48  at32f413_flash.o(i.flash_spim_operation_status_get)
    flash_spim_operation_wait_for            0x080093f5   Thumb Code    36  at32f413_flash.o(i.flash_spim_operation_wait_for)
    flash_unlock                             0x08009419   Thumb Code    12  at32f413_flash.o(i.flash_unlock)
    flash_user_system_data_erase             0x08009431   Thumb Code   134  at32f413_flash.o(i.flash_user_system_data_erase)
    flash_user_system_data_program           0x080094c9   Thumb Code    88  at32f413_flash.o(i.flash_user_system_data_program)
    flash_write                              0x08009531   Thumb Code   284  flash.o(i.flash_write)
    flash_write_nocheck                      0x08009651   Thumb Code    56  flash.o(i.flash_write_nocheck)
    fresh_adc_value                          0x08009689   Thumb Code    52  adc_port.o(i.fresh_adc_value)
    gc_in_or_exit                            0x08009b09   Thumb Code    30  apex_gc_port.o(i.gc_in_or_exit)
    gc_list_init                             0x08009b2d   Thumb Code  2958  apex_gc_port.o(i.gc_list_init)
    get_add_button_state                     0x0800a709   Thumb Code    18  gpio_port.o(i.get_add_button_state)
    get_charge_state                         0x0800a721   Thumb Code    16  gpio_port.o(i.get_charge_state)
    get_gc_400_value                         0x0800a735   Thumb Code     8  adc_port.o(i.get_gc_400_value)
    get_gc_8k_value                          0x0800a741   Thumb Code     8  adc_port.o(i.get_gc_8k_value)
    get_gc_state                             0x0800a74d   Thumb Code    18  gpio_port.o(i.get_gc_state)
    get_insert_state                         0x0800a765   Thumb Code    16  gpio_port.o(i.get_insert_state)
    get_run_button_state                     0x0800a779   Thumb Code    16  gpio_port.o(i.get_run_button_state)
    get_s_button_state                       0x0800a78d   Thumb Code    18  gpio_port.o(i.get_s_button_state)
    get_sub_button_state                     0x0800a7a5   Thumb Code    18  gpio_port.o(i.get_sub_button_state)
    get_vbat_value                           0x0800a7bd   Thumb Code    48  adc_port.o(i.get_vbat_value)
    gpio_bits_reset                          0x0800a7f9   Thumb Code     4  at32f413_gpio.o(i.gpio_bits_reset)
    gpio_bits_set                            0x0800a7fd   Thumb Code     4  at32f413_gpio.o(i.gpio_bits_set)
    gpio_default_para_init                   0x0800a801   Thumb Code    22  at32f413_gpio.o(i.gpio_default_para_init)
    gpio_init                                0x0800a817   Thumb Code   168  at32f413_gpio.o(i.gpio_init)
    gpio_input_data_bit_read                 0x0800a8bf   Thumb Code    18  at32f413_gpio.o(i.gpio_input_data_bit_read)
    gpio_pin_remap_config                    0x0800a8d1   Thumb Code    70  at32f413_gpio.o(i.gpio_pin_remap_config)
    gpio_pins_toggle                         0x0800a91d   Thumb Code     8  gpio_port.o(i.gpio_pins_toggle)
    logo_disppaly                            0x0800a989   Thumb Code   152  oled_port.o(i.logo_disppaly)
    main                                     0x0800aa2d   Thumb Code    96  main.o(i.main)
    main_dir_fill                            0x0800aaad   Thumb Code   138  oled_port.o(i.main_dir_fill)
    mode_select                              0x0800ab41   Thumb Code    14  customer_control.o(i.mode_select)
    nvic_irq_enable                          0x0800ac35   Thumb Code   190  at32f413_misc.o(i.nvic_irq_enable)
    nvic_priority_group_config               0x0800acfd   Thumb Code    32  at32f413_misc.o(i.nvic_priority_group_config)
    nvic_system_reset                        0x0800ad25   Thumb Code    36  at32f413_misc.o(i.nvic_system_reset)
    para_copy_default                        0x0800ad51   Thumb Code    52  app_user_storage.o(i.para_copy_default)
    para_print                               0x0800ad95   Thumb Code    72  app_user_storage.o(i.para_print)
    pvPortMalloc                             0x0800b6b5   Thumb Code   190  heap_2.o(i.pvPortMalloc)
    pxPortInitialiseStack                    0x0800b785   Thumb Code    38  port.o(i.pxPortInitialiseStack)
    restart_adc_sampling                     0x0800b7b1   Thumb Code     8  adc_port.o(i.restart_adc_sampling)
    set_position                             0x0800b7bd   Thumb Code    40  customer_control.o(i.set_position)
    set_speed                                0x0800b7f1   Thumb Code    14  customer_control.o(i.set_speed)
    set_toggle_mode_speed                    0x0800b809   Thumb Code     8  customer_control.o(i.set_toggle_mode_speed)
    set_torque_limit                         0x0800b815   Thumb Code    94  customer_control.o(i.set_torque_limit)
    spi_default_para_init                    0x0800b88d   Thumb Code    22  at32f413_spi.o(i.spi_default_para_init)
    spi_enable                               0x0800b8a3   Thumb Code    10  at32f413_spi.o(i.spi_enable)
    spi_i2s_data_transmit                    0x0800b8ad   Thumb Code     4  at32f413_spi.o(i.spi_i2s_data_transmit)
    spi_i2s_flag_get                         0x0800b8b1   Thumb Code    16  at32f413_spi.o(i.spi_i2s_flag_get)
    spi_init                                 0x0800b8c1   Thumb Code   292  at32f413_spi.o(i.spi_init)
    start                                    0x0800bae5   Thumb Code    14  customer_control.o(i.start)
    start_adc_acquisition                    0x0800bafd   Thumb Code    58  adc_port.o(i.start_adc_acquisition)
    start_para_write_read                    0x0800bb45   Thumb Code   132  app_user_storage.o(i.start_para_write_read)
    stop                                     0x0800bc25   Thumb Code    14  customer_control.o(i.stop)
    system_clock_config                      0x0800bc39   Thumb Code   144  at32f413_clock.o(i.system_clock_config)
    system_core_clock_update                 0x0800bcc9   Thumb Code   206  system_at32f413.o(i.system_core_clock_update)
    systick_clock_source_config              0x0800bdb1   Thumb Code    40  at32f413_misc.o(i.systick_clock_source_config)
    tmr_base_init                            0x0800bef5   Thumb Code    16  at32f413_tmr.o(i.tmr_base_init)
    tmr_channel_value_set                    0x0800bf05   Thumb Code    40  at32f413_tmr.o(i.tmr_channel_value_set)
    tmr_clock_source_div_set                 0x0800bf2d   Thumb Code    10  at32f413_tmr.o(i.tmr_clock_source_div_set)
    tmr_cnt_dir_set                          0x0800bf37   Thumb Code    10  at32f413_tmr.o(i.tmr_cnt_dir_set)
    tmr_counter_enable                       0x0800bf41   Thumb Code    10  at32f413_tmr.o(i.tmr_counter_enable)
    tmr_flag_clear                           0x0800bf4b   Thumb Code     6  at32f413_tmr.o(i.tmr_flag_clear)
    tmr_flag_get                             0x0800bf51   Thumb Code    18  at32f413_tmr.o(i.tmr_flag_get)
    tmr_interrupt_enable                     0x0800bf63   Thumb Code    22  at32f413_tmr.o(i.tmr_interrupt_enable)
    tmr_output_channel_buffer_enable         0x0800bf79   Thumb Code    66  at32f413_tmr.o(i.tmr_output_channel_buffer_enable)
    tmr_output_channel_config                0x0800bfbb   Thumb Code   416  at32f413_tmr.o(i.tmr_output_channel_config)
    tmr_output_default_para_init             0x0800c15b   Thumb Code    18  at32f413_tmr.o(i.tmr_output_default_para_init)
    tmr_period_buffer_enable                 0x0800c16d   Thumb Code    10  at32f413_tmr.o(i.tmr_period_buffer_enable)
    toggle_torque_reach                      0x0800c179   Thumb Code   258  customer_control.o(i.toggle_torque_reach)
    torque_reach                             0x0800c29d   Thumb Code   202  customer_control.o(i.torque_reach)
    u_motor_send_data                        0x0800c381   Thumb Code    56  usart_motor_bsp.o(i.u_motor_send_data)
    update_settings                          0x0800c3c1   Thumb Code    54  customer_control.o(i.update_settings)
    usart_data_receive                       0x0800c3f7   Thumb Code     8  at32f413_usart.o(i.usart_data_receive)
    usart_dma_transmitter_enable             0x0800c3ff   Thumb Code    10  at32f413_usart.o(i.usart_dma_transmitter_enable)
    usart_enable                             0x0800c409   Thumb Code    10  at32f413_usart.o(i.usart_enable)
    usart_flag_clear                         0x0800c413   Thumb Code    18  at32f413_usart.o(i.usart_flag_clear)
    usart_flag_get                           0x0800c425   Thumb Code    16  at32f413_usart.o(i.usart_flag_get)
    usart_init                               0x0800c435   Thumb Code   102  at32f413_usart.o(i.usart_init)
    usart_interrupt_enable                   0x0800c4a1   Thumb Code    54  at32f413_usart.o(i.usart_interrupt_enable)
    usart_receiver_enable                    0x0800c4d7   Thumb Code    10  at32f413_usart.o(i.usart_receiver_enable)
    usart_transmitter_enable                 0x0800c4e1   Thumb Code    10  at32f413_usart.o(i.usart_transmitter_enable)
    user_gpio_init                           0x0800c4ed   Thumb Code   262  gpio_port.o(i.user_gpio_init)
    uxListRemove                             0x0800c605   Thumb Code    40  list.o(i.uxListRemove)
    uxTaskResetEventItemValue                0x0800c62d   Thumb Code    24  tasks.o(i.uxTaskResetEventItemValue)
    vApexGC_Task                             0x0800c649   Thumb Code  1260  main_thread.o(i.vApexGC_Task)
    vAppBeepTemporaryTask                    0x0800cb51   Thumb Code   772  main_thread.o(i.vAppBeepTemporaryTask)
    vAppKeyTask                              0x0800ce61   Thumb Code   122  main_thread.o(i.vAppKeyTask)
    vAppMenuManageTask                       0x0800cef5   Thumb Code  1898  app_menutask.o(i.vAppMenuManageTask)
    vAppMotorControlTask                     0x0800d699   Thumb Code   480  app_motorcontroltask.o(i.vAppMotorControlTask)
    vAppPeriodicTask                         0x0800d8e9   Thumb Code   186  app_periodictask.o(i.vAppPeriodicTask)
    vListInitialise                          0x0800d9b5   Thumb Code    26  list.o(i.vListInitialise)
    vListInitialiseItem                      0x0800d9cf   Thumb Code     6  list.o(i.vListInitialiseItem)
    vListInsert                              0x0800d9d5   Thumb Code    52  list.o(i.vListInsert)
    vListInsertEnd                           0x0800da09   Thumb Code    24  list.o(i.vListInsertEnd)
    vPortEnterCritical                       0x0800da21   Thumb Code    30  port.o(i.vPortEnterCritical)
    vPortExitCritical                        0x0800da45   Thumb Code    28  port.o(i.vPortExitCritical)
    vPortFree                                0x0800da65   Thumb Code    56  heap_2.o(i.vPortFree)
    vPortSetupTimerInterrupt                 0x0800daa5   Thumb Code    20  port.o(i.vPortSetupTimerInterrupt)
    vQueueWaitForMessageRestricted           0x0800dabd   Thumb Code    74  queue.o(i.vQueueWaitForMessageRestricted)
    vSysWDT_ManageTask                       0x0800db09   Thumb Code   332  main_thread.o(i.vSysWDT_ManageTask)
    vTaskDelay                               0x0800dccd   Thumb Code    46  tasks.o(i.vTaskDelay)
    vTaskDelete                              0x0800dd01   Thumb Code   166  tasks.o(i.vTaskDelete)
    vTaskInternalSetTimeOutState             0x0800ddcd   Thumb Code    14  tasks.o(i.vTaskInternalSetTimeOutState)
    vTaskMissedYield                         0x0800dde5   Thumb Code     8  tasks.o(i.vTaskMissedYield)
    vTaskPlaceOnEventList                    0x0800ddf1   Thumb Code    28  tasks.o(i.vTaskPlaceOnEventList)
    vTaskPlaceOnEventListRestricted          0x0800de11   Thumb Code    70  tasks.o(i.vTaskPlaceOnEventListRestricted)
    vTaskPlaceOnUnorderedEventList           0x0800de5d   Thumb Code    74  tasks.o(i.vTaskPlaceOnUnorderedEventList)
    vTaskRemoveFromUnorderedEventList        0x0800dead   Thumb Code   190  tasks.o(i.vTaskRemoveFromUnorderedEventList)
    vTaskResume                              0x0800df7d   Thumb Code   156  tasks.o(i.vTaskResume)
    vTaskStart                               0x0800e029   Thumb Code   304  main_thread.o(i.vTaskStart)
    vTaskStartScheduler                      0x0800e201   Thumb Code    86  tasks.o(i.vTaskStartScheduler)
    vTaskSuspend                             0x0800e279   Thumb Code   188  tasks.o(i.vTaskSuspend)
    vTaskSuspendAll                          0x0800e351   Thumb Code    12  tasks.o(i.vTaskSuspendAll)
    vTaskSwitchContext                       0x0800e361   Thumb Code    76  tasks.o(i.vTaskSwitchContext)
    wdt_counter_reload                       0x0800e3c1   Thumb Code    10  at32f413_wdt.o(i.wdt_counter_reload)
    wdt_divider_set                          0x0800e3d1   Thumb Code    14  at32f413_wdt.o(i.wdt_divider_set)
    wdt_enable                               0x0800e3e5   Thumb Code    10  at32f413_wdt.o(i.wdt_enable)
    wdt_register_write_enable                0x0800e3f5   Thumb Code    20  at32f413_wdt.o(i.wdt_register_write_enable)
    wdt_reload_value_set                     0x0800e40d   Thumb Code     6  at32f413_wdt.o(i.wdt_reload_value_set)
    write_para_judge                         0x0800e419   Thumb Code    76  app_user_storage.o(i.write_para_judge)
    xEventGroupClearBits                     0x0800e4a9   Thumb Code    32  event_groups.o(i.xEventGroupClearBits)
    xEventGroupCreate                        0x0800e4c9   Thumb Code    26  event_groups.o(i.xEventGroupCreate)
    xEventGroupSetBits                       0x0800e4e3   Thumb Code   146  event_groups.o(i.xEventGroupSetBits)
    xEventGroupWaitBits                      0x0800e575   Thumb Code   198  event_groups.o(i.xEventGroupWaitBits)
    xPortStartScheduler                      0x0800e641   Thumb Code    58  port.o(i.xPortStartScheduler)
    xQueueGenericCreate                      0x0800e689   Thumb Code    76  queue.o(i.xQueueGenericCreate)
    xQueueGenericReset                       0x0800e6d5   Thumb Code   156  queue.o(i.xQueueGenericReset)
    xQueueGenericSend                        0x0800e775   Thumb Code   276  queue.o(i.xQueueGenericSend)
    xQueueReceive                            0x0800e88d   Thumb Code   256  queue.o(i.xQueueReceive)
    xQueueSemaphoreTake                      0x0800e991   Thumb Code   234  queue.o(i.xQueueSemaphoreTake)
    xTaskCheckForTimeOut                     0x0800ea81   Thumb Code    88  tasks.o(i.xTaskCheckForTimeOut)
    xTaskCreate                              0x0800eae1   Thumb Code    96  tasks.o(i.xTaskCreate)
    xTaskGetTickCount                        0x0800eb41   Thumb Code     6  tasks.o(i.xTaskGetTickCount)
    xTaskIncrementTick                       0x0800eb4d   Thumb Code   356  tasks.o(i.xTaskIncrementTick)
    xTaskRemoveFromEventList                 0x0800ecdd   Thumb Code   240  tasks.o(i.xTaskRemoveFromEventList)
    xTaskResumeAll                           0x0800ede5   Thumb Code   310  tasks.o(i.xTaskResumeAll)
    xTimerCreateTimerTask                    0x0800ef41   Thumb Code    40  timers.o(i.xTimerCreateTimerTask)
    asc2_0806                                0x0800ef7c   Data         552  oled_port.o(.constdata)
    asc2_1206                                0x0800f1a4   Data        1140  oled_port.o(.constdata)
    asc2_1608                                0x0800f618   Data        1520  oled_port.o(.constdata)
    asc2_2412                                0x0800fc08   Data        3420  oled_port.o(.constdata)
    Hzk1                                     0x08010964   Data         352  oled_port.o(.constdata)
    Hzk2                                     0x08010ac4   Data          72  oled_port.o(.constdata)
    Hzk3                                     0x08010b0c   Data         128  oled_port.o(.constdata)
    Hzk4                                     0x08010b8c   Data         512  oled_port.o(.constdata)
    ble                                      0x08010d8c   Data          96  oled_port.o(.constdata)
    Region$$Table$$Base                      0x08010f10   Number         0  anon$$obj.o(Region$$Table)
    Region$$Table$$Limit                     0x08010f30   Number         0  anon$$obj.o(Region$$Table)
    StartTask_Handle                         0x20000000   Data           4  main.o(.data)
    usart_rx_dma_status                      0x20000004   Data           1  main.o(.data)
    usart_tx_dma_status                      0x20000005   Data           1  main.o(.data)
    asc_4816                                 0x20000006   Data          96  oled_port.o(.data)
    asc2_3216                                0x20000066   Data         448  oled_port.o(.data)
    little_bat                               0x20000226   Data         480  oled_port.o(.data)
    f_r_dir                                  0x20000406   Data         640  oled_port.o(.data)
    spi2_tx_dma_status                       0x20000b86   Data           1  oled_port.o(.data)
    adc_trans_complete_flag                  0x20000b90   Data           1  adc_port.o(.data)
    sys_time_flag                            0x20000bb0   Data           4  at32f413_board.o(.data)
    u_motor_bus_idle_sta                     0x20000bd4   Data           8  usart_motor_bsp.o(.data)
    WDTEventGroup                            0x20000bdc   Data           4  main_thread.o(.data)
    keyScanTask_Handle                       0x20000be0   Data           4  main_thread.o(.data)
    periodicTask_Handle                      0x20000be4   Data           4  main_thread.o(.data)
    ApexGC_Task_Handle                       0x20000be8   Data           4  main_thread.o(.data)
    menuManageTask_Handle                    0x20000bec   Data           4  main_thread.o(.data)
    motorControlTask_Handle                  0x20000bf0   Data           4  main_thread.o(.data)
    beepTemporaryTask_Handle                 0x20000bf4   Data           4  main_thread.o(.data)
    WDT_ManageTask_Handle                    0x20000bf8   Data           4  main_thread.o(.data)
    xQueueKeyMessage                         0x20000bfc   Data           4  main_thread.o(.data)
    xQueueBeepMode                           0x20000c00   Data           4  main_thread.o(.data)
    xQueueMenuValue                          0x20000c04   Data           4  main_thread.o(.data)
    xQueueBatValue                           0x20000c08   Data           4  main_thread.o(.data)
    xQueueMotorControlMessage                0x20000c0c   Data           4  main_thread.o(.data)
    xSemaphoreDispRfresh                     0x20000c10   Data           4  main_thread.o(.data)
    xSemaphorePowerOff                       0x20000c14   Data           4  main_thread.o(.data)
    xSemaphoreCaliFinish                     0x20000c18   Data           4  main_thread.o(.data)
    xSemaphoreApexAutoCalibration            0x20000c1c   Data           4  main_thread.o(.data)
    xTimer01                                 0x20000c20   Data           4  main_thread.o(.data)
    torque_list                              0x20000c48   Data          42  app_menutask.o(.data)
    speed_list                               0x20000c72   Data          40  app_menutask.o(.data)
    torque_limit                             0x20000c9a   Data          44  app_menutask.o(.data)
    system_core_clock                        0x20000d34   Data           4  system_at32f413.o(.data)
    status_mp6570                            0x20000d38   Data           2  customer_control.o(.data)
    forward_speed                            0x20000d3a   Data           2  customer_control.o(.data)
    reverse_speed                            0x20000d3c   Data           2  customer_control.o(.data)
    toggle_speed                             0x20000d3e   Data           2  customer_control.o(.data)
    forward_position                         0x20000d40   Data           4  customer_control.o(.data)
    reverse_position                         0x20000d44   Data           4  customer_control.o(.data)
    upper_threshold                          0x20000d48   Data           2  customer_control.o(.data)
    lower_threshold                          0x20000d4a   Data           2  customer_control.o(.data)
    threshold_times                          0x20000d4c   Data           2  customer_control.o(.data)
    reach_upper_times                        0x20000d4e   Data           2  customer_control.o(.data)
    reach_lower_times                        0x20000d50   Data           2  customer_control.o(.data)
    motor_status                             0x20000d52   Data           6  customer_control.o(.data)
    update_command                           0x20000dac   Data           2  customer_control.o(.data)
    normal_time_complete_flag                0x20000dbd   Data           1  delay.o(.data)
    pxCurrentTCB                             0x20000dc0   Data           4  tasks.o(.data)
    uxTopUsedPriority                        0x20000df8   Data           4  tasks.o(.data)
    adc1_ordinary_valuetab                   0x20000ea0   Data         128  adc_port.o(.bss)
    uart_motor_tx_buf                        0x200017dc   Data          65  usart_motor_bsp.o(.bss)
    uart_motor_rx_buf                        0x2000181d   Data          65  usart_motor_bsp.o(.bss)
    u_motor_sta_replay                       0x2000185e   Data          20  usart_motor_bsp.o(.bss)
    u_pos_set                                0x20001872   Data          18  usart_motor_bsp.o(.bss)
    apex_ValueBuff                           0x20001884   Data          16  main_thread.o(.bss)
    sys_param_un                             0x20001894   Data          26  app_user_storage.o(.bss)
    motor_param_un                           0x200018ae   Data         198  app_user_storage.o(.bss)
    default_sys_param_un                     0x20001974   Data          26  app_user_storage.o(.bss)
    default_mt_un                            0x2000198e   Data         198  app_user_storage.o(.bss)
    motor_settings                           0x20001a54   Data          32  customer_control.o(.bss)
    _SEGGER_RTT                              0x20006040   Data         168  segger_rtt.o(.bss)
    __initial_sp                             0x20006cf8   Data           0  startup_at32f413_ext_ram.o(STACK)



==============================================================================

Memory Map of the image

  Image Entry point : 0x08000171

  Load Region LR_IROM1 (Base: 0x08000000, Size: 0x00011d60, Max: 0x00040000, ABSOLUTE, COMPRESSED[0x000111a8])

    Execution Region ER_IROM1 (Exec base: 0x08000000, Load base: 0x08000000, Size: 0x00010f30, Max: 0x00040000, ABSOLUTE)

    Exec Addr    Load Addr    Size         Type   Attr      Idx    E Section Name        Object

    0x08000000   0x08000000   0x00000170   Data   RO         1893    RESET               startup_at32f413_ext_ram.o
    0x08000170   0x08000170   0x00000000   Code   RO         6145  * .ARM.Collect$$$$00000000  mc_w.l(entry.o)
    0x08000170   0x08000170   0x00000004   Code   RO         6182    .ARM.Collect$$$$00000001  mc_w.l(entry2.o)
    0x08000174   0x08000174   0x00000004   Code   RO         6185    .ARM.Collect$$$$00000004  mc_w.l(entry5.o)
    0x08000178   0x08000178   0x00000000   Code   RO         6187    .ARM.Collect$$$$00000008  mc_w.l(entry7b.o)
    0x08000178   0x08000178   0x00000000   Code   RO         6189    .ARM.Collect$$$$0000000A  mc_w.l(entry8b.o)
    0x08000178   0x08000178   0x00000008   Code   RO         6190    .ARM.Collect$$$$0000000B  mc_w.l(entry9a.o)
    0x08000180   0x08000180   0x00000004   Code   RO         6197    .ARM.Collect$$$$0000000E  mc_w.l(entry12b.o)
    0x08000184   0x08000184   0x00000000   Code   RO         6192    .ARM.Collect$$$$0000000F  mc_w.l(entry10a.o)
    0x08000184   0x08000184   0x00000000   Code   RO         6194    .ARM.Collect$$$$00000011  mc_w.l(entry11a.o)
    0x08000184   0x08000184   0x00000004   Code   RO         6183    .ARM.Collect$$$$00002712  mc_w.l(entry2.o)
    0x08000188   0x08000188   0x000000be   Code   RO         2833    .emb_text           port.o
    0x08000246   0x08000246   0x00000002   PAD
    0x08000248   0x08000248   0x00000044   Code   RO         1894    .text               startup_at32f413_ext_ram.o
    0x0800028c   0x0800028c   0x00000040   Code   RO         6150    .text               mc_w.l(memmovea.o)
    0x080002cc   0x080002cc   0x00000024   Code   RO         6152    .text               mc_w.l(memseta.o)
    0x080002f0   0x080002f0   0x0000014e   Code   RO         6160    .text               mf_w.l(dadd.o)
    0x0800043e   0x0800043e   0x000000e4   Code   RO         6162    .text               mf_w.l(dmul.o)
    0x08000522   0x08000522   0x000000de   Code   RO         6164    .text               mf_w.l(ddiv.o)
    0x08000600   0x08000600   0x00000022   Code   RO         6166    .text               mf_w.l(dflti.o)
    0x08000622   0x08000622   0x0000001a   Code   RO         6168    .text               mf_w.l(dfltui.o)
    0x0800063c   0x0800063c   0x0000003e   Code   RO         6170    .text               mf_w.l(dfixi.o)
    0x0800067a   0x0800067a   0x00000032   Code   RO         6172    .text               mf_w.l(dfixui.o)
    0x080006ac   0x080006ac   0x00000026   Code   RO         6174    .text               mf_w.l(f2d.o)
    0x080006d2   0x080006d2   0x00000002   PAD
    0x080006d4   0x080006d4   0x00000030   Code   RO         6176    .text               mf_w.l(cdcmple.o)
    0x08000704   0x08000704   0x00000030   Code   RO         6178    .text               mf_w.l(cdrcmple.o)
    0x08000734   0x08000734   0x00000038   Code   RO         6180    .text               mf_w.l(d2f.o)
    0x0800076c   0x0800076c   0x0000001e   Code   RO         6198    .text               mc_w.l(llshl.o)
    0x0800078a   0x0800078a   0x00000020   Code   RO         6200    .text               mc_w.l(llushr.o)
    0x080007aa   0x080007aa   0x00000024   Code   RO         6202    .text               mc_w.l(llsshr.o)
    0x080007ce   0x080007ce   0x00000000   Code   RO         6204    .text               mc_w.l(iusefp.o)
    0x080007ce   0x080007ce   0x0000006e   Code   RO         6205    .text               mf_w.l(fepilogue.o)
    0x0800083c   0x0800083c   0x000000ba   Code   RO         6207    .text               mf_w.l(depilogue.o)
    0x080008f6   0x080008f6   0x00000002   PAD
    0x080008f8   0x080008f8   0x00000024   Code   RO         6209    .text               mc_w.l(init.o)
    0x0800091c   0x0800091c   0x00000056   Code   RO         6219    .text               mc_w.l(__dczerorl2.o)
    0x08000972   0x08000972   0x00000002   PAD
    0x08000974   0x08000974   0x0000002c   Code   RO          824    i.ADC1_2_IRQHandler  adc_port.o
    0x080009a0   0x080009a0   0x00000084   Code   RO          825    i.ADC_DMA_Init      adc_port.o
    0x08000a24   0x08000a24   0x000000a8   Code   RO          826    i.ADC_Init          adc_port.o
    0x08000acc   0x08000acc   0x0000007c   Code   RO          827    i.ADC_gpio_config   adc_port.o
    0x08000b48   0x08000b48   0x00000148   Code   RO         1152    i.APEXInit          apex_gc_port.o
    0x08000c90   0x08000c90   0x00000354   Code   RO         1592    i.ApexBarFlashForSet  app_menutask.o
    0x08000fe4   0x08000fe4   0x00000be0   Code   RO         1593    i.ApexProgressBarFlash  app_menutask.o
    0x08001bc4   0x08001bc4   0x00000058   Code   RO         1274    i.AppUsartMotorTransmit  usart_motor_bsp.o
    0x08001c1c   0x08001c1c   0x000000b0   Code   RO         1538    i.App_MotorControl  app_motorcontroltask.o
    0x08001ccc   0x08001ccc   0x00000078   Code   RO         1594    i.Bat_ValueBlink    app_menutask.o
    0x08001d44   0x08001d44   0x000000d8   Code   RO         1494    i.BatteryCapacityManage  app_periodictask.o
    0x08001e1c   0x08001e1c   0x00000004   Code   RO          295    i.BusFault_Handler  at32f413_int.o
    0x08001e20   0x08001e20   0x0000002c   Code   RO          970    i.ButtonInit        key.o
    0x08001e4c   0x08001e4c   0x0000019c   Code   RO          971    i.ButtonScan        key.o
    0x08001fe8   0x08001fe8   0x000000f0   Code   RO          920    i.BuzzerInit        buzz_port.o
    0x080020d8   0x080020d8   0x00000034   Code   RO          921    i.BuzzrSimpleSwitch  buzz_port.o
    0x0800210c   0x0800210c   0x00000024   Code   RO          296    i.DMA1_Channel1_IRQHandler  at32f413_int.o
    0x08002130   0x08002130   0x00000016   Code   RO          297    i.DMA1_Channel6_IRQHandler  at32f413_int.o
    0x08002146   0x08002146   0x00000016   Code   RO          298    i.DMA1_Channel7_IRQHandler  at32f413_int.o
    0x0800215c   0x0800215c   0x0000002c   Code   RO          299    i.DMA2_Channel1_IRQHandler  at32f413_int.o
    0x08002188   0x08002188   0x0000002c   Code   RO          300    i.DMA2_Channel2_IRQHandler  at32f413_int.o
    0x080021b4   0x080021b4   0x00000024   Code   RO          301    i.DMA2_Channel3_IRQHandler  at32f413_int.o
    0x080021d8   0x080021d8   0x00000002   Code   RO          302    i.DebugMon_Handler  at32f413_int.o
    0x080021da   0x080021da   0x00000002   PAD
    0x080021dc   0x080021dc   0x0000002c   Code   RO         1595    i.DeviceOffTimeManage  app_menutask.o
    0x08002208   0x08002208   0x0000001c   Code   RO            4    i.DeviceParamCheck  main.o
    0x08002224   0x08002224   0x00000022   Code   RO            5    i.DevicePowerOnSequence  main.o
    0x08002246   0x08002246   0x00000002   PAD
    0x08002248   0x08002248   0x00000190   Code   RO         1596    i.Disp_ApexPreForSet  app_menutask.o
    0x080023d8   0x080023d8   0x00000190   Code   RO         1597    i.Disp_ApexPrepare  app_menutask.o
    0x08002568   0x08002568   0x000000d0   Code   RO         1598    i.Disp_MotorAndApexPrepare  app_menutask.o
    0x08002638   0x08002638   0x0000006e   Code   RO         1599    i.Disp_TorqueOnly   app_menutask.o
    0x080026a6   0x080026a6   0x00000042   Code   RO         1600    i.Disp_TorquePictureInApexAndMotorMode  app_menutask.o
    0x080026e8   0x080026e8   0x00000220   Code   RO         1601    i.Disp_TorqueProgressBar  app_menutask.o
    0x08002908   0x08002908   0x00000030   Code   RO          508    i.DisplayBluetoothIcon  oled_port.o
    0x08002938   0x08002938   0x00000002   Code   RO          303    i.EXINT1_IRQHandler  at32f413_int.o
    0x0800293a   0x0800293a   0x00000002   Code   RO          304    i.EXINT2_IRQHandler  at32f413_int.o
    0x0800293c   0x0800293c   0x00000002   Code   RO          305    i.EXINT3_IRQHandler  at32f413_int.o
    0x0800293e   0x0800293e   0x00000002   Code   RO          306    i.EXINT9_5_IRQHandler  at32f413_int.o
    0x08002940   0x08002940   0x000000cc   Code   RO          972    i.FlexButtonInit    key.o
    0x08002a0c   0x08002a0c   0x0000003c   Code   RO          973    i.FlexButtonRegister  key.o
    0x08002a48   0x08002a48   0x00000184   Code   RO         1602    i.FreshTorquePictureInApexAndMotorMode  app_menutask.o
    0x08002bcc   0x08002bcc   0x00000714   Code   RO         1603    i.GC_ControlMotor   app_menutask.o
    0x080032e0   0x080032e0   0x0000002c   Code   RO         1406    i.GC_PWM_SwitchTimeManage  main_thread.o
    0x0800330c   0x0800330c   0x00000030   Code   RO         1153    i.GC_depth_vlaue    apex_gc_port.o
    0x0800333c   0x0800333c   0x0000002a   Code   RO          975    i.GetButtonLevel    key.o
    0x08003366   0x08003366   0x00000002   PAD
    0x08003368   0x08003368   0x00000088   Code   RO         1938    i.GetRealTorque     customer_control.o
    0x080033f0   0x080033f0   0x00000004   Code   RO          307    i.HardFault_Handler  at32f413_int.o
    0x080033f4   0x080033f4   0x00000070   Code   RO         1604    i.HomePageHandle    app_menutask.o
    0x08003464   0x08003464   0x00000148   Code   RO         1495    i.InsertStatusMonitor  app_periodictask.o
    0x080035ac   0x080035ac   0x0000007c   Code   RO          976    i.KeyHandle         key.o
    0x08003628   0x08003628   0x00000078   Code   RO          709    i.LedFunctionSet    gpio_port.o
    0x080036a0   0x080036a0   0x00000150   Code   RO          710    i.LedPeriodicProcessing  gpio_port.o
    0x080037f0   0x080037f0   0x00000038   Code   RO          829    i.LevelValue        adc_port.o
    0x08003828   0x08003828   0x0000000c   Code   RO         1539    i.MOTOR_150US_Callback  app_motorcontroltask.o
    0x08003834   0x08003834   0x00000004   Code   RO          308    i.MemManage_Handler  at32f413_int.o
    0x08003838   0x08003838   0x000008f4   Code   RO         1605    i.MenuConfigMotorParam  app_menutask.o
    0x0800412c   0x0800412c   0x0000004c   Code   RO         1606    i.MenuDevicePowerOff  app_menutask.o
    0x08004178   0x08004178   0x0000002c   Code   RO         1607    i.MenuIdleTimeManage  app_menutask.o
    0x080041a4   0x080041a4   0x000002d4   Code   RO         1608    i.MenuMotorParamUpdate  app_menutask.o
    0x08004478   0x08004478   0x000000a6   Code   RO         1609    i.MenuPageTurns     app_menutask.o
    0x0800451e   0x0800451e   0x00000002   PAD
    0x08004520   0x08004520   0x000007b4   Code   RO         1610    i.MotorRunModeAndTorque  app_menutask.o
    0x08004cd4   0x08004cd4   0x00000002   Code   RO          309    i.NMI_Handler       at32f413_int.o
    0x08004cd6   0x08004cd6   0x00000002   PAD
    0x08004cd8   0x08004cd8   0x00000068   Code   RO          444    i.NormalTimerInit   time_init.o
    0x08004d40   0x08004d40   0x00000030   Code   RO          509    i.OLED_Clear        oled_port.o
    0x08004d70   0x08004d70   0x00000028   Code   RO          510    i.OLED_Clear_no_fresh  oled_port.o
    0x08004d98   0x08004d98   0x0000000c   Code   RO          511    i.OLED_DisPlay_Off  oled_port.o
    0x08004da4   0x08004da4   0x0000004c   Code   RO         1611    i.OLED_Display_CHARGING  app_menutask.o
    0x08004df0   0x08004df0   0x0000000a   Code   RO         1612    i.OLED_Display_LOGO  app_menutask.o
    0x08004dfa   0x08004dfa   0x00000002   PAD
    0x08004dfc   0x08004dfc   0x000000d8   Code   RO         1613    i.OLED_Display_MAIN  app_menutask.o
    0x08004ed4   0x08004ed4   0x00000044   Code   RO         1614    i.OLED_Display_POWER_OFF  app_menutask.o
    0x08004f18   0x08004f18   0x000001fc   Code   RO         1615    i.OLED_Display_WORK  app_menutask.o
    0x08005114   0x08005114   0x00000010   Code   RO         1616    i.OLED_Display_motorDirection  app_menutask.o
    0x08005124   0x08005124   0x00000078   Code   RO          514    i.OLED_DrawPoint    oled_port.o
    0x0800519c   0x0800519c   0x000001e4   Code   RO          515    i.OLED_Init         oled_port.o
    0x08005380   0x08005380   0x00000016   Code   RO          516    i.OLED_Pow          oled_port.o
    0x08005396   0x08005396   0x00000002   PAD
    0x08005398   0x08005398   0x00000114   Code   RO          517    i.OLED_Refresh      oled_port.o
    0x080054ac   0x080054ac   0x0000013c   Code   RO          519    i.OLED_ShowChar     oled_port.o
    0x080055e8   0x080055e8   0x00000090   Code   RO          521    i.OLED_ShowNum      oled_port.o
    0x08005678   0x08005678   0x000000d6   Code   RO          522    i.OLED_ShowPicture  oled_port.o
    0x0800574e   0x0800574e   0x0000006e   Code   RO          523    i.OLED_ShowString   oled_port.o
    0x080057bc   0x080057bc   0x00000064   Code   RO          524    i.OLED_WR_Byte      oled_port.o
    0x08005820   0x08005820   0x0000006c   Code   RO          525    i.OLED_WR_Data_Bytes  oled_port.o
    0x0800588c   0x0800588c   0x0000045a   Code   RO         1617    i.OLED_disp_motor_param  app_menutask.o
    0x08005ce6   0x08005ce6   0x00000012   Code   RO         1029    i.Resume_RTOS_stick  at32f413_board.o
    0x08005cf8   0x08005cf8   0x00000048   Code   RO         3005    i.SEGGER_RTT_Write  segger_rtt.o
    0x08005d40   0x08005d40   0x00000084   Code   RO         3008    i.SEGGER_RTT_WriteNoLock  segger_rtt.o
    0x08005dc4   0x08005dc4   0x00000022   Code   RO         2942    i.SEGGER_RTT_printf  segger_rtt_printf.o
    0x08005de6   0x08005de6   0x00000002   PAD
    0x08005de8   0x08005de8   0x000002c8   Code   RO         2943    i.SEGGER_RTT_vprintf  segger_rtt_printf.o
    0x080060b0   0x080060b0   0x00000124   Code   RO         1618    i.SubmenuApexControlMode  app_menutask.o
    0x080061d4   0x080061d4   0x00000016   Code   RO         1619    i.SubmenuApexOffeset  app_menutask.o
    0x080061ea   0x080061ea   0x00000002   PAD
    0x080061ec   0x080061ec   0x00000130   Code   RO         1620    i.SubmenuCalibration  app_menutask.o
    0x0800631c   0x0800631c   0x00000064   Code   RO         1621    i.SubmenuEntranceMotorOrApex  app_menutask.o
    0x08006380   0x08006380   0x00000078   Code   RO         1622    i.SubmenuHandBluetooth  app_menutask.o
    0x080063f8   0x080063f8   0x00000060   Code   RO         1623    i.SubmenuHandness   app_menutask.o
    0x08006458   0x08006458   0x000000f4   Code   RO         1624    i.SubmenuMotorParam  app_menutask.o
    0x0800654c   0x0800654c   0x00000750   Code   RO         1625    i.SubmenuPageHandle  app_menutask.o
    0x08006c9c   0x08006c9c   0x000000dc   Code   RO         1626    i.SubmenuPageTurns  app_menutask.o
    0x08006d78   0x08006d78   0x000000b4   Code   RO         1627    i.SubmenuRestoreParam  app_menutask.o
    0x08006e2c   0x08006e2c   0x00000012   Code   RO         1030    i.Suspend_RTOS_stick  at32f413_board.o
    0x08006e3e   0x08006e3e   0x00000002   PAD
    0x08006e40   0x08006e40   0x00000034   Code   RO         2834    i.SysTick_Handler   port.o
    0x08006e74   0x08006e74   0x00000070   Code   RO         1901    i.SystemInit        system_at32f413.o
    0x08006ee4   0x08006ee4   0x0000001c   Code   RO          310    i.TMR1_TRG_HALL_TMR11_IRQHandler  at32f413_int.o
    0x08006f00   0x08006f00   0x00000020   Code   RO          311    i.TMR3_GLOBAL_IRQHandler  at32f413_int.o
    0x08006f20   0x08006f20   0x00000024   Code   RO          312    i.TMR4_GLOBAL_IRQHandler  at32f413_int.o
    0x08006f44   0x08006f44   0x0000001c   Code   RO         1275    i.TX_CheckSum       usart_motor_bsp.o
    0x08006f60   0x08006f60   0x000004fc   Code   RO         1628    i.TorqueProgressBarFlash  app_menutask.o
    0x0800745c   0x0800745c   0x0000000c   Code   RO         1629    i.TorqueRangeCheck  app_menutask.o
    0x08007468   0x08007468   0x00000060   Code   RO         1276    i.USART3_IRQHandler  usart_motor_bsp.o
    0x080074c8   0x080074c8   0x00000004   Code   RO          313    i.UsageFault_Handler  at32f413_int.o
    0x080074cc   0x080074cc   0x0000001c   Code   RO          478    i.Wdt_Init          wdt.o
    0x080074e8   0x080074e8   0x0000001e   Code   RO          479    i.Wdt_Reset         wdt.o
    0x08007506   0x08007506   0x00000002   PAD
    0x08007508   0x08007508   0x00000138   Code   RO         1630    i.WorkPageFlash     app_menutask.o
    0x08007640   0x08007640   0x00000070   Code   RO         3012    i._DoInit           segger_rtt.o
    0x080076b0   0x080076b0   0x0000001c   Code   RO         3013    i._GetAvailWriteSpace  segger_rtt.o
    0x080076cc   0x080076cc   0x000000ec   Code   RO         2944    i._PrintInt         segger_rtt_printf.o
    0x080077b8   0x080077b8   0x000000ec   Code   RO         2945    i._PrintUnsigned    segger_rtt_printf.o
    0x080078a4   0x080078a4   0x00000044   Code   RO         2946    i._StoreChar        segger_rtt_printf.o
    0x080078e8   0x080078e8   0x00000076   Code   RO         3015    i._WriteBlocking    segger_rtt.o
    0x0800795e   0x0800795e   0x00000058   Code   RO         3016    i._WriteNoCheck     segger_rtt.o
    0x080079b6   0x080079b6   0x0000000e   Code   RO         6213    i.__scatterload_copy  mc_w.l(handlers.o)
    0x080079c4   0x080079c4   0x00000002   Code   RO         6214    i.__scatterload_null  mc_w.l(handlers.o)
    0x080079c6   0x080079c6   0x0000000e   Code   RO         6215    i.__scatterload_zeroinit  mc_w.l(handlers.o)
    0x080079d4   0x080079d4   0x0000002c   Code   RO         3310    i.adc_base_config   at32f413_adc.o
    0x08007a00   0x08007a00   0x0000000e   Code   RO         3311    i.adc_base_default_para_init  at32f413_adc.o
    0x08007a0e   0x08007a0e   0x0000000c   Code   RO         3312    i.adc_calibration_init  at32f413_adc.o
    0x08007a1a   0x08007a1a   0x00000012   Code   RO         3313    i.adc_calibration_init_status_get  at32f413_adc.o
    0x08007a2c   0x08007a2c   0x0000000c   Code   RO         3314    i.adc_calibration_start  at32f413_adc.o
    0x08007a38   0x08007a38   0x00000012   Code   RO         3315    i.adc_calibration_status_get  at32f413_adc.o
    0x08007a4a   0x08007a4a   0x00000002   PAD
    0x08007a4c   0x08007a4c   0x00000014   Code   RO         3316    i.adc_combine_mode_select  at32f413_adc.o
    0x08007a60   0x08007a60   0x0000000a   Code   RO         3318    i.adc_dma_mode_enable  at32f413_adc.o
    0x08007a6a   0x08007a6a   0x0000000a   Code   RO         3319    i.adc_enable        at32f413_adc.o
    0x08007a74   0x08007a74   0x00000006   Code   RO         3320    i.adc_flag_clear    at32f413_adc.o
    0x08007a7a   0x08007a7a   0x00000010   Code   RO         3321    i.adc_flag_get      at32f413_adc.o
    0x08007a8a   0x08007a8a   0x00000194   Code   RO         3323    i.adc_ordinary_channel_set  at32f413_adc.o
    0x08007c1e   0x08007c1e   0x00000034   Code   RO         3325    i.adc_ordinary_conversion_trigger_set  at32f413_adc.o
    0x08007c52   0x08007c52   0x0000000a   Code   RO         3328    i.adc_ordinary_software_trigger_enable  at32f413_adc.o
    0x08007c5c   0x08007c5c   0x00000014   Code   RO         1154    i.apex_depth_calculate  apex_gc_port.o
    0x08007c70   0x08007c70   0x000000d4   Code   RO         1155    i.apex_frequency_set  apex_gc_port.o
    0x08007d44   0x08007d44   0x00000022   Code   RO         1277    i.app_u_motor_angle_cali  usart_motor_bsp.o
    0x08007d66   0x08007d66   0x00000036   Code   RO         1278    i.app_u_motor_angle_cali_next  usart_motor_bsp.o
    0x08007d9c   0x08007d9c   0x00000012   Code   RO         1279    i.app_u_motor_get_sta_req  usart_motor_bsp.o
    0x08007dae   0x08007dae   0x00000002   PAD
    0x08007db0   0x08007db0   0x0000005c   Code   RO         1280    i.app_u_motor_handle  usart_motor_bsp.o
    0x08007e0c   0x08007e0c   0x00000010   Code   RO         1282    i.app_u_motor_position_set  usart_motor_bsp.o
    0x08007e1c   0x08007e1c   0x00000050   Code   RO         1283    i.app_u_motor_rec_data  usart_motor_bsp.o
    0x08007e6c   0x08007e6c   0x00000012   Code   RO         1284    i.app_u_motor_reset  usart_motor_bsp.o
    0x08007e7e   0x08007e7e   0x00000002   PAD
    0x08007e80   0x08007e80   0x000000c4   Code   RO         1286    i.app_u_motor_start  usart_motor_bsp.o
    0x08007f44   0x08007f44   0x00000012   Code   RO         1287    i.app_u_motor_stop  usart_motor_bsp.o
    0x08007f56   0x08007f56   0x000000a0   Code   RO         1288    i.app_u_rec_check   usart_motor_bsp.o
    0x08007ff6   0x08007ff6   0x00000002   PAD
    0x08007ff8   0x08007ff8   0x000000bc   Code   RO         1289    i.app_uart_motor_init  usart_motor_bsp.o
    0x080080b4   0x080080b4   0x00000024   Code   RO         1828    i.buffer_compare    app_user_storage.o
    0x080080d8   0x080080d8   0x00000048   Code   RO          922    i.buzz_frequency_set  buzz_port.o
    0x08008120   0x08008120   0x00000120   Code   RO          526    i.chargValue        oled_port.o
    0x08008240   0x08008240   0x00000178   Code   RO          527    i.charg_bgm         oled_port.o
    0x080083b8   0x080083b8   0x0000009c   Code   RO         1290    i.config_u_motor_uart3_dma  usart_motor_bsp.o
    0x08008454   0x08008454   0x00000020   Code   RO         3844    i.crm_adc_clock_div_set  at32f413_crm.o
    0x08008474   0x08008474   0x00000014   Code   RO         3845    i.crm_ahb_div_set   at32f413_crm.o
    0x08008488   0x08008488   0x00000014   Code   RO         3846    i.crm_apb1_div_set  at32f413_crm.o
    0x0800849c   0x0800849c   0x00000014   Code   RO         3847    i.crm_apb2_div_set  at32f413_crm.o
    0x080084b0   0x080084b0   0x00000028   Code   RO         3848    i.crm_auto_step_mode_enable  at32f413_crm.o
    0x080084d8   0x080084d8   0x00000060   Code   RO         3854    i.crm_clock_source_enable  at32f413_crm.o
    0x08008538   0x08008538   0x00000114   Code   RO         3855    i.crm_clocks_freq_get  at32f413_crm.o
    0x0800864c   0x0800864c   0x00000030   Code   RO         3857    i.crm_flag_get      at32f413_crm.o
    0x0800867c   0x0800867c   0x0000002e   Code   RO         3859    i.crm_hext_stable_wait  at32f413_crm.o
    0x080086aa   0x080086aa   0x00000002   PAD
    0x080086ac   0x080086ac   0x00000044   Code   RO         3866    i.crm_periph_clock_enable  at32f413_crm.o
    0x080086f0   0x080086f0   0x0000006c   Code   RO         3869    i.crm_pll_config    at32f413_crm.o
    0x0800875c   0x0800875c   0x00000058   Code   RO         3870    i.crm_reset         at32f413_crm.o
    0x080087b4   0x080087b4   0x00000014   Code   RO         3873    i.crm_sysclk_switch  at32f413_crm.o
    0x080087c8   0x080087c8   0x00000010   Code   RO         3874    i.crm_sysclk_switch_status_get  at32f413_crm.o
    0x080087d8   0x080087d8   0x000002e8   Code   RO         1940    i.customer_control  customer_control.o
    0x08008ac0   0x08008ac0   0x000002a8   Code   RO         1829    i.default_para_write_buff  app_user_storage.o
    0x08008d68   0x08008d68   0x00000040   Code   RO         2084    i.delay_1ms         delay.o
    0x08008da8   0x08008da8   0x00000064   Code   RO         1031    i.delay_init        at32f413_board.o
    0x08008e0c   0x08008e0c   0x00000014   Code   RO          711    i.device_power_off  gpio_port.o
    0x08008e20   0x08008e20   0x00000014   Code   RO          712    i.device_power_on   gpio_port.o
    0x08008e34   0x08008e34   0x00000028   Code   RO          529    i.disp_DrawColumn   oled_port.o
    0x08008e5c   0x08008e5c   0x00000028   Code   RO          530    i.disp_DrawRow      oled_port.o
    0x08008e84   0x08008e84   0x00000168   Code   RO          531    i.disp_batValue     oled_port.o
    0x08008fec   0x08008fec   0x0000000a   Code   RO         4097    i.dma_channel_enable  at32f413_dma.o
    0x08008ff6   0x08008ff6   0x00000004   Code   RO         4099    i.dma_data_number_set  at32f413_dma.o
    0x08008ffa   0x08008ffa   0x00000018   Code   RO         4100    i.dma_default_para_init  at32f413_dma.o
    0x08009012   0x08009012   0x00000002   PAD
    0x08009014   0x08009014   0x00000020   Code   RO         4101    i.dma_flag_clear    at32f413_dma.o
    0x08009034   0x08009034   0x0000002c   Code   RO         4102    i.dma_flag_get      at32f413_dma.o
    0x08009060   0x08009060   0x00000098   Code   RO         4103    i.dma_flexible_config  at32f413_dma.o
    0x080090f8   0x080090f8   0x0000005c   Code   RO         4104    i.dma_init          at32f413_dma.o
    0x08009154   0x08009154   0x00000012   Code   RO         4105    i.dma_interrupt_enable  at32f413_dma.o
    0x08009166   0x08009166   0x00000002   PAD
    0x08009168   0x08009168   0x00000070   Code   RO         4106    i.dma_reset         at32f413_dma.o
    0x080091d8   0x080091d8   0x00000024   Code   RO            6    i.extend_sram       main.o
    0x080091fc   0x080091fc   0x00000010   Code   RO         4246    i.flash_fap_status_get  at32f413_flash.o
    0x0800920c   0x0800920c   0x0000002c   Code   RO         4247    i.flash_flag_clear  at32f413_flash.o
    0x08009238   0x08009238   0x00000074   Code   RO         4249    i.flash_halfword_program  at32f413_flash.o
    0x080092ac   0x080092ac   0x00000014   Code   RO         4252    i.flash_lock        at32f413_flash.o
    0x080092c0   0x080092c0   0x00000034   Code   RO         4253    i.flash_operation_status_get  at32f413_flash.o
    0x080092f4   0x080092f4   0x00000024   Code   RO         4254    i.flash_operation_wait_for  at32f413_flash.o
    0x08009318   0x08009318   0x0000001a   Code   RO         1086    i.flash_read        flash.o
    0x08009332   0x08009332   0x00000002   PAD
    0x08009334   0x08009334   0x0000008c   Code   RO         4255    i.flash_sector_erase  at32f413_flash.o
    0x080093c0   0x080093c0   0x00000034   Code   RO         4267    i.flash_spim_operation_status_get  at32f413_flash.o
    0x080093f4   0x080093f4   0x00000024   Code   RO         4268    i.flash_spim_operation_wait_for  at32f413_flash.o
    0x08009418   0x08009418   0x00000018   Code   RO         4272    i.flash_unlock      at32f413_flash.o
    0x08009430   0x08009430   0x00000098   Code   RO         4273    i.flash_user_system_data_erase  at32f413_flash.o
    0x080094c8   0x080094c8   0x00000068   Code   RO         4274    i.flash_user_system_data_program  at32f413_flash.o
    0x08009530   0x08009530   0x00000120   Code   RO         1087    i.flash_write       flash.o
    0x08009650   0x08009650   0x00000038   Code   RO         1088    i.flash_write_nocheck  flash.o
    0x08009688   0x08009688   0x0000003c   Code   RO          830    i.fresh_adc_value   adc_port.o
    0x080096c4   0x080096c4   0x00000444   Code   RO         1156    i.gc_calc_wl        apex_gc_port.o
    0x08009b08   0x08009b08   0x00000024   Code   RO         1157    i.gc_in_or_exit     apex_gc_port.o
    0x08009b2c   0x08009b2c   0x00000bdc   Code   RO         1158    i.gc_list_init      apex_gc_port.o
    0x0800a708   0x0800a708   0x00000018   Code   RO          713    i.get_add_button_state  gpio_port.o
    0x0800a720   0x0800a720   0x00000014   Code   RO          714    i.get_charge_state  gpio_port.o
    0x0800a734   0x0800a734   0x0000000c   Code   RO          831    i.get_gc_400_value  adc_port.o
    0x0800a740   0x0800a740   0x0000000c   Code   RO          832    i.get_gc_8k_value   adc_port.o
    0x0800a74c   0x0800a74c   0x00000018   Code   RO          715    i.get_gc_state      gpio_port.o
    0x0800a764   0x0800a764   0x00000014   Code   RO          716    i.get_insert_state  gpio_port.o
    0x0800a778   0x0800a778   0x00000014   Code   RO          717    i.get_run_button_state  gpio_port.o
    0x0800a78c   0x0800a78c   0x00000018   Code   RO          718    i.get_s_button_state  gpio_port.o
    0x0800a7a4   0x0800a7a4   0x00000018   Code   RO          719    i.get_sub_button_state  gpio_port.o
    0x0800a7bc   0x0800a7bc   0x0000003c   Code   RO          834    i.get_vbat_value    adc_port.o
    0x0800a7f8   0x0800a7f8   0x00000004   Code   RO         4470    i.gpio_bits_reset   at32f413_gpio.o
    0x0800a7fc   0x0800a7fc   0x00000004   Code   RO         4471    i.gpio_bits_set     at32f413_gpio.o
    0x0800a800   0x0800a800   0x00000016   Code   RO         4473    i.gpio_default_para_init  at32f413_gpio.o
    0x0800a816   0x0800a816   0x000000a8   Code   RO         4477    i.gpio_init         at32f413_gpio.o
    0x0800a8be   0x0800a8be   0x00000012   Code   RO         4478    i.gpio_input_data_bit_read  at32f413_gpio.o
    0x0800a8d0   0x0800a8d0   0x0000004c   Code   RO         4483    i.gpio_pin_remap_config  at32f413_gpio.o
    0x0800a91c   0x0800a91c   0x00000008   Code   RO          720    i.gpio_pins_toggle  gpio_port.o
    0x0800a924   0x0800a924   0x00000064   Code   RO          721    i.led_op            gpio_port.o
    0x0800a988   0x0800a988   0x000000a4   Code   RO          532    i.logo_disppaly     oled_port.o
    0x0800aa2c   0x0800aa2c   0x00000080   Code   RO            7    i.main              main.o
    0x0800aaac   0x0800aaac   0x00000094   Code   RO          533    i.main_dir_fill     oled_port.o
    0x0800ab40   0x0800ab40   0x00000014   Code   RO         1945    i.mode_select       customer_control.o
    0x0800ab54   0x0800ab54   0x000000e0   Code   RO         1946    i.noload_current    customer_control.o
    0x0800ac34   0x0800ac34   0x000000c8   Code   RO         4789    i.nvic_irq_enable   at32f413_misc.o
    0x0800acfc   0x0800acfc   0x00000028   Code   RO         4791    i.nvic_priority_group_config  at32f413_misc.o
    0x0800ad24   0x0800ad24   0x0000002c   Code   RO         4792    i.nvic_system_reset  at32f413_misc.o
    0x0800ad50   0x0800ad50   0x00000044   Code   RO         1830    i.para_copy_default  app_user_storage.o
    0x0800ad94   0x0800ad94   0x00000068   Code   RO         1831    i.para_print        app_user_storage.o
    0x0800adfc   0x0800adfc   0x00000020   Code   RO            8    i.peripheral_init   main.o
    0x0800ae1c   0x0800ae1c   0x000000c0   Code   RO         2323    i.prvAddCurrentTaskToDelayedList  tasks.o
    0x0800aedc   0x0800aedc   0x000000e4   Code   RO         2324    i.prvAddNewTaskToReadyList  tasks.o
    0x0800afc0   0x0800afc0   0x0000004c   Code   RO         2627    i.prvCheckForValidListAndQueue  timers.o
    0x0800b00c   0x0800b00c   0x00000048   Code   RO         2325    i.prvCheckTasksWaitingTermination  tasks.o
    0x0800b054   0x0800b054   0x0000002a   Code   RO         2166    i.prvCopyDataFromQueue  queue.o
    0x0800b07e   0x0800b07e   0x0000006a   Code   RO         2167    i.prvCopyDataToQueue  queue.o
    0x0800b0e8   0x0800b0e8   0x00000012   Code   RO         2326    i.prvDeleteTCB      tasks.o
    0x0800b0fa   0x0800b0fa   0x00000002   PAD
    0x0800b0fc   0x0800b0fc   0x00000028   Code   RO         2628    i.prvGetNextExpireTime  timers.o
    0x0800b124   0x0800b124   0x00000038   Code   RO         2904    i.prvHeapInit       heap_2.o
    0x0800b15c   0x0800b15c   0x00000028   Code   RO         2327    i.prvIdleTask       tasks.o
    0x0800b184   0x0800b184   0x00000026   Code   RO         2168    i.prvInitialiseNewQueue  queue.o
    0x0800b1aa   0x0800b1aa   0x0000008a   Code   RO         2328    i.prvInitialiseNewTask  tasks.o
    0x0800b234   0x0800b234   0x00000068   Code   RO         2329    i.prvInitialiseTaskLists  tasks.o
    0x0800b29c   0x0800b29c   0x00000058   Code   RO         2630    i.prvInsertTimerInActiveList  timers.o
    0x0800b2f4   0x0800b2f4   0x0000001a   Code   RO         2169    i.prvIsQueueEmpty   queue.o
    0x0800b30e   0x0800b30e   0x0000001e   Code   RO         2170    i.prvIsQueueFull    queue.o
    0x0800b32c   0x0800b32c   0x00000044   Code   RO         2631    i.prvProcessExpiredTimer  timers.o
    0x0800b370   0x0800b370   0x000000f8   Code   RO         2632    i.prvProcessReceivedCommands  timers.o
    0x0800b468   0x0800b468   0x00000074   Code   RO         2633    i.prvProcessTimerOrBlockTask  timers.o
    0x0800b4dc   0x0800b4dc   0x00000028   Code   RO         2634    i.prvReloadTimer    timers.o
    0x0800b504   0x0800b504   0x00000030   Code   RO         2330    i.prvResetNextTaskUnblockTime  tasks.o
    0x0800b534   0x0800b534   0x0000002c   Code   RO         2635    i.prvSampleTimeNow  timers.o
    0x0800b560   0x0800b560   0x00000044   Code   RO         2636    i.prvSwitchTimerLists  timers.o
    0x0800b5a4   0x0800b5a4   0x00000016   Code   RO         2835    i.prvTaskExitError  port.o
    0x0800b5ba   0x0800b5ba   0x00000002   PAD
    0x0800b5bc   0x0800b5bc   0x00000040   Code   RO         2331    i.prvTaskIsTaskSuspended  tasks.o
    0x0800b5fc   0x0800b5fc   0x0000001e   Code   RO         2765    i.prvTestWaitCondition  event_groups.o
    0x0800b61a   0x0800b61a   0x0000001a   Code   RO         2637    i.prvTimerTask      timers.o
    0x0800b634   0x0800b634   0x0000007e   Code   RO         2171    i.prvUnlockQueue    queue.o
    0x0800b6b2   0x0800b6b2   0x00000002   PAD
    0x0800b6b4   0x0800b6b4   0x000000d0   Code   RO         2905    i.pvPortMalloc      heap_2.o
    0x0800b784   0x0800b784   0x0000002c   Code   RO         2836    i.pxPortInitialiseStack  port.o
    0x0800b7b0   0x0800b7b0   0x0000000c   Code   RO          835    i.restart_adc_sampling  adc_port.o
    0x0800b7bc   0x0800b7bc   0x00000034   Code   RO         1947    i.set_position      customer_control.o
    0x0800b7f0   0x0800b7f0   0x00000018   Code   RO         1948    i.set_speed         customer_control.o
    0x0800b808   0x0800b808   0x0000000c   Code   RO         1950    i.set_toggle_mode_speed  customer_control.o
    0x0800b814   0x0800b814   0x00000078   Code   RO         1951    i.set_torque_limit  customer_control.o
    0x0800b88c   0x0800b88c   0x00000016   Code   RO         5202    i.spi_default_para_init  at32f413_spi.o
    0x0800b8a2   0x0800b8a2   0x0000000a   Code   RO         5203    i.spi_enable        at32f413_spi.o
    0x0800b8ac   0x0800b8ac   0x00000004   Code   RO         5208    i.spi_i2s_data_transmit  at32f413_spi.o
    0x0800b8b0   0x0800b8b0   0x00000010   Code   RO         5212    i.spi_i2s_flag_get  at32f413_spi.o
    0x0800b8c0   0x0800b8c0   0x00000124   Code   RO         5215    i.spi_init          at32f413_spi.o
    0x0800b9e4   0x0800b9e4   0x00000100   Code   RO          534    i.spi_lcd_init      oled_port.o
    0x0800bae4   0x0800bae4   0x00000018   Code   RO         1952    i.start             customer_control.o
    0x0800bafc   0x0800bafc   0x00000048   Code   RO          836    i.start_adc_acquisition  adc_port.o
    0x0800bb44   0x0800bb44   0x000000e0   Code   RO         1832    i.start_para_write_read  app_user_storage.o
    0x0800bc24   0x0800bc24   0x00000014   Code   RO         1953    i.stop              customer_control.o
    0x0800bc38   0x0800bc38   0x00000090   Code   RO          271    i.system_clock_config  at32f413_clock.o
    0x0800bcc8   0x0800bcc8   0x000000e8   Code   RO         1902    i.system_core_clock_update  system_at32f413.o
    0x0800bdb0   0x0800bdb0   0x00000028   Code   RO         4794    i.systick_clock_source_config  at32f413_misc.o
    0x0800bdd8   0x0800bdd8   0x0000011c   Code   RO         1631    i.timerCountDown    app_menutask.o
    0x0800bef4   0x0800bef4   0x00000010   Code   RO         5351    i.tmr_base_init     at32f413_tmr.o
    0x0800bf04   0x0800bf04   0x00000028   Code   RO         5359    i.tmr_channel_value_set  at32f413_tmr.o
    0x0800bf2c   0x0800bf2c   0x0000000a   Code   RO         5360    i.tmr_clock_source_div_set  at32f413_tmr.o
    0x0800bf36   0x0800bf36   0x0000000a   Code   RO         5361    i.tmr_cnt_dir_set   at32f413_tmr.o
    0x0800bf40   0x0800bf40   0x0000000a   Code   RO         5362    i.tmr_counter_enable  at32f413_tmr.o
    0x0800bf4a   0x0800bf4a   0x00000006   Code   RO         5374    i.tmr_flag_clear    at32f413_tmr.o
    0x0800bf50   0x0800bf50   0x00000012   Code   RO         5375    i.tmr_flag_get      at32f413_tmr.o
    0x0800bf62   0x0800bf62   0x00000016   Code   RO         5383    i.tmr_interrupt_enable  at32f413_tmr.o
    0x0800bf78   0x0800bf78   0x00000042   Code   RO         5385    i.tmr_output_channel_buffer_enable  at32f413_tmr.o
    0x0800bfba   0x0800bfba   0x000001a0   Code   RO         5386    i.tmr_output_channel_config  at32f413_tmr.o
    0x0800c15a   0x0800c15a   0x00000012   Code   RO         5391    i.tmr_output_default_para_init  at32f413_tmr.o
    0x0800c16c   0x0800c16c   0x0000000a   Code   RO         5395    i.tmr_period_buffer_enable  at32f413_tmr.o
    0x0800c176   0x0800c176   0x00000002   PAD
    0x0800c178   0x0800c178   0x00000124   Code   RO         1954    i.toggle_torque_reach  customer_control.o
    0x0800c29c   0x0800c29c   0x000000e4   Code   RO         1955    i.torque_reach      customer_control.o
    0x0800c380   0x0800c380   0x00000040   Code   RO         1291    i.u_motor_send_data  usart_motor_bsp.o
    0x0800c3c0   0x0800c3c0   0x00000036   Code   RO         1956    i.update_settings   customer_control.o
    0x0800c3f6   0x0800c3f6   0x00000008   Code   RO         5702    i.usart_data_receive  at32f413_usart.o
    0x0800c3fe   0x0800c3fe   0x0000000a   Code   RO         5705    i.usart_dma_transmitter_enable  at32f413_usart.o
    0x0800c408   0x0800c408   0x0000000a   Code   RO         5706    i.usart_enable      at32f413_usart.o
    0x0800c412   0x0800c412   0x00000012   Code   RO         5707    i.usart_flag_clear  at32f413_usart.o
    0x0800c424   0x0800c424   0x00000010   Code   RO         5708    i.usart_flag_get    at32f413_usart.o
    0x0800c434   0x0800c434   0x0000006c   Code   RO         5710    i.usart_init        at32f413_usart.o
    0x0800c4a0   0x0800c4a0   0x00000036   Code   RO         5711    i.usart_interrupt_enable  at32f413_usart.o
    0x0800c4d6   0x0800c4d6   0x0000000a   Code   RO         5717    i.usart_receiver_enable  at32f413_usart.o
    0x0800c4e0   0x0800c4e0   0x0000000a   Code   RO         5724    i.usart_transmitter_enable  at32f413_usart.o
    0x0800c4ea   0x0800c4ea   0x00000002   PAD
    0x0800c4ec   0x0800c4ec   0x00000118   Code   RO          722    i.user_gpio_init    gpio_port.o
    0x0800c604   0x0800c604   0x00000028   Code   RO         2130    i.uxListRemove      list.o
    0x0800c62c   0x0800c62c   0x0000001c   Code   RO         2337    i.uxTaskResetEventItemValue  tasks.o
    0x0800c648   0x0800c648   0x00000508   Code   RO         1407    i.vApexGC_Task      main_thread.o
    0x0800cb50   0x0800cb50   0x00000310   Code   RO         1408    i.vAppBeepTemporaryTask  main_thread.o
    0x0800ce60   0x0800ce60   0x00000094   Code   RO         1409    i.vAppKeyTask       main_thread.o
    0x0800cef4   0x0800cef4   0x000007a4   Code   RO         1632    i.vAppMenuManageTask  app_menutask.o
    0x0800d698   0x0800d698   0x00000250   Code   RO         1542    i.vAppMotorControlTask  app_motorcontroltask.o
    0x0800d8e8   0x0800d8e8   0x000000cc   Code   RO         1496    i.vAppPeriodicTask  app_periodictask.o
    0x0800d9b4   0x0800d9b4   0x0000001a   Code   RO         2131    i.vListInitialise   list.o
    0x0800d9ce   0x0800d9ce   0x00000006   Code   RO         2132    i.vListInitialiseItem  list.o
    0x0800d9d4   0x0800d9d4   0x00000034   Code   RO         2133    i.vListInsert       list.o
    0x0800da08   0x0800da08   0x00000018   Code   RO         2134    i.vListInsertEnd    list.o
    0x0800da20   0x0800da20   0x00000024   Code   RO         2838    i.vPortEnterCritical  port.o
    0x0800da44   0x0800da44   0x00000020   Code   RO         2839    i.vPortExitCritical  port.o
    0x0800da64   0x0800da64   0x00000040   Code   RO         2906    i.vPortFree         heap_2.o
    0x0800daa4   0x0800daa4   0x00000018   Code   RO         2840    i.vPortSetupTimerInterrupt  port.o
    0x0800dabc   0x0800dabc   0x0000004a   Code   RO         2176    i.vQueueWaitForMessageRestricted  queue.o
    0x0800db06   0x0800db06   0x00000002   PAD
    0x0800db08   0x0800db08   0x000001c4   Code   RO         1410    i.vSysWDT_ManageTask  main_thread.o
    0x0800dccc   0x0800dccc   0x00000034   Code   RO         2338    i.vTaskDelay        tasks.o
    0x0800dd00   0x0800dd00   0x000000cc   Code   RO         2339    i.vTaskDelete       tasks.o
    0x0800ddcc   0x0800ddcc   0x00000018   Code   RO         2342    i.vTaskInternalSetTimeOutState  tasks.o
    0x0800dde4   0x0800dde4   0x0000000c   Code   RO         2343    i.vTaskMissedYield  tasks.o
    0x0800ddf0   0x0800ddf0   0x00000020   Code   RO         2344    i.vTaskPlaceOnEventList  tasks.o
    0x0800de10   0x0800de10   0x0000004c   Code   RO         2345    i.vTaskPlaceOnEventListRestricted  tasks.o
    0x0800de5c   0x0800de5c   0x00000050   Code   RO         2346    i.vTaskPlaceOnUnorderedEventList  tasks.o
    0x0800deac   0x0800deac   0x000000d0   Code   RO         2348    i.vTaskRemoveFromUnorderedEventList  tasks.o
    0x0800df7c   0x0800df7c   0x000000ac   Code   RO         2349    i.vTaskResume       tasks.o
    0x0800e028   0x0800e028   0x000001d8   Code   RO         1411    i.vTaskStart        main_thread.o
    0x0800e200   0x0800e200   0x00000078   Code   RO         2351    i.vTaskStartScheduler  tasks.o
    0x0800e278   0x0800e278   0x000000d8   Code   RO         2352    i.vTaskSuspend      tasks.o
    0x0800e350   0x0800e350   0x00000010   Code   RO         2353    i.vTaskSuspendAll   tasks.o
    0x0800e360   0x0800e360   0x00000060   Code   RO         2354    i.vTaskSwitchContext  tasks.o
    0x0800e3c0   0x0800e3c0   0x00000010   Code   RO         6028    i.wdt_counter_reload  at32f413_wdt.o
    0x0800e3d0   0x0800e3d0   0x00000014   Code   RO         6029    i.wdt_divider_set   at32f413_wdt.o
    0x0800e3e4   0x0800e3e4   0x00000010   Code   RO         6030    i.wdt_enable        at32f413_wdt.o
    0x0800e3f4   0x0800e3f4   0x00000018   Code   RO         6032    i.wdt_register_write_enable  at32f413_wdt.o
    0x0800e40c   0x0800e40c   0x0000000c   Code   RO         6033    i.wdt_reload_value_set  at32f413_wdt.o
    0x0800e418   0x0800e418   0x00000090   Code   RO         1833    i.write_para_judge  app_user_storage.o
    0x0800e4a8   0x0800e4a8   0x00000020   Code   RO         2769    i.xEventGroupClearBits  event_groups.o
    0x0800e4c8   0x0800e4c8   0x0000001a   Code   RO         2770    i.xEventGroupCreate  event_groups.o
    0x0800e4e2   0x0800e4e2   0x00000092   Code   RO         2772    i.xEventGroupSetBits  event_groups.o
    0x0800e574   0x0800e574   0x000000cc   Code   RO         2774    i.xEventGroupWaitBits  event_groups.o
    0x0800e640   0x0800e640   0x00000048   Code   RO         2841    i.xPortStartScheduler  port.o
    0x0800e688   0x0800e688   0x0000004c   Code   RO         2177    i.xQueueGenericCreate  queue.o
    0x0800e6d4   0x0800e6d4   0x000000a0   Code   RO         2178    i.xQueueGenericReset  queue.o
    0x0800e774   0x0800e774   0x00000118   Code   RO         2179    i.xQueueGenericSend  queue.o
    0x0800e88c   0x0800e88c   0x00000104   Code   RO         2186    i.xQueueReceive     queue.o
    0x0800e990   0x0800e990   0x000000f0   Code   RO         2188    i.xQueueSemaphoreTake  queue.o
    0x0800ea80   0x0800ea80   0x00000060   Code   RO         2356    i.xTaskCheckForTimeOut  tasks.o
    0x0800eae0   0x0800eae0   0x00000060   Code   RO         2357    i.xTaskCreate       tasks.o
    0x0800eb40   0x0800eb40   0x0000000c   Code   RO         2364    i.xTaskGetTickCount  tasks.o
    0x0800eb4c   0x0800eb4c   0x00000190   Code   RO         2366    i.xTaskIncrementTick  tasks.o
    0x0800ecdc   0x0800ecdc   0x00000108   Code   RO         2367    i.xTaskRemoveFromEventList  tasks.o
    0x0800ede4   0x0800ede4   0x0000015c   Code   RO         2368    i.xTaskResumeAll    tasks.o
    0x0800ef40   0x0800ef40   0x0000003c   Code   RO         2643    i.xTimerCreateTimerTask  timers.o
    0x0800ef7c   0x0800ef7c   0x00001e70   Data   RO          537    .constdata          oled_port.o
    0x08010dec   0x08010dec   0x00000010   Data   RO         1903    .constdata          system_at32f413.o
    0x08010dfc   0x08010dfc   0x00000010   Data   RO         2947    .constdata          segger_rtt_printf.o
    0x08010e0c   0x08010e0c   0x00000011   Data   RO         3018    .constdata          segger_rtt.o
    0x08010e1d   0x08010e1d   0x00000028   Data   RO         3878    .constdata          at32f413_crm.o
    0x08010e45   0x08010e45   0x00000003   PAD
    0x08010e48   0x08010e48   0x000000c7   Data   RO         1836    .conststring        app_user_storage.o
    0x08010f0f   0x08010f0f   0x00000001   PAD
    0x08010f10   0x08010f10   0x00000020   Data   RO         6211    Region$$Table       anon$$obj.o


    Execution Region RW_IRAM1 (Exec base: 0x20000000, Load base: 0x08010f30, Size: 0x00006cf8, Max: 0x00008000, ABSOLUTE, COMPRESSED[0x00000278])

    Exec Addr    Load Addr    Size         Type   Attr      Idx    E Section Name        Object

    0x20000000   COMPRESSED   0x00000006   Data   RW           10    .data               main.o
    0x20000006   COMPRESSED   0x00000b84   Data   RW          538    .data               oled_port.o
    0x20000b8a   COMPRESSED   0x00000006   PAD
    0x20000b90   COMPRESSED   0x00000018   Data   RW          838    .data               adc_port.o
    0x20000ba8   COMPRESSED   0x00000002   Data   RW          925    .data               buzz_port.o
    0x20000baa   COMPRESSED   0x00000002   PAD
    0x20000bac   COMPRESSED   0x00000004   Data   RW          978    .data               key.o
    0x20000bb0   COMPRESSED   0x0000000c   Data   RW         1035    .data               at32f413_board.o
    0x20000bbc   COMPRESSED   0x00000010   Data   RW         1160    .data               apex_gc_port.o
    0x20000bcc   COMPRESSED   0x00000010   Data   RW         1293    .data               usart_motor_bsp.o
    0x20000bdc   COMPRESSED   0x00000057   Data   RW         1413    .data               main_thread.o
    0x20000c33   COMPRESSED   0x00000001   PAD
    0x20000c34   COMPRESSED   0x00000010   Data   RW         1497    .data               app_periodictask.o
    0x20000c44   COMPRESSED   0x00000004   Data   RW         1543    .data               app_motorcontroltask.o
    0x20000c48   COMPRESSED   0x000000ea   Data   RW         1633    .data               app_menutask.o
    0x20000d32   COMPRESSED   0x00000002   PAD
    0x20000d34   COMPRESSED   0x00000004   Data   RW         1904    .data               system_at32f413.o
    0x20000d38   COMPRESSED   0x00000085   Data   RW         1958    .data               customer_control.o
    0x20000dbd   COMPRESSED   0x00000001   Data   RW         2086    .data               delay.o
    0x20000dbe   COMPRESSED   0x00000002   PAD
    0x20000dc0   COMPRESSED   0x00000040   Data   RW         2371    .data               tasks.o
    0x20000e00   COMPRESSED   0x00000014   Data   RW         2650    .data               timers.o
    0x20000e14   COMPRESSED   0x00000004   Data   RW         2842    .data               port.o
    0x20000e18   COMPRESSED   0x00000018   Data   RW         2910    .data               heap_2.o
    0x20000e30        -       0x00000050   Zero   RW          536    .bss                oled_port.o
    0x20000e80        -       0x00000020   Zero   RW          723    .bss                gpio_port.o
    0x20000ea0        -       0x00000090   Zero   RW          837    .bss                adc_port.o
    0x20000f30        -       0x00000030   Zero   RW          977    .bss                key.o
    0x20000f60        -       0x00000800   Zero   RW         1089    .bss                flash.o
    0x20001760        -       0x0000007c   Zero   RW         1159    .bss                apex_gc_port.o
    0x200017dc        -       0x000000a8   Zero   RW         1292    .bss                usart_motor_bsp.o
    0x20001884        -       0x00000010   Zero   RW         1412    .bss                main_thread.o
    0x20001894        -       0x000001c0   Zero   RW         1834    .bss                app_user_storage.o
    0x20001a54        -       0x00000020   Zero   RW         1957    .bss                customer_control.o
    0x20001a74        -       0x000001a4   Zero   RW         2370    .bss                tasks.o
    0x20001c18        -       0x00000028   Zero   RW         2649    .bss                timers.o
    0x20001c40        -       0x00004400   Zero   RW         2909    .bss                heap_2.o
    0x20006040        -       0x000004b8   Zero   RW         3017    .bss                segger_rtt.o
    0x200064f8        -       0x00000800   Zero   RW         1891    STACK               startup_at32f413_ext_ram.o


==============================================================================

Image component sizes


      Code (inc. data)   RO Data    RW Data    ZI Data      Debug   Object Name

       752         86          0         24        144       8205   adc_port.o
      4772        280          0         16        124       6747   apex_gc_port.o
     22668       1220          0        234          0      41187   app_menutask.o
       780        162          0          4          0       2745   app_motorcontroltask.o
       748         70          0         16          0       2477   app_periodictask.o
      1256        218        199          0        448       8293   app_user_storage.o
       646         42          0          0          0       9634   at32f413_adc.o
       136         22          0         12          0       2374   at32f413_board.o
       144          0          0          0          0        642   at32f413_clock.o
       898        110         40          0          0       9544   at32f413_crm.o
       488         28          0          0          0       6283   at32f413_dma.o
       792         78          0          0          0       8122   at32f413_flash.o
       292          6          0          0          0       4730   at32f413_gpio.o
       328         60          0          0          0       9764   at32f413_int.o
       324         26          0          0          0      33456   at32f413_misc.o
       344          0          0          0          0       3663   at32f413_spi.o
       642          0          0          0          0       8606   at32f413_tmr.o
       244          6          0          0          0       6488   at32f413_usart.o
        88         28          0          0          0       2875   at32f413_wdt.o
       364         46          0          2          0       2991   buzz_port.o
      1950        218          0        133         32      11093   customer_control.o
        64         10          0          1          0        860   delay.o
       438          6          0          0          0       6094   event_groups.o
       370          4          0          0       2048       3253   flash.o
      1040         82          0          0         32       9505   gpio_port.o
       328         40          0         24      17408       3823   heap_2.o
       886         32          0          4         48       5294   key.o
       148          0          0          0          0       3518   list.o
       258         40          0          6          0      95368   main.o
      3188        400          0         87         16      11606   main_thread.o
      3714        148       7792       2948         80      21289   oled_port.o
       472         56          0          4          0      10092   port.o
      1458         18          0          0          0      26086   queue.o
       550         40         17          0       1208       9626   segger_rtt.o
      1286         12         16          0          0       6041   segger_rtt_printf.o
        68         14        368          0       2048        852   startup_at32f413_ext_ram.o
       344         38         16          4          0       2300   system_at32f413.o
      3456        444          0         64        420      37229   tasks.o
       104         14          0          0          0        774   time_init.o
       874        100          0         20         40      11416   timers.o
      1306        108          0         16        168      13913   usart_motor_bsp.o
        58          0          0          0          0       1099   wdt.o

    ----------------------------------------------------------------------
     59118       4312       8484       3632      24264     469957   Object Totals
         0          0         32          0          0          0   (incl. Generated)
        52          0          4         13          0          0   (incl. Padding)

    ----------------------------------------------------------------------

      Code (inc. data)   RO Data    RW Data    ZI Data      Debug   Library Member Name

        86          0          0          0          0          0   __dczerorl2.o
         0          0          0          0          0          0   entry.o
         0          0          0          0          0          0   entry10a.o
         0          0          0          0          0          0   entry11a.o
         4          0          0          0          0          0   entry12b.o
         8          4          0          0          0          0   entry2.o
         4          0          0          0          0          0   entry5.o
         0          0          0          0          0          0   entry7b.o
         0          0          0          0          0          0   entry8b.o
         8          4          0          0          0          0   entry9a.o
        30          0          0          0          0          0   handlers.o
        36          8          0          0          0         68   init.o
         0          0          0          0          0          0   iusefp.o
        30          0          0          0          0         68   llshl.o
        36          0          0          0          0         68   llsshr.o
        32          0          0          0          0         68   llushr.o
        64          0          0          0          0         76   memmovea.o
        36          0          0          0          0        108   memseta.o
        48          0          0          0          0         68   cdcmple.o
        48          0          0          0          0         68   cdrcmple.o
        56          0          0          0          0         88   d2f.o
       334          0          0          0          0        148   dadd.o
       222          0          0          0          0        100   ddiv.o
       186          0          0          0          0        176   depilogue.o
        62          0          0          0          0         80   dfixi.o
        50          0          0          0          0         76   dfixui.o
        34          0          0          0          0         76   dflti.o
        26          0          0          0          0         76   dfltui.o
       228          0          0          0          0         96   dmul.o
        38          0          0          0          0         68   f2d.o
       110          0          0          0          0        168   fepilogue.o

    ----------------------------------------------------------------------
      1822         16          0          0          0       1744   Library Totals
         6          0          0          0          0          0   (incl. Padding)

    ----------------------------------------------------------------------

      Code (inc. data)   RO Data    RW Data    ZI Data      Debug   Library Name

       374         16          0          0          0        456   mc_w.l
      1442          0          0          0          0       1288   mf_w.l

    ----------------------------------------------------------------------
      1822         16          0          0          0       1744   Library Totals

    ----------------------------------------------------------------------

==============================================================================


      Code (inc. data)   RO Data    RW Data    ZI Data      Debug   

     60940       4328       8484       3632      24264     435753   Grand Totals
     60940       4328       8484        632      24264     435753   ELF Image Totals (compressed)
     60940       4328       8484        632          0          0   ROM Totals

==============================================================================

    Total RO  Size (Code + RO Data)                69424 (  67.80kB)
    Total RW  Size (RW Data + ZI Data)             27896 (  27.24kB)
    Total ROM Size (Code + RO Data + RW Data)      70056 (  68.41kB)

==============================================================================

