Component: ARM Compiler 5.06 update 6 (build 750) Tool: armlink [4d35ed]

==============================================================================

Section Cross References

    main.o(i.DeviceParamCheck) refers to gpio_port.o(i.get_gc_state) for get_gc_state
    main.o(i.DeviceParamCheck) refers to app_user_storage.o(.bss) for sys_param_un
    main.o(i.DevicePowerOnSequence) refers to delay.o(i.delay_1ms) for delay_1ms
    main.o(i.DevicePowerOnSequence) refers to gpio_port.o(i.device_power_on) for device_power_on
    main.o(i.DevicePowerOnSequence) refers to buzz_port.o(i.BuzzrSimpleSwitch) for BuzzrSimpleSwitch
    main.o(i.extend_sram) refers to at32f413_flash.o(i.flash_unlock) for flash_unlock
    main.o(i.extend_sram) refers to at32f413_flash.o(i.flash_user_system_data_erase) for flash_user_system_data_erase
    main.o(i.extend_sram) refers to at32f413_flash.o(i.flash_user_system_data_program) for flash_user_system_data_program
    main.o(i.extend_sram) refers to at32f413_misc.o(i.nvic_system_reset) for nvic_system_reset
    main.o(i.main) refers to system_at32f413.o(i.SystemInit) for SystemInit
    main.o(i.main) refers to at32f413_clock.o(i.system_clock_config) for system_clock_config
    main.o(i.main) refers to main.o(i.extend_sram) for extend_sram
    main.o(i.main) refers to at32f413_misc.o(i.nvic_priority_group_config) for nvic_priority_group_config
    main.o(i.main) refers to at32f413_board.o(i.delay_init) for delay_init
    main.o(i.main) refers to time_init.o(i.NormalTimerInit) for NormalTimerInit
    main.o(i.main) refers to at32f413_board.o(i.Suspend_RTOS_stick) for Suspend_RTOS_stick
    main.o(i.main) refers to main.o(i.peripheral_init) for peripheral_init
    main.o(i.main) refers to app_user_storage.o(i.start_para_write_read) for start_para_write_read
    main.o(i.main) refers to main.o(i.DeviceParamCheck) for DeviceParamCheck
    main.o(i.main) refers to main.o(i.DevicePowerOnSequence) for DevicePowerOnSequence
    main.o(i.main) refers to wdt.o(i.Wdt_Init) for Wdt_Init
    main.o(i.main) refers to tasks.o(i.xTaskCreate) for xTaskCreate
    main.o(i.main) refers to tasks.o(i.vTaskStartScheduler) for vTaskStartScheduler
    main.o(i.main) refers to main.o(.data) for StartTask_Handle
    main.o(i.main) refers to main_thread.o(i.vTaskStart) for vTaskStart
    main.o(i.peripheral_init) refers to buzz_port.o(i.BuzzerInit) for BuzzerInit
    main.o(i.peripheral_init) refers to key.o(i.ButtonInit) for ButtonInit
    main.o(i.peripheral_init) refers to gpio_port.o(i.user_gpio_init) for user_gpio_init
    main.o(i.peripheral_init) refers to adc_port.o(i.start_adc_acquisition) for start_adc_acquisition
    main.o(i.peripheral_init) refers to mp6570.o(i.MP6570_PortInit) for MP6570_PortInit
    main.o(i.peripheral_init) refers to mp6570.o(i.MP6570_SetModeToSPI) for MP6570_SetModeToSPI
    main.o(i.peripheral_init) refers to customer_control.o(i.MotorDeviceReset) for MotorDeviceReset
    main.o(i.peripheral_init) refers to app_motorcontroltask.o(i.MotorParamInit) for MotorParamInit
    main.o(i.peripheral_init) refers to time_init.o(i.MotorTimerInit) for MotorTimerInit
    main.o(i.peripheral_init) refers to apex_gc_port.o(i.APEXInit) for APEXInit
    main.o(i.peripheral_init) refers to oled_port.o(i.OLED_Init) for OLED_Init
    at32f413_clock.o(i.system_clock_config) refers to at32f413_crm.o(i.crm_reset) for crm_reset
    at32f413_clock.o(i.system_clock_config) refers to at32f413_crm.o(i.crm_clock_source_enable) for crm_clock_source_enable
    at32f413_clock.o(i.system_clock_config) refers to at32f413_crm.o(i.crm_hext_stable_wait) for crm_hext_stable_wait
    at32f413_clock.o(i.system_clock_config) refers to at32f413_crm.o(i.crm_pll_config) for crm_pll_config
    at32f413_clock.o(i.system_clock_config) refers to at32f413_crm.o(i.crm_flag_get) for crm_flag_get
    at32f413_clock.o(i.system_clock_config) refers to at32f413_crm.o(i.crm_ahb_div_set) for crm_ahb_div_set
    at32f413_clock.o(i.system_clock_config) refers to at32f413_crm.o(i.crm_apb2_div_set) for crm_apb2_div_set
    at32f413_clock.o(i.system_clock_config) refers to at32f413_crm.o(i.crm_apb1_div_set) for crm_apb1_div_set
    at32f413_clock.o(i.system_clock_config) refers to at32f413_crm.o(i.crm_auto_step_mode_enable) for crm_auto_step_mode_enable
    at32f413_clock.o(i.system_clock_config) refers to at32f413_crm.o(i.crm_sysclk_switch) for crm_sysclk_switch
    at32f413_clock.o(i.system_clock_config) refers to at32f413_crm.o(i.crm_sysclk_switch_status_get) for crm_sysclk_switch_status_get
    at32f413_clock.o(i.system_clock_config) refers to system_at32f413.o(i.system_core_clock_update) for system_core_clock_update
    at32f413_int.o(i.DMA1_Channel1_IRQHandler) refers to at32f413_dma.o(i.dma_flag_get) for dma_flag_get
    at32f413_int.o(i.DMA1_Channel1_IRQHandler) refers to at32f413_dma.o(i.dma_flag_clear) for dma_flag_clear
    at32f413_int.o(i.DMA1_Channel1_IRQHandler) refers to adc_port.o(.data) for adc_trans_complete_flag
[...]
    device_power_on                          0x080093d5   Thumb Code    14  gpio_port.o(i.device_power_on)
    disp_DrawColumn                          0x080093e9   Thumb Code    40  oled_port.o(i.disp_DrawColumn)
    disp_DrawRow                             0x08009411   Thumb Code    40  oled_port.o(i.disp_DrawRow)
    disp_batValue                            0x08009439   Thumb Code   344  oled_port.o(i.disp_batValue)
    dma_channel_enable                       0x080095a1   Thumb Code    10  at32f413_dma.o(i.dma_channel_enable)
    dma_default_para_init                    0x080095ab   Thumb Code    24  at32f413_dma.o(i.dma_default_para_init)
    dma_flag_clear                           0x080095c5   Thumb Code    22  at32f413_dma.o(i.dma_flag_clear)
    dma_flag_get                             0x080095e5   Thumb Code    36  at32f413_dma.o(i.dma_flag_get)
    dma_init                                 0x08009611   Thumb Code    92  at32f413_dma.o(i.dma_init)
    dma_interrupt_enable                     0x0800966d   Thumb Code    18  at32f413_dma.o(i.dma_interrupt_enable)
    dma_reset                                0x08009681   Thumb Code   102  at32f413_dma.o(i.dma_reset)
    error_led_times                          0x080096f1   Thumb Code    84  control.o(i.error_led_times)
    exint_flag_clear                         0x08009745   Thumb Code     6  at32f413_exint.o(i.exint_flag_clear)
    exint_flag_get                           0x08009751   Thumb Code    24  at32f413_exint.o(i.exint_flag_get)
    extend_sram                              0x0800976d   Thumb Code    32  main.o(i.extend_sram)
    flash_fap_status_get                     0x08009791   Thumb Code    10  at32f413_flash.o(i.flash_fap_status_get)
    flash_flag_clear                         0x080097a1   Thumb Code    38  at32f413_flash.o(i.flash_flag_clear)
    flash_halfword_program                   0x080097cd   Thumb Code   112  at32f413_flash.o(i.flash_halfword_program)
    flash_lock                               0x08009841   Thumb Code    16  at32f413_flash.o(i.flash_lock)
    flash_operation_status_get               0x08009855   Thumb Code    48  at32f413_flash.o(i.flash_operation_status_get)
    flash_operation_wait_for                 0x08009889   Thumb Code    36  at32f413_flash.o(i.flash_operation_wait_for)
    flash_read                               0x080098ad   Thumb Code    26  flash.o(i.flash_read)
    flash_sector_erase                       0x080098c9   Thumb Code   136  at32f413_flash.o(i.flash_sector_erase)
    flash_spim_operation_status_get          0x08009955   Thumb Code    48  at32f413_flash.o(i.flash_spim_operation_status_get)
    flash_spim_operation_wait_for            0x08009989   Thumb Code    36  at32f413_flash.o(i.flash_spim_operation_wait_for)
    flash_unlock                             0x080099ad   Thumb Code    12  at32f413_flash.o(i.flash_unlock)
    flash_user_system_data_erase             0x080099c5   Thumb Code   134  at32f413_flash.o(i.flash_user_system_data_erase)
    flash_user_system_data_program           0x08009a5d   Thumb Code    88  at32f413_flash.o(i.flash_user_system_data_program)
    flash_write                              0x08009ac5   Thumb Code   284  flash.o(i.flash_write)
    flash_write_nocheck                      0x08009be5   Thumb Code    56  flash.o(i.flash_write_nocheck)
    fresh_adc_value                          0x08009c1d   Thumb Code    52  adc_port.o(i.fresh_adc_value)
    gc_in_or_exit                            0x0800a09d   Thumb Code    30  apex_gc_port.o(i.gc_in_or_exit)
    gc_list_init                             0x0800a0c1   Thumb Code  2958  apex_gc_port.o(i.gc_list_init)
    get_add_button_state                     0x0800ac9d   Thumb Code    18  gpio_port.o(i.get_add_button_state)
    get_charge_state                         0x0800acb5   Thumb Code    16  gpio_port.o(i.get_charge_state)
    get_gc_400_value                         0x0800acc9   Thumb Code     8  adc_port.o(i.get_gc_400_value)
    get_gc_8k_value                          0x0800acd5   Thumb Code     8  adc_port.o(i.get_gc_8k_value)
    get_gc_state                             0x0800ace1   Thumb Code    18  gpio_port.o(i.get_gc_state)
    get_insert_state                         0x0800acf9   Thumb Code    16  gpio_port.o(i.get_insert_state)
    get_run_button_state                     0x0800ad0d   Thumb Code    16  gpio_port.o(i.get_run_button_state)
    get_s_button_state                       0x0800ad21   Thumb Code    18  gpio_port.o(i.get_s_button_state)
    get_sub_button_state                     0x0800ad39   Thumb Code    18  gpio_port.o(i.get_sub_button_state)
    get_vbat_value                           0x0800ad51   Thumb Code    48  adc_port.o(i.get_vbat_value)
    gpio_bits_reset                          0x0800ad8d   Thumb Code     4  at32f413_gpio.o(i.gpio_bits_reset)
    gpio_bits_set                            0x0800ad91   Thumb Code     4  at32f413_gpio.o(i.gpio_bits_set)
    gpio_default_para_init                   0x0800ad95   Thumb Code    22  at32f413_gpio.o(i.gpio_default_para_init)
    gpio_init                                0x0800adab   Thumb Code   168  at32f413_gpio.o(i.gpio_init)
    gpio_input_data_bit_read                 0x0800ae53   Thumb Code    18  at32f413_gpio.o(i.gpio_input_data_bit_read)
    gpio_pin_remap_config                    0x0800ae65   Thumb Code    70  at32f413_gpio.o(i.gpio_pin_remap_config)
    gpio_pins_toggle                         0x0800aeb1   Thumb Code     8  gpio_port.o(i.gpio_pins_toggle)
    init_registers                           0x0800aeb9   Thumb Code   658  customer_control.o(i.init_registers)
    logo_disppaly                            0x0800b1b5   Thumb Code   152  oled_port.o(i.logo_disppaly)
    main                                     0x0800b259   Thumb Code    88  main.o(i.main)
    main_dir_fill                            0x0800b2c9   Thumb Code   138  oled_port.o(i.main_dir_fill)
    mode_select                              0x0800b35d   Thumb Code    30  customer_control.o(i.mode_select)
    mp6570_init                              0x0800b385   Thumb Code   308  mp6570.o(i.mp6570_init)
    nvic_irq_enable                          0x0800b4bd   Thumb Code   190  at32f413_misc.o(i.nvic_irq_enable)
    nvic_priority_group_config               0x0800b585   Thumb Code    32  at32f413_misc.o(i.nvic_priority_group_config)
    nvic_system_reset                        0x0800b5ad   Thumb Code    36  at32f413_misc.o(i.nvic_system_reset)
    para_copy_default                        0x0800b5d9   Thumb Code    52  app_user_storage.o(i.para_copy_default)
    para_print                               0x0800b61d   Thumb Code     2  app_user_storage.o(i.para_print)
    pid_calc                                 0x0800b665   Thumb Code   396  pid.o(i.pid_calc)
    pvPortMalloc                             0x0800c089   Thumb Code   190  heap_2.o(i.pvPortMalloc)
    pxPortInitialiseStack                    0x0800c159   Thumb Code    38  port.o(i.pxPortInitialiseStack)
    rc_calc                                  0x0800c185   Thumb Code    56  rc_filter.o(i.rc_calc)
    reset_parameters                         0x0800c1bd   Thumb Code   386  control.o(i.reset_parameters)
    reset_ref_and_loop                       0x0800c3a1   Thumb Code   320  control.o(i.reset_ref_and_loop)
    restart_adc_sampling                     0x0800c521   Thumb Code     8  adc_port.o(i.restart_adc_sampling)
    set_position                             0x0800c52d   Thumb Code    30  customer_control.o(i.set_position)
    set_r_in                                 0x0800c555   Thumb Code    28  mp6570.o(i.set_r_in)
    set_r_out                                0x0800c575   Thumb Code    38  mp6570.o(i.set_r_out)
    set_speed                                0x0800c5a1   Thumb Code    38  customer_control.o(i.set_speed)
    set_toggle_mode_speed                    0x0800c5d1   Thumb Code    22  customer_control.o(i.set_toggle_mode_speed)
    set_torque_limit                         0x0800c5ed   Thumb Code    64  customer_control.o(i.set_torque_limit)
    spi_default_para_init                    0x0800c63d   Thumb Code    22  at32f413_spi.o(i.spi_default_para_init)
    spi_enable                               0x0800c653   Thumb Code    10  at32f413_spi.o(i.spi_enable)
    spi_i2s_data_receive                     0x0800c65d   Thumb Code     8  at32f413_spi.o(i.spi_i2s_data_receive)
    spi_i2s_data_transmit                    0x0800c665   Thumb Code     4  at32f413_spi.o(i.spi_i2s_data_transmit)
    spi_i2s_flag_get                         0x0800c669   Thumb Code    16  at32f413_spi.o(i.spi_i2s_flag_get)
    spi_init                                 0x0800c679   Thumb Code   292  at32f413_spi.o(i.spi_init)
    start                                    0x0800c89d   Thumb Code    14  customer_control.o(i.start)
    start_adc_acquisition                    0x0800c8b5   Thumb Code    58  adc_port.o(i.start_adc_acquisition)
    start_para_write_read                    0x0800c8fd   Thumb Code    90  app_user_storage.o(i.start_para_write_read)
    stop                                     0x0800c969   Thumb Code    14  customer_control.o(i.stop)
    system_clock_config                      0x0800c981   Thumb Code   144  at32f413_clock.o(i.system_clock_config)
    system_core_clock_update                 0x0800ca11   Thumb Code   206  system_at32f413.o(i.system_core_clock_update)
    systick_clock_source_config              0x0800caf9   Thumb Code    40  at32f413_misc.o(i.systick_clock_source_config)
    tmr_base_init                            0x0800cc3d   Thumb Code    16  at32f413_tmr.o(i.tmr_base_init)
    tmr_channel_value_set                    0x0800cc4d   Thumb Code    40  at32f413_tmr.o(i.tmr_channel_value_set)
    tmr_clock_source_div_set                 0x0800cc75   Thumb Code    10  at32f413_tmr.o(i.tmr_clock_source_div_set)
    tmr_cnt_dir_set                          0x0800cc7f   Thumb Code    10  at32f413_tmr.o(i.tmr_cnt_dir_set)
    tmr_counter_enable                       0x0800cc89   Thumb Code    10  at32f413_tmr.o(i.tmr_counter_enable)
    tmr_flag_clear                           0x0800cc93   Thumb Code     6  at32f413_tmr.o(i.tmr_flag_clear)
    tmr_flag_get                             0x0800cc99   Thumb Code    18  at32f413_tmr.o(i.tmr_flag_get)
    tmr_interrupt_enable                     0x0800ccab   Thumb Code    22  at32f413_tmr.o(i.tmr_interrupt_enable)
    tmr_output_channel_buffer_enable         0x0800ccc1   Thumb Code    66  at32f413_tmr.o(i.tmr_output_channel_buffer_enable)
    tmr_output_channel_config                0x0800cd03   Thumb Code   416  at32f413_tmr.o(i.tmr_output_channel_config)
    tmr_output_default_para_init             0x0800cea3   Thumb Code    18  at32f413_tmr.o(i.tmr_output_default_para_init)
    tmr_period_buffer_enable                 0x0800ceb5   Thumb Code    10  at32f413_tmr.o(i.tmr_period_buffer_enable)
    toggle_torque_reach                      0x0800cec1   Thumb Code   296  customer_control.o(i.toggle_torque_reach)
    torque_reach                             0x0800d011   Thumb Code   240  customer_control.o(i.torque_reach)
    tracking_calc                            0x0800d121   Thumb Code    78  tracking_filter.o(i.tracking_calc)
    update_settings                          0x0800d16f   Thumb Code    54  customer_control.o(i.update_settings)
    update_status                            0x0800d1a5   Thumb Code   108  control.o(i.update_status)
    usart3_receive_bytes                     0x0800d221   Thumb Code   186  ble_2340c2.o(i.usart3_receive_bytes)
    usart_data_receive                       0x0800d2e5   Thumb Code     8  at32f413_usart.o(i.usart_data_receive)
    usart_flag_clear                         0x0800d2ed   Thumb Code    18  at32f413_usart.o(i.usart_flag_clear)
    usart_flag_get                           0x0800d2ff   Thumb Code    16  at32f413_usart.o(i.usart_flag_get)
    user_gpio_init                           0x0800d311   Thumb Code   262  gpio_port.o(i.user_gpio_init)
    uxListRemove                             0x0800d429   Thumb Code    40  list.o(i.uxListRemove)
    uxTaskResetEventItemValue                0x0800d451   Thumb Code    24  tasks.o(i.uxTaskResetEventItemValue)
    vApexGC_Task                             0x0800d46d   Thumb Code  1268  main_thread.o(i.vApexGC_Task)
    vAppBeepTemporaryTask                    0x0800d97d   Thumb Code   772  main_thread.o(i.vAppBeepTemporaryTask)
    vAppKeyTask                              0x0800dc8d   Thumb Code   122  main_thread.o(i.vAppKeyTask)
    vAppMenuManageTask                       0x0800dd21   Thumb Code  1886  app_menutask.o(i.vAppMenuManageTask)
    vAppMotorControlTask                     0x0800e4a9   Thumb Code    28  app_motorcontroltask.o(i.vAppMotorControlTask)
    vAppPeriodicTask                         0x0800e4c9   Thumb Code   188  app_periodictask.o(i.vAppPeriodicTask)
    vListInitialise                          0x0800e595   Thumb Code    26  list.o(i.vListInitialise)
    vListInitialiseItem                      0x0800e5af   Thumb Code     6  list.o(i.vListInitialiseItem)
    vListInsert                              0x0800e5b5   Thumb Code    52  list.o(i.vListInsert)
    vListInsertEnd                           0x0800e5e9   Thumb Code    24  list.o(i.vListInsertEnd)
    vPortEnterCritical                       0x0800e601   Thumb Code    30  port.o(i.vPortEnterCritical)
    vPortExitCritical                        0x0800e625   Thumb Code    28  port.o(i.vPortExitCritical)
    vPortFree                                0x0800e645   Thumb Code    56  heap_2.o(i.vPortFree)
    vPortSetupTimerInterrupt                 0x0800e685   Thumb Code    20  port.o(i.vPortSetupTimerInterrupt)
    vQueueWaitForMessageRestricted           0x0800e69d   Thumb Code    74  queue.o(i.vQueueWaitForMessageRestricted)
    vSysWDT_ManageTask                       0x0800e6e9   Thumb Code   332  main_thread.o(i.vSysWDT_ManageTask)
    vTaskDelay                               0x0800e8ad   Thumb Code    46  tasks.o(i.vTaskDelay)
    vTaskDelete                              0x0800e8e1   Thumb Code   166  tasks.o(i.vTaskDelete)
    vTaskInternalSetTimeOutState             0x0800e9ad   Thumb Code    14  tasks.o(i.vTaskInternalSetTimeOutState)
    vTaskMissedYield                         0x0800e9c5   Thumb Code     8  tasks.o(i.vTaskMissedYield)
    vTaskPlaceOnEventList                    0x0800e9d1   Thumb Code    28  tasks.o(i.vTaskPlaceOnEventList)
    vTaskPlaceOnEventListRestricted          0x0800e9f1   Thumb Code    70  tasks.o(i.vTaskPlaceOnEventListRestricted)
    vTaskPlaceOnUnorderedEventList           0x0800ea3d   Thumb Code    74  tasks.o(i.vTaskPlaceOnUnorderedEventList)
    vTaskRemoveFromUnorderedEventList        0x0800ea8d   Thumb Code   190  tasks.o(i.vTaskRemoveFromUnorderedEventList)
    vTaskResume                              0x0800eb5d   Thumb Code   156  tasks.o(i.vTaskResume)
    vTaskStart                               0x0800ec09   Thumb Code   276  main_thread.o(i.vTaskStart)
    vTaskStartScheduler                      0x0800edbd   Thumb Code    86  tasks.o(i.vTaskStartScheduler)
    vTaskSuspend                             0x0800ee35   Thumb Code   188  tasks.o(i.vTaskSuspend)
    vTaskSuspendAll                          0x0800ef0d   Thumb Code    12  tasks.o(i.vTaskSuspendAll)
    vTaskSwitchContext                       0x0800ef1d   Thumb Code    76  tasks.o(i.vTaskSwitchContext)
    wdt_counter_reload                       0x0800ef7d   Thumb Code    10  at32f413_wdt.o(i.wdt_counter_reload)
    wdt_divider_set                          0x0800ef8d   Thumb Code    14  at32f413_wdt.o(i.wdt_divider_set)
    wdt_enable                               0x0800efa1   Thumb Code    10  at32f413_wdt.o(i.wdt_enable)
    wdt_register_write_enable                0x0800efb1   Thumb Code    20  at32f413_wdt.o(i.wdt_register_write_enable)
    wdt_reload_value_set                     0x0800efc9   Thumb Code     6  at32f413_wdt.o(i.wdt_reload_value_set)
    write_para_judge                         0x0800efd5   Thumb Code    52  app_user_storage.o(i.write_para_judge)
    xEventGroupClearBits                     0x0800f021   Thumb Code    32  event_groups.o(i.xEventGroupClearBits)
    xEventGroupCreate                        0x0800f041   Thumb Code    26  event_groups.o(i.xEventGroupCreate)
    xEventGroupSetBits                       0x0800f05b   Thumb Code   146  event_groups.o(i.xEventGroupSetBits)
    xEventGroupWaitBits                      0x0800f0ed   Thumb Code   198  event_groups.o(i.xEventGroupWaitBits)
    xPortStartScheduler                      0x0800f1b9   Thumb Code    58  port.o(i.xPortStartScheduler)
    xQueueGenericCreate                      0x0800f201   Thumb Code    76  queue.o(i.xQueueGenericCreate)
    xQueueGenericReset                       0x0800f24d   Thumb Code   156  queue.o(i.xQueueGenericReset)
    xQueueGenericSend                        0x0800f2ed   Thumb Code   276  queue.o(i.xQueueGenericSend)
    xQueueReceive                            0x0800f405   Thumb Code   256  queue.o(i.xQueueReceive)
    xQueueSemaphoreTake                      0x0800f509   Thumb Code   234  queue.o(i.xQueueSemaphoreTake)
    xTaskCheckForTimeOut                     0x0800f5f9   Thumb Code    88  tasks.o(i.xTaskCheckForTimeOut)
    xTaskCreate                              0x0800f659   Thumb Code    96  tasks.o(i.xTaskCreate)
    xTaskGetTickCount                        0x0800f6b9   Thumb Code     6  tasks.o(i.xTaskGetTickCount)
    xTaskIncrementTick                       0x0800f6c5   Thumb Code   356  tasks.o(i.xTaskIncrementTick)
    xTaskRemoveFromEventList                 0x0800f855   Thumb Code   240  tasks.o(i.xTaskRemoveFromEventList)
    xTaskResumeAll                           0x0800f95d   Thumb Code   310  tasks.o(i.xTaskResumeAll)
    xTimerCreateTimerTask                    0x0800fab9   Thumb Code    40  timers.o(i.xTimerCreateTimerTask)
    __aeabi_dneg                             0x0800faf5   Thumb Code     0  basic.o(x$fpl$basic)
    _dneg                                    0x0800faf5   Thumb Code     6  basic.o(x$fpl$basic)
    __aeabi_fneg                             0x0800fafb   Thumb Code     0  basic.o(x$fpl$basic)
    _fneg                                    0x0800fafb   Thumb Code     6  basic.o(x$fpl$basic)
    _dabs                                    0x0800fb01   Thumb Code     6  basic.o(x$fpl$basic)
    _fabs                                    0x0800fb07   Thumb Code     6  basic.o(x$fpl$basic)
    __aeabi_dadd                             0x0800fb0d   Thumb Code     0  daddsub_clz.o(x$fpl$dadd)
    _dadd                                    0x0800fb0d   Thumb Code   332  daddsub_clz.o(x$fpl$dadd)
    __fpl_dcmp_Inf                           0x0800fc5d   Thumb Code    24  dcmpi.o(x$fpl$dcmpinf)
    __aeabi_ddiv                             0x0800fc75   Thumb Code     0  ddiv.o(x$fpl$ddiv)
    _ddiv                                    0x0800fc75   Thumb Code   552  ddiv.o(x$fpl$ddiv)
    __aeabi_d2iz                             0x0800ff25   Thumb Code     0  dfix.o(x$fpl$dfix)
    _dfix                                    0x0800ff25   Thumb Code    94  dfix.o(x$fpl$dfix)
    __aeabi_d2uiz                            0x0800ff85   Thumb Code     0  dfixu.o(x$fpl$dfixu)
    _dfixu                                   0x0800ff85   Thumb Code    90  dfixu.o(x$fpl$dfixu)
    __aeabi_i2d                              0x0800ffdf   Thumb Code     0  dflt_clz.o(x$fpl$dflt)
    _dflt                                    0x0800ffdf   Thumb Code    46  dflt_clz.o(x$fpl$dflt)
    __aeabi_ui2d                             0x0801000d   Thumb Code     0  dflt_clz.o(x$fpl$dfltu)
    _dfltu                                   0x0801000d   Thumb Code    38  dflt_clz.o(x$fpl$dfltu)
    __aeabi_cdcmple                          0x08010035   Thumb Code     0  dleqf.o(x$fpl$dleqf)
    _dcmple                                  0x08010035   Thumb Code   120  dleqf.o(x$fpl$dleqf)
    __fpl_dcmple_InfNaN                      0x08010097   Thumb Code     0  dleqf.o(x$fpl$dleqf)
    __aeabi_dmul                             0x080100ad   Thumb Code     0  dmul.o(x$fpl$dmul)
    _dmul                                    0x080100ad   Thumb Code   332  dmul.o(x$fpl$dmul)
    __fpl_dnaninf                            0x08010201   Thumb Code   156  dnaninf.o(x$fpl$dnaninf)
    __fpl_dretinf                            0x0801029d   Thumb Code    12  dretinf.o(x$fpl$dretinf)
    __aeabi_cdrcmple                         0x080102a9   Thumb Code     0  drleqf.o(x$fpl$drleqf)
    _drcmple                                 0x080102a9   Thumb Code   108  drleqf.o(x$fpl$drleqf)
    __aeabi_dsub                             0x08010315   Thumb Code     0  daddsub_clz.o(x$fpl$dsub)
    _dsub                                    0x08010315   Thumb Code   464  daddsub_clz.o(x$fpl$dsub)
    _fp_init                                 0x080104e9   Thumb Code    10  fpinit.o(x$fpl$fpinit)
    __fplib_config_fpu_vfp                   0x080104f1   Thumb Code     0  fpinit.o(x$fpl$fpinit)
    __fplib_config_pureend_doubles           0x080104f1   Thumb Code     0  fpinit.o(x$fpl$fpinit)
    __I$use$fp                               0x080104f2   Number         0  usenofp.o(x$fpl$usenofp)
    asc2_0806                                0x080104f2   Data         552  oled_port.o(.constdata)
    asc2_1206                                0x0801071a   Data        1140  oled_port.o(.constdata)
    asc2_1608                                0x08010b8e   Data        1520  oled_port.o(.constdata)
    asc2_2412                                0x0801117e   Data        3420  oled_port.o(.constdata)
    Hzk1                                     0x08011eda   Data         352  oled_port.o(.constdata)
    Hzk2                                     0x0801203a   Data          72  oled_port.o(.constdata)
    Hzk3                                     0x08012082   Data         128  oled_port.o(.constdata)
    Hzk4                                     0x08012102   Data         512  oled_port.o(.constdata)
    ble                                      0x08012302   Data          96  oled_port.o(.constdata)
    Region$$Table$$Base                      0x08012374   Number         0  anon$$obj.o(Region$$Table)
    Region$$Table$$Limit                     0x08012394   Number         0  anon$$obj.o(Region$$Table)
    StartTask_Handle                         0x20000000   Data           4  main.o(.data)
    usart_rx_dma_status                      0x20000004   Data           1  main.o(.data)
    usart_tx_dma_status                      0x20000005   Data           1  main.o(.data)
    asc_4816                                 0x20000006   Data          96  oled_port.o(.data)
    asc2_3216                                0x20000066   Data         448  oled_port.o(.data)
    little_bat                               0x20000226   Data         480  oled_port.o(.data)
    f_r_dir                                  0x20000406   Data         640  oled_port.o(.data)
    spi2_tx_dma_status                       0x20000b86   Data           1  oled_port.o(.data)
    adc_trans_complete_flag                  0x20000b90   Data           1  adc_port.o(.data)
    sys_time_flag                            0x20000bb0   Data           4  at32f413_board.o(.data)
    WDTEventGroup                            0x20000bcc   Data           4  main_thread.o(.data)
    keyScanTask_Handle                       0x20000bd0   Data           4  main_thread.o(.data)
    periodicTask_Handle                      0x20000bd4   Data           4  main_thread.o(.data)
    ApexGC_Task_Handle                       0x20000bd8   Data           4  main_thread.o(.data)
    menuManageTask_Handle                    0x20000bdc   Data           4  main_thread.o(.data)
    motorControlTask_Handle                  0x20000be0   Data           4  main_thread.o(.data)
    beepTemporaryTask_Handle                 0x20000be4   Data           4  main_thread.o(.data)
    WDT_ManageTask_Handle                    0x20000be8   Data           4  main_thread.o(.data)
    xQueueKeyMessage                         0x20000bec   Data           4  main_thread.o(.data)
    xQueueBeepMode                           0x20000bf0   Data           4  main_thread.o(.data)
    xQueueMenuValue                          0x20000bf4   Data           4  main_thread.o(.data)
    xQueueBatValue                           0x20000bf8   Data           4  main_thread.o(.data)
    xSemaphoreDispRfresh                     0x20000bfc   Data           4  main_thread.o(.data)
    xSemaphorePowerOff                       0x20000c00   Data           4  main_thread.o(.data)
    xSemaphoreApexAutoCalibration            0x20000c04   Data           4  main_thread.o(.data)
    xTimer01                                 0x20000c08   Data           4  main_thread.o(.data)
    torque_list                              0x20000c34   Data          42  app_menutask.o(.data)
    speed_list                               0x20000c5e   Data          40  app_menutask.o(.data)
    torque_limit                             0x20000c86   Data          44  app_menutask.o(.data)
    system_core_clock                        0x20000d20   Data           4  system_at32f413.o(.data)
    reg                                      0x20000d24   Data         256  mp6570.o(.data)
    status_mp6570                            0x20000e24   Data           2  customer_control.o(.data)
    forward_speed                            0x20000e26   Data           2  customer_control.o(.data)
    reverse_speed                            0x20000e28   Data           2  customer_control.o(.data)
    forward_position                         0x20000e2c   Data           4  customer_control.o(.data)
    reverse_position                         0x20000e30   Data           4  customer_control.o(.data)
    upper_threshold                          0x20000e34   Data           2  customer_control.o(.data)
    lower_threshold                          0x20000e36   Data           2  customer_control.o(.data)
    threshold_times                          0x20000e38   Data           2  customer_control.o(.data)
    reach_upper_times                        0x20000e3a   Data           2  customer_control.o(.data)
    reach_lower_times                        0x20000e3c   Data           2  customer_control.o(.data)
    motor_status                             0x20000e3e   Data           6  customer_control.o(.data)
    normal_time_complete_flag                0x20000e51   Data           1  delay.o(.data)
    pxCurrentTCB                             0x20000e54   Data           4  tasks.o(.data)
    uxTopUsedPriority                        0x20000e8c   Data           4  tasks.o(.data)
    Mode                                     0x20000ec8   Data           1  control.o(.data)
    control_mode                             0x20000ec9   Data           1  control.o(.data)
    run                                      0x20000eca   Data           1  control.o(.data)
    brake                                    0x20000ecb   Data           1  control.o(.data)
    update_command                           0x20000ecc   Data           1  control.o(.data)
    error_status                             0x20000ecd   Data           1  control.o(.data)
    error_temp                               0x20000ece   Data           2  control.o(.data)
    errorStatusLatch                         0x20000ed0   Data           1  control.o(.data)
    ocp_cnt                                  0x20000ed4   Data           4  control.o(.data)
    ocp_status                               0x20000ed8   Data           1  control.o(.data)
    iq_limit                                 0x20000eda   Data           2  control.o(.data)
    ocp_time_limit                           0x20000edc   Data           4  control.o(.data)
    over_load_en                             0x20000ee0   Data           1  control.o(.data)
    error_disp_cnt                           0x20000ee4   Data           4  control.o(.data)
    lock_flag                                0x20000ee8   Data           1  control.o(.data)
    stall_counter                            0x20000eec   Data           4  control.o(.data)
    position_stall_last                      0x20000ef0   Data           4  control.o(.data)
    error_clock                              0x20000ef4   Data           1  control.o(.data)
    error_led_state                          0x20000ef5   Data           1  control.o(.data)
    start_retry_cnt                          0x20000ef6   Data           1  control.o(.data)
    retry_cnt                                0x20000ef8   Data           4  control.o(.data)
    position_ref                             0x20000efc   Data           4  control.o(.data)
    speed_ref                                0x20000f00   Data           4  control.o(.data)
    iq_ref                                   0x20000f04   Data           4  control.o(.data)
    angle_raw                                0x20000f08   Data           2  control.o(.data)
    angle                                    0x20000f0c   Data           4  control.o(.data)
    angle_last                               0x20000f10   Data           4  control.o(.data)
    position_last                            0x20000f14   Data           4  control.o(.data)
    position                                 0x20000f18   Data           4  control.o(.data)
    position_temp                            0x20000f1c   Data           4  control.o(.data)
    position_temp_last                       0x20000f20   Data           4  control.o(.data)
    pid_default                              0x20000f28   Data          80  control.o(.data)
    rc_default                               0x20000f78   Data          20  control.o(.data)
    track_default                            0x20000f90   Data          56  control.o(.data)
    track_speed                              0x20000fc8   Data          56  control.o(.data)
    track_position                           0x20001000   Data          56  control.o(.data)
    rc_speed                                 0x20001038   Data          20  control.o(.data)
    rc_speed_show                            0x2000104c   Data          20  control.o(.data)
    pid_speed                                0x20001060   Data          80  control.o(.data)
    pid_position                             0x200010b0   Data          80  control.o(.data)
    position_speed                           0x20001100   Data           4  control.o(.data)
    position_acce                            0x20001104   Data           4  control.o(.data)
    v0                                       0x20001108   Data           4  control.o(.data)
    position_ref_e                           0x20001110   Data           8  control.o(.data)
    position_ref_e1                          0x20001118   Data           4  control.o(.data)
    iq                                       0x2000111c   Data           4  control.o(.data)
    rc_iq                                    0x20001120   Data          20  control.o(.data)
    adc1_ordinary_valuetab                   0x200011b0   Data         128  adc_port.o(.bss)
    uart3_tx_buf                             0x20001aec   Data         253  ble_2340c2.o(.bss)
    ble_package                              0x20001bfa   Data         256  ble_2340c2.o(.bss)
    ble_received_fifo                        0x20001cfa   Data         256  ble_2340c2.o(.bss)
    ble_device_info_list                     0x20001dfa   Data         144  ble_2340c2.o(.bss)
    apex_ValueBuff                           0x20001e8a   Data          16  main_thread.o(.bss)
    sys_param_un                             0x20001e9a   Data          26  app_user_storage.o(.bss)
    motor_param_un                           0x20001eb4   Data         198  app_user_storage.o(.bss)
    default_sys_param_un                     0x20001f7a   Data          26  app_user_storage.o(.bss)
    default_mt_un                            0x20001f94   Data         198  app_user_storage.o(.bss)
    motor_settings                           0x2000205c   Data          32  customer_control.o(.bss)
    regi                                     0x20006648   Data         256  control.o(.bss)
    __libspace_start                         0x20006748   Data          96  libspace.o(.bss)
    __temporary_stack_top$libspace           0x200067a8   Data           0  libspace.o(.bss)



==============================================================================

Memory Map of the image

  Image Entry point : 0x08000171

  Load Region LR_IROM1 (Base: 0x08000000, Size: 0x000134d4, Max: 0x00040000, ABSOLUTE, COMPRESSED[0x000126a0])

    Execution Region ER_IROM1 (Exec base: 0x08000000, Load base: 0x08000000, Size: 0x00012394, Max: 0x00040000, ABSOLUTE)

    Exec Addr    Load Addr    Size         Type   Attr      Idx    E Section Name        Object

    0x08000000   0x08000000   0x00000170   Data   RO         1889    RESET               startup_at32f413_ext_ram.o
    0x08000170   0x08000170   0x00000008   Code   RO         6442  * !!!main             c_w.l(__main.o)
    0x08000178   0x08000178   0x00000034   Code   RO         6658    !!!scatter          c_w.l(__scatter.o)
    0x080001ac   0x080001ac   0x0000005a   Code   RO         6656    !!dczerorl2         c_w.l(__dczerorl2.o)
    0x08000206   0x08000206   0x00000002   PAD
    0x08000208   0x08000208   0x0000001c   Code   RO         6660    !!handler_zi        c_w.l(__scatter_zi.o)
    0x08000224   0x08000224   0x00000002   Code   RO         6528    .ARM.Collect$$libinit$$00000000  c_w.l(libinit.o)
    0x08000226   0x08000226   0x00000004   Code   RO         6538    .ARM.Collect$$libinit$$00000001  c_w.l(libinit2.o)
    0x0800022a   0x0800022a   0x00000000   Code   RO         6541    .ARM.Collect$$libinit$$00000004  c_w.l(libinit2.o)
    0x0800022a   0x0800022a   0x00000000   Code   RO         6544    .ARM.Collect$$libinit$$0000000A  c_w.l(libinit2.o)
    0x0800022a   0x0800022a   0x00000000   Code   RO         6546    .ARM.Collect$$libinit$$0000000C  c_w.l(libinit2.o)
    0x0800022a   0x0800022a   0x00000000   Code   RO         6548    .ARM.Collect$$libinit$$0000000E  c_w.l(libinit2.o)
    0x0800022a   0x0800022a   0x00000000   Code   RO         6551    .ARM.Collect$$libinit$$00000011  c_w.l(libinit2.o)
    0x0800022a   0x0800022a   0x00000000   Code   RO         6553    .ARM.Collect$$libinit$$00000013  c_w.l(libinit2.o)
    0x0800022a   0x0800022a   0x00000000   Code   RO         6555    .ARM.Collect$$libinit$$00000015  c_w.l(libinit2.o)
    0x0800022a   0x0800022a   0x00000000   Code   RO         6557    .ARM.Collect$$libinit$$00000017  c_w.l(libinit2.o)
    0x0800022a   0x0800022a   0x00000000   Code   RO         6559    .ARM.Collect$$libinit$$00000019  c_w.l(libinit2.o)
    0x0800022a   0x0800022a   0x00000000   Code   RO         6561    .ARM.Collect$$libinit$$0000001B  c_w.l(libinit2.o)
    0x0800022a   0x0800022a   0x00000000   Code   RO         6563    .ARM.Collect$$libinit$$0000001D  c_w.l(libinit2.o)
    0x0800022a   0x0800022a   0x00000000   Code   RO         6565    .ARM.Collect$$libinit$$0000001F  c_w.l(libinit2.o)
    0x0800022a   0x0800022a   0x00000000   Code   RO         6567    .ARM.Collect$$libinit$$00000021  c_w.l(libinit2.o)
    0x0800022a   0x0800022a   0x00000000   Code   RO         6569    .ARM.Collect$$libinit$$00000023  c_w.l(libinit2.o)
    0x0800022a   0x0800022a   0x00000000   Code   RO         6571    .ARM.Collect$$libinit$$00000025  c_w.l(libinit2.o)
    0x0800022a   0x0800022a   0x00000000   Code   RO         6575    .ARM.Collect$$libinit$$0000002C  c_w.l(libinit2.o)
    0x0800022a   0x0800022a   0x00000000   Code   RO         6577    .ARM.Collect$$libinit$$0000002E  c_w.l(libinit2.o)
    0x0800022a   0x0800022a   0x00000000   Code   RO         6579    .ARM.Collect$$libinit$$00000030  c_w.l(libinit2.o)
    0x0800022a   0x0800022a   0x00000000   Code   RO         6581    .ARM.Collect$$libinit$$00000032  c_w.l(libinit2.o)
    0x0800022a   0x0800022a   0x00000002   Code   RO         6582    .ARM.Collect$$libinit$$00000033  c_w.l(libinit2.o)
    0x0800022c   0x0800022c   0x00000002   Code   RO         6610    .ARM.Collect$$libshutdown$$00000000  c_w.l(libshutdown.o)
    0x0800022e   0x0800022e   0x00000000   Code   RO         6622    .ARM.Collect$$libshutdown$$00000002  c_w.l(libshutdown2.o)
    0x0800022e   0x0800022e   0x00000000   Code   RO         6624    .ARM.Collect$$libshutdown$$00000004  c_w.l(libshutdown2.o)
    0x0800022e   0x0800022e   0x00000000   Code   RO         6627    .ARM.Collect$$libshutdown$$00000007  c_w.l(libshutdown2.o)
    0x0800022e   0x0800022e   0x00000000   Code   RO         6630    .ARM.Collect$$libshutdown$$0000000A  c_w.l(libshutdown2.o)
    0x0800022e   0x0800022e   0x00000000   Code   RO         6632    .ARM.Collect$$libshutdown$$0000000C  c_w.l(libshutdown2.o)
    0x0800022e   0x0800022e   0x00000000   Code   RO         6635    .ARM.Collect$$libshutdown$$0000000F  c_w.l(libshutdown2.o)
    0x0800022e   0x0800022e   0x00000002   Code   RO         6636    .ARM.Collect$$libshutdown$$00000010  c_w.l(libshutdown2.o)
    0x08000230   0x08000230   0x00000000   Code   RO         6478    .ARM.Collect$$rtentry$$00000000  c_w.l(__rtentry.o)
    0x08000230   0x08000230   0x00000000   Code   RO         6491    .ARM.Collect$$rtentry$$00000002  c_w.l(__rtentry2.o)
    0x08000230   0x08000230   0x00000006   Code   RO         6503    .ARM.Collect$$rtentry$$00000004  c_w.l(__rtentry4.o)
    0x08000236   0x08000236   0x00000000   Code   RO         6493    .ARM.Collect$$rtentry$$00000009  c_w.l(__rtentry2.o)
    0x08000236   0x08000236   0x00000004   Code   RO         6494    .ARM.Collect$$rtentry$$0000000A  c_w.l(__rtentry2.o)
    0x0800023a   0x0800023a   0x00000000   Code   RO         6496    .ARM.Collect$$rtentry$$0000000C  c_w.l(__rtentry2.o)
    0x0800023a   0x0800023a   0x00000008   Code   RO         6497    .ARM.Collect$$rtentry$$0000000D  c_w.l(__rtentry2.o)
    0x08000242   0x08000242   0x00000002   Code   RO         6532    .ARM.Collect$$rtexit$$00000000  c_w.l(rtexit.o)
    0x08000244   0x08000244   0x00000000   Code   RO         6584    .ARM.Collect$$rtexit$$00000002  c_w.l(rtexit2.o)
    0x08000244   0x08000244   0x00000004   Code   RO         6585    .ARM.Collect$$rtexit$$00000003  c_w.l(rtexit2.o)
    0x08000248   0x08000248   0x00000006   Code   RO         6586    .ARM.Collect$$rtexit$$00000004  c_w.l(rtexit2.o)
    0x0800024e   0x0800024e   0x00000002   PAD
    0x08000250   0x08000250   0x000000be   Code   RO         2991    .emb_text           port.o
    0x0800030e   0x0800030e   0x00000002   PAD
    0x08000310   0x08000310   0x00000060   Code   RO         1890    .text               startup_at32f413_ext_ram.o
    0x08000370   0x08000370   0x00000002   Code   RO         6418    .text               c_w.l(use_no_semi_2.o)
    0x08000372   0x08000372   0x00000026   Code   RO         6420    .text               c_w.l(llshl.o)
    0x08000398   0x08000398   0x00000026   Code   RO         6422    .text               c_w.l(llsshr.o)
    0x080003be   0x080003be   0x0000008a   Code   RO         6434    .text               c_w.l(rt_memcpy_v6.o)
    0x08000448   0x08000448   0x00000064   Code   RO         6436    .text               c_w.l(rt_memcpy_w.o)
    0x080004ac   0x080004ac   0x00000006   Code   RO         6440    .text               c_w.l(heapauxi.o)
    0x080004b2   0x080004b2   0x00000002   Code   RO         6476    .text               c_w.l(use_no_semi.o)
    0x080004b4   0x080004b4   0x0000004a   Code   RO         6515    .text               c_w.l(sys_stackheap_outer.o)
    0x080004fe   0x080004fe   0x00000012   Code   RO         6521    .text               c_w.l(exit.o)
    0x08000510   0x08000510   0x00000008   Code   RO         6529    .text               c_w.l(libspace.o)
    0x08000518   0x08000518   0x0000002c   Code   RO          803    i.ADC1_2_IRQHandler  adc_port.o
    0x08000544   0x08000544   0x00000084   Code   RO          804    i.ADC_DMA_Init      adc_port.o
    0x080005c8   0x080005c8   0x000000a8   Code   RO          805    i.ADC_Init          adc_port.o
    0x08000670   0x08000670   0x0000007c   Code   RO          806    i.ADC_gpio_config   adc_port.o
    0x080006ec   0x080006ec   0x00000148   Code   RO         1125    i.APEXInit          apex_gc_port.o
    0x08000834   0x08000834   0x00000354   Code   RO         1589    i.ApexBarFlashForSet  app_menutask.o
    0x08000b88   0x08000b88   0x00000b8c   Code   RO         1590    i.ApexProgressBarFlash  app_menutask.o
    0x08001714   0x08001714   0x0000015c   Code   RO         1539    i.App_MotorControl  app_motorcontroltask.o
    0x08001870   0x08001870   0x00000078   Code   RO         1591    i.Bat_ValueBlink    app_menutask.o
    0x080018e8   0x080018e8   0x000000d8   Code   RO         1486    i.BatteryCapacityManage  app_periodictask.o
    0x080019c0   0x080019c0   0x00000004   Code   RO          295    i.BusFault_Handler  at32f413_int.o
    0x080019c4   0x080019c4   0x0000002c   Code   RO          943    i.ButtonInit        key.o
    0x080019f0   0x080019f0   0x0000019c   Code   RO          944    i.ButtonScan        key.o
    0x08001b8c   0x08001b8c   0x000000f0   Code   RO          899    i.BuzzerInit        buzz_port.o
    0x08001c7c   0x08001c7c   0x00000034   Code   RO          900    i.BuzzrSimpleSwitch  buzz_port.o
    0x08001cb0   0x08001cb0   0x00000024   Code   RO          296    i.DMA1_Channel1_IRQHandler  at32f413_int.o
    0x08001cd4   0x08001cd4   0x00000016   Code   RO          297    i.DMA1_Channel6_IRQHandler  at32f413_int.o
    0x08001cea   0x08001cea   0x00000016   Code   RO          298    i.DMA1_Channel7_IRQHandler  at32f413_int.o
    0x08001d00   0x08001d00   0x0000002c   Code   RO          299    i.DMA2_Channel1_IRQHandler  at32f413_int.o
    0x08001d2c   0x08001d2c   0x0000002c   Code   RO          300    i.DMA2_Channel2_IRQHandler  at32f413_int.o
    0x08001d58   0x08001d58   0x00000024   Code   RO          301    i.DMA2_Channel3_IRQHandler  at32f413_int.o
    0x08001d7c   0x08001d7c   0x00000002   Code   RO          302    i.DebugMon_Handler  at32f413_int.o
    0x08001d7e   0x08001d7e   0x00000002   PAD
    0x08001d80   0x08001d80   0x0000002c   Code   RO         1592    i.DeviceOffTimeManage  app_menutask.o
    0x08001dac   0x08001dac   0x0000001c   Code   RO            4    i.DeviceParamCheck  main.o
    0x08001dc8   0x08001dc8   0x00000022   Code   RO            5    i.DevicePowerOnSequence  main.o
    0x08001dea   0x08001dea   0x00000002   PAD
    0x08001dec   0x08001dec   0x00000190   Code   RO         1593    i.Disp_ApexPreForSet  app_menutask.o
    0x08001f7c   0x08001f7c   0x00000190   Code   RO         1594    i.Disp_ApexPrepare  app_menutask.o
    0x0800210c   0x0800210c   0x000000d0   Code   RO         1595    i.Disp_MotorAndApexPrepare  app_menutask.o
    0x080021dc   0x080021dc   0x0000006e   Code   RO         1596    i.Disp_TorqueOnly   app_menutask.o
    0x0800224a   0x0800224a   0x00000042   Code   RO         1597    i.Disp_TorquePictureInApexAndMotorMode  app_menutask.o
    0x0800228c   0x0800228c   0x00000220   Code   RO         1598    i.Disp_TorqueProgressBar  app_menutask.o
    0x080024ac   0x080024ac   0x00000030   Code   RO          508    i.DisplayBluetoothIcon  oled_port.o
    0x080024dc   0x080024dc   0x00000012   Code   RO         1252    i.EXINT15_10_IRQHandler  ble_2340c2.o
    0x080024ee   0x080024ee   0x00000002   Code   RO          303    i.EXINT1_IRQHandler  at32f413_int.o
    0x080024f0   0x080024f0   0x00000002   Code   RO          304    i.EXINT2_IRQHandler  at32f413_int.o
    0x080024f2   0x080024f2   0x00000002   Code   RO          305    i.EXINT3_IRQHandler  at32f413_int.o
    0x080024f4   0x080024f4   0x00000002   Code   RO          306    i.EXINT9_5_IRQHandler  at32f413_int.o
    0x080024f6   0x080024f6   0x00000002   PAD
    0x080024f8   0x080024f8   0x000000cc   Code   RO          945    i.FlexButtonInit    key.o
    0x080025c4   0x080025c4   0x0000003c   Code   RO          946    i.FlexButtonRegister  key.o
    0x08002600   0x08002600   0x00000184   Code   RO         1599    i.FreshTorquePictureInApexAndMotorMode  app_menutask.o
    0x08002784   0x08002784   0x00000714   Code   RO         1600    i.GC_ControlMotor   app_menutask.o
    0x08002e98   0x08002e98   0x0000002c   Code   RO         1404    i.GC_PWM_SwitchTimeManage  main_thread.o
    0x08002ec4   0x08002ec4   0x00000030   Code   RO         1126    i.GC_depth_vlaue    apex_gc_port.o
    0x08002ef4   0x08002ef4   0x0000002a   Code   RO          948    i.GetButtonLevel    key.o
    0x08002f1e   0x08002f1e   0x00000002   PAD
    0x08002f20   0x08002f20   0x000000a0   Code   RO         2102    i.GetRealTorque     customer_control.o
    0x08002fc0   0x08002fc0   0x00000004   Code   RO          307    i.HardFault_Handler  at32f413_int.o
    0x08002fc4   0x08002fc4   0x00000070   Code   RO         1601    i.HomePageHandle    app_menutask.o
    0x08003034   0x08003034   0x00000034   Code   RO         1936    i.I2C_Start         mp6570.o
    0x08003068   0x08003068   0x00000028   Code   RO         1937    i.I2C_Stop          mp6570.o
    0x08003090   0x08003090   0x00000054   Code   RO         1938    i.I2C_WaitAck       mp6570.o
    0x080030e4   0x080030e4   0x0000003a   Code   RO         1941    i.IIC_WR_Byte       mp6570.o
    0x0800311e   0x0800311e   0x00000002   PAD
    0x08003120   0x08003120   0x00000028   Code   RO         1942    i.IIC_WriteRegister  mp6570.o
    0x08003148   0x08003148   0x00000010   Code   RO         1943    i.IIC_delay         mp6570.o
    0x08003158   0x08003158   0x00000130   Code   RO         1487    i.InsertStatusMonitor  app_periodictask.o
    0x08003288   0x08003288   0x0000007c   Code   RO          949    i.KeyHandle         key.o
    0x08003304   0x08003304   0x00000078   Code   RO          700    i.LedFunctionSet    gpio_port.o
    0x0800337c   0x0800337c   0x00000150   Code   RO          701    i.LedPeriodicProcessing  gpio_port.o
    0x080034cc   0x080034cc   0x00000038   Code   RO          808    i.LevelValue        adc_port.o
    0x08003504   0x08003504   0x00000014   Code   RO         1540    i.MOTOR_150US_Callback  app_motorcontroltask.o
    0x08003518   0x08003518   0x000002c0   Code   RO         1944    i.MP6570_AutoThetaBias  mp6570.o
    0x080037d8   0x080037d8   0x000000b0   Code   RO         1945    i.MP6570_IICPortInit  mp6570.o
    0x08003888   0x08003888   0x00000134   Code   RO         1946    i.MP6570_PortInit   mp6570.o
    0x080039bc   0x080039bc   0x0000001c   Code   RO         1947    i.MP6570_ReadRegister  mp6570.o
    0x080039d8   0x080039d8   0x00000064   Code   RO         1948    i.MP6570_SetModeToSPI  mp6570.o
    0x08003a3c   0x08003a3c   0x00000028   Code   RO         1949    i.MP6570_WriteRegister  mp6570.o
    0x08003a64   0x08003a64   0x00000004   Code   RO          308    i.MemManage_Handler  at32f413_int.o
    0x08003a68   0x08003a68   0x000008f4   Code   RO         1602    i.MenuConfigMotorParam  app_menutask.o
    0x0800435c   0x0800435c   0x00000038   Code   RO         1603    i.MenuDevicePowerOff  app_menutask.o
    0x08004394   0x08004394   0x0000002c   Code   RO         1604    i.MenuIdleTimeManage  app_menutask.o
    0x080043c0   0x080043c0   0x000002d4   Code   RO         1605    i.MenuMotorParamUpdate  app_menutask.o
    0x08004694   0x08004694   0x000000a6   Code   RO         1606    i.MenuPageTurns     app_menutask.o
    0x0800473a   0x0800473a   0x00000002   PAD
    0x0800473c   0x0800473c   0x0000003c   Code   RO         2103    i.MotorDeviceReset  customer_control.o
    0x08004778   0x08004778   0x000001f0   Code   RO         1541    i.MotorParamInit    app_motorcontroltask.o
    0x08004968   0x08004968   0x000007b4   Code   RO         1607    i.MotorRunModeAndTorque  app_menutask.o
    0x0800511c   0x0800511c   0x00000048   Code   RO         1542    i.MotorStatusMonitor  app_motorcontroltask.o
    0x08005164   0x08005164   0x0000005c   Code   RO          443    i.MotorTimerInit    time_init.o
    0x080051c0   0x080051c0   0x00000002   Code   RO          309    i.NMI_Handler       at32f413_int.o
    0x080051c2   0x080051c2   0x00000002   PAD
    0x080051c4   0x080051c4   0x00000068   Code   RO          444    i.NormalTimerInit   time_init.o
    0x0800522c   0x0800522c   0x00000030   Code   RO          509    i.OLED_Clear        oled_port.o
    0x0800525c   0x0800525c   0x00000028   Code   RO          510    i.OLED_Clear_no_fresh  oled_port.o
    0x08005284   0x08005284   0x0000000c   Code   RO          511    i.OLED_DisPlay_Off  oled_port.o
    0x08005290   0x08005290   0x0000004c   Code   RO         1608    i.OLED_Display_CHARGING  app_menutask.o
    0x080052dc   0x080052dc   0x0000000a   Code   RO         1609    i.OLED_Display_LOGO  app_menutask.o
    0x080052e6   0x080052e6   0x00000002   PAD
    0x080052e8   0x080052e8   0x000000d8   Code   RO         1610    i.OLED_Display_MAIN  app_menutask.o
    0x080053c0   0x080053c0   0x00000044   Code   RO         1611    i.OLED_Display_POWER_OFF  app_menutask.o
    0x08005404   0x08005404   0x000001fc   Code   RO         1612    i.OLED_Display_WORK  app_menutask.o
    0x08005600   0x08005600   0x00000010   Code   RO         1613    i.OLED_Display_motorDirection  app_menutask.o
    0x08005610   0x08005610   0x00000078   Code   RO          514    i.OLED_DrawPoint    oled_port.o
    0x08005688   0x08005688   0x000001e4   Code   RO          515    i.OLED_Init         oled_port.o
    0x0800586c   0x0800586c   0x00000016   Code   RO          516    i.OLED_Pow          oled_port.o
    0x08005882   0x08005882   0x00000002   PAD
    0x08005884   0x08005884   0x00000114   Code   RO          517    i.OLED_Refresh      oled_port.o
    0x08005998   0x08005998   0x0000013c   Code   RO          519    i.OLED_ShowChar     oled_port.o
    0x08005ad4   0x08005ad4   0x00000090   Code   RO          521    i.OLED_ShowNum      oled_port.o
    0x08005b64   0x08005b64   0x000000d6   Code   RO          522    i.OLED_ShowPicture  oled_port.o
    0x08005c3a   0x08005c3a   0x0000006e   Code   RO          523    i.OLED_ShowString   oled_port.o
    0x08005ca8   0x08005ca8   0x00000064   Code   RO          524    i.OLED_WR_Byte      oled_port.o
    0x08005d0c   0x08005d0c   0x0000006c   Code   RO          525    i.OLED_WR_Data_Bytes  oled_port.o
    0x08005d78   0x08005d78   0x0000045a   Code   RO         1614    i.OLED_disp_motor_param  app_menutask.o
    0x080061d2   0x080061d2   0x00000012   Code   RO         1002    i.Resume_RTOS_stick  at32f413_board.o
    0x080061e4   0x080061e4   0x00000014   Code   RO         1951    i.SDA_Read          mp6570.o
    0x080061f8   0x080061f8   0x00000134   Code   RO         1952    i.SPI_ByteRead      mp6570.o
    0x0800632c   0x0800632c   0x000000bc   Code   RO         1953    i.SPI_ByteWrite     mp6570.o
    0x080063e8   0x080063e8   0x0000004c   Code   RO         1954    i.Send_Byte         mp6570.o
    0x08006434   0x08006434   0x00000124   Code   RO         1615    i.SubmenuApexControlMode  app_menutask.o
    0x08006558   0x08006558   0x00000016   Code   RO         1616    i.SubmenuApexOffeset  app_menutask.o
    0x0800656e   0x0800656e   0x00000002   PAD
    0x08006570   0x08006570   0x00000130   Code   RO         1617    i.SubmenuCalibration  app_menutask.o
    0x080066a0   0x080066a0   0x00000064   Code   RO         1618    i.SubmenuEntranceMotorOrApex  app_menutask.o
    0x08006704   0x08006704   0x00000078   Code   RO         1619    i.SubmenuHandBluetooth  app_menutask.o
    0x0800677c   0x0800677c   0x00000060   Code   RO         1620    i.SubmenuHandness   app_menutask.o
    0x080067dc   0x080067dc   0x000000f4   Code   RO         1621    i.SubmenuMotorParam  app_menutask.o
    0x080068d0   0x080068d0   0x00000710   Code   RO         1622    i.SubmenuPageHandle  app_menutask.o
    0x08006fe0   0x08006fe0   0x000000dc   Code   RO         1623    i.SubmenuPageTurns  app_menutask.o
    0x080070bc   0x080070bc   0x000000b4   Code   RO         1624    i.SubmenuRestoreParam  app_menutask.o
    0x08007170   0x08007170   0x00000012   Code   RO         1003    i.Suspend_RTOS_stick  at32f413_board.o
    0x08007182   0x08007182   0x00000002   PAD
    0x08007184   0x08007184   0x00000034   Code   RO         2992    i.SysTick_Handler   port.o
    0x080071b8   0x080071b8   0x00000070   Code   RO         1897    i.SystemInit        system_at32f413.o
    0x08007228   0x08007228   0x0000001c   Code   RO          310    i.TMR1_TRG_HALL_TMR11_IRQHandler  at32f413_int.o
    0x08007244   0x08007244   0x00000020   Code   RO          311    i.TMR3_GLOBAL_IRQHandler  at32f413_int.o
    0x08007264   0x08007264   0x00000024   Code   RO          312    i.TMR4_GLOBAL_IRQHandler  at32f413_int.o
    0x08007288   0x08007288   0x000004fc   Code   RO         1625    i.TorqueProgressBarFlash  app_menutask.o
    0x08007784   0x08007784   0x0000000c   Code   RO         1626    i.TorqueRangeCheck  app_menutask.o
    0x08007790   0x08007790   0x0000003c   Code   RO         1257    i.USART3_IRQHandler  ble_2340c2.o
    0x080077cc   0x080077cc   0x00000004   Code   RO          313    i.UsageFault_Handler  at32f413_int.o
    0x080077d0   0x080077d0   0x0000001c   Code   RO          478    i.Wdt_Init          wdt.o
    0x080077ec   0x080077ec   0x0000001e   Code   RO          479    i.Wdt_Reset         wdt.o
    0x0800780a   0x0800780a   0x00000002   PAD
    0x0800780c   0x0800780c   0x00000138   Code   RO         1627    i.WorkPageFlash     app_menutask.o
    0x08007944   0x08007944   0x00000004   Code   RO         1258    i._sys_exit         ble_2340c2.o
    0x08007948   0x08007948   0x0000002c   Code   RO         3474    i.adc_base_config   at32f413_adc.o
    0x08007974   0x08007974   0x0000000e   Code   RO         3475    i.adc_base_default_para_init  at32f413_adc.o
    0x08007982   0x08007982   0x0000000c   Code   RO         3476    i.adc_calibration_init  at32f413_adc.o
    0x0800798e   0x0800798e   0x00000012   Code   RO         3477    i.adc_calibration_init_status_get  at32f413_adc.o
    0x080079a0   0x080079a0   0x0000000c   Code   RO         3478    i.adc_calibration_start  at32f413_adc.o
    0x080079ac   0x080079ac   0x00000012   Code   RO         3479    i.adc_calibration_status_get  at32f413_adc.o
    0x080079be   0x080079be   0x00000002   PAD
    0x080079c0   0x080079c0   0x00000014   Code   RO         3480    i.adc_combine_mode_select  at32f413_adc.o
    0x080079d4   0x080079d4   0x0000000a   Code   RO         3482    i.adc_dma_mode_enable  at32f413_adc.o
    0x080079de   0x080079de   0x0000000a   Code   RO         3483    i.adc_enable        at32f413_adc.o
    0x080079e8   0x080079e8   0x00000006   Code   RO         3484    i.adc_flag_clear    at32f413_adc.o
    0x080079ee   0x080079ee   0x00000010   Code   RO         3485    i.adc_flag_get      at32f413_adc.o
    0x080079fe   0x080079fe   0x00000194   Code   RO         3487    i.adc_ordinary_channel_set  at32f413_adc.o
    0x08007b92   0x08007b92   0x00000034   Code   RO         3489    i.adc_ordinary_conversion_trigger_set  at32f413_adc.o
    0x08007bc6   0x08007bc6   0x0000000a   Code   RO         3492    i.adc_ordinary_software_trigger_enable  at32f413_adc.o
    0x08007bd0   0x08007bd0   0x00000014   Code   RO         1127    i.apex_depth_calculate  apex_gc_port.o
    0x08007be4   0x08007be4   0x000000d4   Code   RO         1128    i.apex_frequency_set  apex_gc_port.o
    0x08007cb8   0x08007cb8   0x00000024   Code   RO         1825    i.buffer_compare    app_user_storage.o
    0x08007cdc   0x08007cdc   0x00000048   Code   RO          901    i.buzz_frequency_set  buzz_port.o
    0x08007d24   0x08007d24   0x00000120   Code   RO          526    i.chargValue        oled_port.o
    0x08007e44   0x08007e44   0x00000178   Code   RO          527    i.charg_bgm         oled_port.o
    0x08007fbc   0x08007fbc   0x00000bd8   Code   RO         6309    i.control_loop      MPS_eMotion_Lib.lib(control.o)
    0x08008b94   0x08008b94   0x00000020   Code   RO         4008    i.crm_adc_clock_div_set  at32f413_crm.o
    0x08008bb4   0x08008bb4   0x00000014   Code   RO         4009    i.crm_ahb_div_set   at32f413_crm.o
    0x08008bc8   0x08008bc8   0x00000014   Code   RO         4010    i.crm_apb1_div_set  at32f413_crm.o
    0x08008bdc   0x08008bdc   0x00000014   Code   RO         4011    i.crm_apb2_div_set  at32f413_crm.o
    0x08008bf0   0x08008bf0   0x00000028   Code   RO         4012    i.crm_auto_step_mode_enable  at32f413_crm.o
    0x08008c18   0x08008c18   0x00000060   Code   RO         4018    i.crm_clock_source_enable  at32f413_crm.o
    0x08008c78   0x08008c78   0x00000030   Code   RO         4021    i.crm_flag_get      at32f413_crm.o
    0x08008ca8   0x08008ca8   0x0000002e   Code   RO         4023    i.crm_hext_stable_wait  at32f413_crm.o
    0x08008cd6   0x08008cd6   0x00000002   PAD
    0x08008cd8   0x08008cd8   0x00000044   Code   RO         4030    i.crm_periph_clock_enable  at32f413_crm.o
    0x08008d1c   0x08008d1c   0x0000006c   Code   RO         4033    i.crm_pll_config    at32f413_crm.o
    0x08008d88   0x08008d88   0x00000058   Code   RO         4034    i.crm_reset         at32f413_crm.o
    0x08008de0   0x08008de0   0x00000014   Code   RO         4037    i.crm_sysclk_switch  at32f413_crm.o
    0x08008df4   0x08008df4   0x00000010   Code   RO         4038    i.crm_sysclk_switch_status_get  at32f413_crm.o
    0x08008e04   0x08008e04   0x00000270   Code   RO         2104    i.customer_control  customer_control.o
    0x08009074   0x08009074   0x000002a8   Code   RO         1826    i.default_para_write_buff  app_user_storage.o
    0x0800931c   0x0800931c   0x00000040   Code   RO         2236    i.delay_1ms         delay.o
    0x0800935c   0x0800935c   0x00000064   Code   RO         1004    i.delay_init        at32f413_board.o
    0x080093c0   0x080093c0   0x00000014   Code   RO          702    i.device_power_off  gpio_port.o
    0x080093d4   0x080093d4   0x00000014   Code   RO          703    i.device_power_on   gpio_port.o
    0x080093e8   0x080093e8   0x00000028   Code   RO          529    i.disp_DrawColumn   oled_port.o
    0x08009410   0x08009410   0x00000028   Code   RO          530    i.disp_DrawRow      oled_port.o
    0x08009438   0x08009438   0x00000168   Code   RO          531    i.disp_batValue     oled_port.o
    0x080095a0   0x080095a0   0x0000000a   Code   RO         4261    i.dma_channel_enable  at32f413_dma.o
    0x080095aa   0x080095aa   0x00000018   Code   RO         4264    i.dma_default_para_init  at32f413_dma.o
    0x080095c2   0x080095c2   0x00000002   PAD
    0x080095c4   0x080095c4   0x00000020   Code   RO         4265    i.dma_flag_clear    at32f413_dma.o
    0x080095e4   0x080095e4   0x0000002c   Code   RO         4266    i.dma_flag_get      at32f413_dma.o
    0x08009610   0x08009610   0x0000005c   Code   RO         4268    i.dma_init          at32f413_dma.o
    0x0800966c   0x0800966c   0x00000012   Code   RO         4269    i.dma_interrupt_enable  at32f413_dma.o
    0x0800967e   0x0800967e   0x00000002   PAD
    0x08009680   0x08009680   0x00000070   Code   RO         4270    i.dma_reset         at32f413_dma.o
    0x080096f0   0x080096f0   0x00000054   Code   RO         6310    i.error_led_times   MPS_eMotion_Lib.lib(control.o)
    0x08009744   0x08009744   0x0000000c   Code   RO         4341    i.exint_flag_clear  at32f413_exint.o
    0x08009750   0x08009750   0x0000001c   Code   RO         4342    i.exint_flag_get    at32f413_exint.o
    0x0800976c   0x0800976c   0x00000024   Code   RO            6    i.extend_sram       main.o
    0x08009790   0x08009790   0x00000010   Code   RO         4410    i.flash_fap_status_get  at32f413_flash.o
    0x080097a0   0x080097a0   0x0000002c   Code   RO         4411    i.flash_flag_clear  at32f413_flash.o
    0x080097cc   0x080097cc   0x00000074   Code   RO         4413    i.flash_halfword_program  at32f413_flash.o
    0x08009840   0x08009840   0x00000014   Code   RO         4416    i.flash_lock        at32f413_flash.o
    0x08009854   0x08009854   0x00000034   Code   RO         4417    i.flash_operation_status_get  at32f413_flash.o
    0x08009888   0x08009888   0x00000024   Code   RO         4418    i.flash_operation_wait_for  at32f413_flash.o
    0x080098ac   0x080098ac   0x0000001a   Code   RO         1059    i.flash_read        flash.o
    0x080098c6   0x080098c6   0x00000002   PAD
    0x080098c8   0x080098c8   0x0000008c   Code   RO         4419    i.flash_sector_erase  at32f413_flash.o
    0x08009954   0x08009954   0x00000034   Code   RO         4431    i.flash_spim_operation_status_get  at32f413_flash.o
    0x08009988   0x08009988   0x00000024   Code   RO         4432    i.flash_spim_operation_wait_for  at32f413_flash.o
    0x080099ac   0x080099ac   0x00000018   Code   RO         4436    i.flash_unlock      at32f413_flash.o
    0x080099c4   0x080099c4   0x00000098   Code   RO         4437    i.flash_user_system_data_erase  at32f413_flash.o
    0x08009a5c   0x08009a5c   0x00000068   Code   RO         4438    i.flash_user_system_data_program  at32f413_flash.o
    0x08009ac4   0x08009ac4   0x00000120   Code   RO         1060    i.flash_write       flash.o
    0x08009be4   0x08009be4   0x00000038   Code   RO         1061    i.flash_write_nocheck  flash.o
    0x08009c1c   0x08009c1c   0x0000003c   Code   RO          809    i.fresh_adc_value   adc_port.o
    0x08009c58   0x08009c58   0x00000444   Code   RO         1129    i.gc_calc_wl        apex_gc_port.o
    0x0800a09c   0x0800a09c   0x00000024   Code   RO         1130    i.gc_in_or_exit     apex_gc_port.o
    0x0800a0c0   0x0800a0c0   0x00000bdc   Code   RO         1131    i.gc_list_init      apex_gc_port.o
    0x0800ac9c   0x0800ac9c   0x00000018   Code   RO          704    i.get_add_button_state  gpio_port.o
    0x0800acb4   0x0800acb4   0x00000014   Code   RO          705    i.get_charge_state  gpio_port.o
    0x0800acc8   0x0800acc8   0x0000000c   Code   RO          810    i.get_gc_400_value  adc_port.o
    0x0800acd4   0x0800acd4   0x0000000c   Code   RO          811    i.get_gc_8k_value   adc_port.o
    0x0800ace0   0x0800ace0   0x00000018   Code   RO          706    i.get_gc_state      gpio_port.o
    0x0800acf8   0x0800acf8   0x00000014   Code   RO          707    i.get_insert_state  gpio_port.o
    0x0800ad0c   0x0800ad0c   0x00000014   Code   RO          708    i.get_run_button_state  gpio_port.o
    0x0800ad20   0x0800ad20   0x00000018   Code   RO          709    i.get_s_button_state  gpio_port.o
    0x0800ad38   0x0800ad38   0x00000018   Code   RO          710    i.get_sub_button_state  gpio_port.o
    0x0800ad50   0x0800ad50   0x0000003c   Code   RO          813    i.get_vbat_value    adc_port.o
    0x0800ad8c   0x0800ad8c   0x00000004   Code   RO         4634    i.gpio_bits_reset   at32f413_gpio.o
    0x0800ad90   0x0800ad90   0x00000004   Code   RO         4635    i.gpio_bits_set     at32f413_gpio.o
    0x0800ad94   0x0800ad94   0x00000016   Code   RO         4637    i.gpio_default_para_init  at32f413_gpio.o
    0x0800adaa   0x0800adaa   0x000000a8   Code   RO         4641    i.gpio_init         at32f413_gpio.o
    0x0800ae52   0x0800ae52   0x00000012   Code   RO         4642    i.gpio_input_data_bit_read  at32f413_gpio.o
    0x0800ae64   0x0800ae64   0x0000004c   Code   RO         4647    i.gpio_pin_remap_config  at32f413_gpio.o
    0x0800aeb0   0x0800aeb0   0x00000008   Code   RO          711    i.gpio_pins_toggle  gpio_port.o
    0x0800aeb8   0x0800aeb8   0x00000298   Code   RO         2108    i.init_registers    customer_control.o
    0x0800b150   0x0800b150   0x00000064   Code   RO          712    i.led_op            gpio_port.o
    0x0800b1b4   0x0800b1b4   0x000000a4   Code   RO          532    i.logo_disppaly     oled_port.o
    0x0800b258   0x0800b258   0x00000070   Code   RO            7    i.main              main.o
    0x0800b2c8   0x0800b2c8   0x00000094   Code   RO          533    i.main_dir_fill     oled_port.o
    0x0800b35c   0x0800b35c   0x00000028   Code   RO         2109    i.mode_select       customer_control.o
    0x0800b384   0x0800b384   0x00000138   Code   RO         1955    i.mp6570_init       mp6570.o
    0x0800b4bc   0x0800b4bc   0x000000c8   Code   RO         4953    i.nvic_irq_enable   at32f413_misc.o
    0x0800b584   0x0800b584   0x00000028   Code   RO         4955    i.nvic_priority_group_config  at32f413_misc.o
    0x0800b5ac   0x0800b5ac   0x0000002c   Code   RO         4956    i.nvic_system_reset  at32f413_misc.o
    0x0800b5d8   0x0800b5d8   0x00000044   Code   RO         1827    i.para_copy_default  app_user_storage.o
    0x0800b61c   0x0800b61c   0x00000002   Code   RO         1828    i.para_print        app_user_storage.o
    0x0800b61e   0x0800b61e   0x00000002   PAD
    0x0800b620   0x0800b620   0x00000044   Code   RO            8    i.peripheral_init   main.o
    0x0800b664   0x0800b664   0x0000018c   Code   RO         6383    i.pid_calc          MPS_eMotion_Lib.lib(pid.o)
    0x0800b7f0   0x0800b7f0   0x000000c0   Code   RO         2481    i.prvAddCurrentTaskToDelayedList  tasks.o
    0x0800b8b0   0x0800b8b0   0x000000e4   Code   RO         2482    i.prvAddNewTaskToReadyList  tasks.o
    0x0800b994   0x0800b994   0x0000004c   Code   RO         2785    i.prvCheckForValidListAndQueue  timers.o
    0x0800b9e0   0x0800b9e0   0x00000048   Code   RO         2483    i.prvCheckTasksWaitingTermination  tasks.o
    0x0800ba28   0x0800ba28   0x0000002a   Code   RO         2324    i.prvCopyDataFromQueue  queue.o
    0x0800ba52   0x0800ba52   0x0000006a   Code   RO         2325    i.prvCopyDataToQueue  queue.o
    0x0800babc   0x0800babc   0x00000012   Code   RO         2484    i.prvDeleteTCB      tasks.o
    0x0800bace   0x0800bace   0x00000002   PAD
    0x0800bad0   0x0800bad0   0x00000028   Code   RO         2786    i.prvGetNextExpireTime  timers.o
    0x0800baf8   0x0800baf8   0x00000038   Code   RO         3062    i.prvHeapInit       heap_2.o
    0x0800bb30   0x0800bb30   0x00000028   Code   RO         2485    i.prvIdleTask       tasks.o
    0x0800bb58   0x0800bb58   0x00000026   Code   RO         2326    i.prvInitialiseNewQueue  queue.o
    0x0800bb7e   0x0800bb7e   0x0000008a   Code   RO         2486    i.prvInitialiseNewTask  tasks.o
    0x0800bc08   0x0800bc08   0x00000068   Code   RO         2487    i.prvInitialiseTaskLists  tasks.o
    0x0800bc70   0x0800bc70   0x00000058   Code   RO         2788    i.prvInsertTimerInActiveList  timers.o
    0x0800bcc8   0x0800bcc8   0x0000001a   Code   RO         2327    i.prvIsQueueEmpty   queue.o
    0x0800bce2   0x0800bce2   0x0000001e   Code   RO         2328    i.prvIsQueueFull    queue.o
    0x0800bd00   0x0800bd00   0x00000044   Code   RO         2789    i.prvProcessExpiredTimer  timers.o
    0x0800bd44   0x0800bd44   0x000000f8   Code   RO         2790    i.prvProcessReceivedCommands  timers.o
    0x0800be3c   0x0800be3c   0x00000074   Code   RO         2791    i.prvProcessTimerOrBlockTask  timers.o
    0x0800beb0   0x0800beb0   0x00000028   Code   RO         2792    i.prvReloadTimer    timers.o
    0x0800bed8   0x0800bed8   0x00000030   Code   RO         2488    i.prvResetNextTaskUnblockTime  tasks.o
    0x0800bf08   0x0800bf08   0x0000002c   Code   RO         2793    i.prvSampleTimeNow  timers.o
    0x0800bf34   0x0800bf34   0x00000044   Code   RO         2794    i.prvSwitchTimerLists  timers.o
    0x0800bf78   0x0800bf78   0x00000016   Code   RO         2993    i.prvTaskExitError  port.o
    0x0800bf8e   0x0800bf8e   0x00000002   PAD
    0x0800bf90   0x0800bf90   0x00000040   Code   RO         2489    i.prvTaskIsTaskSuspended  tasks.o
    0x0800bfd0   0x0800bfd0   0x0000001e   Code   RO         2923    i.prvTestWaitCondition  event_groups.o
    0x0800bfee   0x0800bfee   0x0000001a   Code   RO         2795    i.prvTimerTask      timers.o
    0x0800c008   0x0800c008   0x0000007e   Code   RO         2329    i.prvUnlockQueue    queue.o
    0x0800c086   0x0800c086   0x00000002   PAD
    0x0800c088   0x0800c088   0x000000d0   Code   RO         3063    i.pvPortMalloc      heap_2.o
    0x0800c158   0x0800c158   0x0000002c   Code   RO         2994    i.pxPortInitialiseStack  port.o
    0x0800c184   0x0800c184   0x00000038   Code   RO         6392    i.rc_calc           MPS_eMotion_Lib.lib(rc_filter.o)
    0x0800c1bc   0x0800c1bc   0x000001e4   Code   RO         6311    i.reset_parameters  MPS_eMotion_Lib.lib(control.o)
    0x0800c3a0   0x0800c3a0   0x00000180   Code   RO         6312    i.reset_ref_and_loop  MPS_eMotion_Lib.lib(control.o)
    0x0800c520   0x0800c520   0x0000000c   Code   RO          814    i.restart_adc_sampling  adc_port.o
    0x0800c52c   0x0800c52c   0x00000028   Code   RO         2110    i.set_position      customer_control.o
    0x0800c554   0x0800c554   0x00000020   Code   RO         1956    i.set_r_in          mp6570.o
    0x0800c574   0x0800c574   0x0000002c   Code   RO         1957    i.set_r_out         mp6570.o
    0x0800c5a0   0x0800c5a0   0x00000030   Code   RO         2111    i.set_speed         customer_control.o
    0x0800c5d0   0x0800c5d0   0x0000001c   Code   RO         2113    i.set_toggle_mode_speed  customer_control.o
    0x0800c5ec   0x0800c5ec   0x00000050   Code   RO         2114    i.set_torque_limit  customer_control.o
    0x0800c63c   0x0800c63c   0x00000016   Code   RO         5366    i.spi_default_para_init  at32f413_spi.o
    0x0800c652   0x0800c652   0x0000000a   Code   RO         5367    i.spi_enable        at32f413_spi.o
    0x0800c65c   0x0800c65c   0x00000008   Code   RO         5371    i.spi_i2s_data_receive  at32f413_spi.o
    0x0800c664   0x0800c664   0x00000004   Code   RO         5372    i.spi_i2s_data_transmit  at32f413_spi.o
    0x0800c668   0x0800c668   0x00000010   Code   RO         5376    i.spi_i2s_flag_get  at32f413_spi.o
    0x0800c678   0x0800c678   0x00000124   Code   RO         5379    i.spi_init          at32f413_spi.o
    0x0800c79c   0x0800c79c   0x00000100   Code   RO          534    i.spi_lcd_init      oled_port.o
    0x0800c89c   0x0800c89c   0x00000018   Code   RO         2115    i.start             customer_control.o
    0x0800c8b4   0x0800c8b4   0x00000048   Code   RO          815    i.start_adc_acquisition  adc_port.o
    0x0800c8fc   0x0800c8fc   0x0000006c   Code   RO         1829    i.start_para_write_read  app_user_storage.o
    0x0800c968   0x0800c968   0x00000018   Code   RO         2116    i.stop              customer_control.o
    0x0800c980   0x0800c980   0x00000090   Code   RO          271    i.system_clock_config  at32f413_clock.o
    0x0800ca10   0x0800ca10   0x000000e8   Code   RO         1898    i.system_core_clock_update  system_at32f413.o
    0x0800caf8   0x0800caf8   0x00000028   Code   RO         4958    i.systick_clock_source_config  at32f413_misc.o
    0x0800cb20   0x0800cb20   0x0000011c   Code   RO         1628    i.timerCountDown    app_menutask.o
    0x0800cc3c   0x0800cc3c   0x00000010   Code   RO         5515    i.tmr_base_init     at32f413_tmr.o
    0x0800cc4c   0x0800cc4c   0x00000028   Code   RO         5523    i.tmr_channel_value_set  at32f413_tmr.o
    0x0800cc74   0x0800cc74   0x0000000a   Code   RO         5524    i.tmr_clock_source_div_set  at32f413_tmr.o
    0x0800cc7e   0x0800cc7e   0x0000000a   Code   RO         5525    i.tmr_cnt_dir_set   at32f413_tmr.o
    0x0800cc88   0x0800cc88   0x0000000a   Code   RO         5526    i.tmr_counter_enable  at32f413_tmr.o
    0x0800cc92   0x0800cc92   0x00000006   Code   RO         5538    i.tmr_flag_clear    at32f413_tmr.o
    0x0800cc98   0x0800cc98   0x00000012   Code   RO         5539    i.tmr_flag_get      at32f413_tmr.o
    0x0800ccaa   0x0800ccaa   0x00000016   Code   RO         5547    i.tmr_interrupt_enable  at32f413_tmr.o
    0x0800ccc0   0x0800ccc0   0x00000042   Code   RO         5549    i.tmr_output_channel_buffer_enable  at32f413_tmr.o
    0x0800cd02   0x0800cd02   0x000001a0   Code   RO         5550    i.tmr_output_channel_config  at32f413_tmr.o
    0x0800cea2   0x0800cea2   0x00000012   Code   RO         5555    i.tmr_output_default_para_init  at32f413_tmr.o
    0x0800ceb4   0x0800ceb4   0x0000000a   Code   RO         5559    i.tmr_period_buffer_enable  at32f413_tmr.o
    0x0800cebe   0x0800cebe   0x00000002   PAD
    0x0800cec0   0x0800cec0   0x00000150   Code   RO         2117    i.toggle_torque_reach  customer_control.o
    0x0800d010   0x0800d010   0x00000110   Code   RO         2118    i.torque_reach      customer_control.o
    0x0800d120   0x0800d120   0x0000004e   Code   RO         6404    i.tracking_calc     MPS_eMotion_Lib.lib(tracking_filter.o)
    0x0800d16e   0x0800d16e   0x00000036   Code   RO         2119    i.update_settings   customer_control.o
    0x0800d1a4   0x0800d1a4   0x0000007c   Code   RO         6313    i.update_status     MPS_eMotion_Lib.lib(control.o)
    0x0800d220   0x0800d220   0x000000c4   Code   RO         1265    i.usart3_receive_bytes  ble_2340c2.o
    0x0800d2e4   0x0800d2e4   0x00000008   Code   RO         5866    i.usart_data_receive  at32f413_usart.o
    0x0800d2ec   0x0800d2ec   0x00000012   Code   RO         5871    i.usart_flag_clear  at32f413_usart.o
    0x0800d2fe   0x0800d2fe   0x00000010   Code   RO         5872    i.usart_flag_get    at32f413_usart.o
    0x0800d30e   0x0800d30e   0x00000002   PAD
    0x0800d310   0x0800d310   0x00000118   Code   RO          713    i.user_gpio_init    gpio_port.o
    0x0800d428   0x0800d428   0x00000028   Code   RO         2279    i.uxListRemove      list.o
    0x0800d450   0x0800d450   0x0000001c   Code   RO         2495    i.uxTaskResetEventItemValue  tasks.o
    0x0800d46c   0x0800d46c   0x00000510   Code   RO         1405    i.vApexGC_Task      main_thread.o
    0x0800d97c   0x0800d97c   0x00000310   Code   RO         1406    i.vAppBeepTemporaryTask  main_thread.o
    0x0800dc8c   0x0800dc8c   0x00000094   Code   RO         1407    i.vAppKeyTask       main_thread.o
    0x0800dd20   0x0800dd20   0x00000788   Code   RO         1629    i.vAppMenuManageTask  app_menutask.o
    0x0800e4a8   0x0800e4a8   0x00000020   Code   RO         1543    i.vAppMotorControlTask  app_motorcontroltask.o
    0x0800e4c8   0x0800e4c8   0x000000cc   Code   RO         1488    i.vAppPeriodicTask  app_periodictask.o
    0x0800e594   0x0800e594   0x0000001a   Code   RO         2280    i.vListInitialise   list.o
    0x0800e5ae   0x0800e5ae   0x00000006   Code   RO         2281    i.vListInitialiseItem  list.o
    0x0800e5b4   0x0800e5b4   0x00000034   Code   RO         2282    i.vListInsert       list.o
    0x0800e5e8   0x0800e5e8   0x00000018   Code   RO         2283    i.vListInsertEnd    list.o
    0x0800e600   0x0800e600   0x00000024   Code   RO         2996    i.vPortEnterCritical  port.o
    0x0800e624   0x0800e624   0x00000020   Code   RO         2997    i.vPortExitCritical  port.o
    0x0800e644   0x0800e644   0x00000040   Code   RO         3064    i.vPortFree         heap_2.o
    0x0800e684   0x0800e684   0x00000018   Code   RO         2998    i.vPortSetupTimerInterrupt  port.o
    0x0800e69c   0x0800e69c   0x0000004a   Code   RO         2334    i.vQueueWaitForMessageRestricted  queue.o
    0x0800e6e6   0x0800e6e6   0x00000002   PAD
    0x0800e6e8   0x0800e6e8   0x000001c4   Code   RO         1408    i.vSysWDT_ManageTask  main_thread.o
    0x0800e8ac   0x0800e8ac   0x00000034   Code   RO         2496    i.vTaskDelay        tasks.o
    0x0800e8e0   0x0800e8e0   0x000000cc   Code   RO         2497    i.vTaskDelete       tasks.o
    0x0800e9ac   0x0800e9ac   0x00000018   Code   RO         2500    i.vTaskInternalSetTimeOutState  tasks.o
    0x0800e9c4   0x0800e9c4   0x0000000c   Code   RO         2501    i.vTaskMissedYield  tasks.o
    0x0800e9d0   0x0800e9d0   0x00000020   Code   RO         2502    i.vTaskPlaceOnEventList  tasks.o
    0x0800e9f0   0x0800e9f0   0x0000004c   Code   RO         2503    i.vTaskPlaceOnEventListRestricted  tasks.o
    0x0800ea3c   0x0800ea3c   0x00000050   Code   RO         2504    i.vTaskPlaceOnUnorderedEventList  tasks.o
    0x0800ea8c   0x0800ea8c   0x000000d0   Code   RO         2506    i.vTaskRemoveFromUnorderedEventList  tasks.o
    0x0800eb5c   0x0800eb5c   0x000000ac   Code   RO         2507    i.vTaskResume       tasks.o
    0x0800ec08   0x0800ec08   0x000001b4   Code   RO         1409    i.vTaskStart        main_thread.o
    0x0800edbc   0x0800edbc   0x00000078   Code   RO         2509    i.vTaskStartScheduler  tasks.o
    0x0800ee34   0x0800ee34   0x000000d8   Code   RO         2510    i.vTaskSuspend      tasks.o
    0x0800ef0c   0x0800ef0c   0x00000010   Code   RO         2511    i.vTaskSuspendAll   tasks.o
    0x0800ef1c   0x0800ef1c   0x00000060   Code   RO         2512    i.vTaskSwitchContext  tasks.o
    0x0800ef7c   0x0800ef7c   0x00000010   Code   RO         6192    i.wdt_counter_reload  at32f413_wdt.o
    0x0800ef8c   0x0800ef8c   0x00000014   Code   RO         6193    i.wdt_divider_set   at32f413_wdt.o
    0x0800efa0   0x0800efa0   0x00000010   Code   RO         6194    i.wdt_enable        at32f413_wdt.o
    0x0800efb0   0x0800efb0   0x00000018   Code   RO         6196    i.wdt_register_write_enable  at32f413_wdt.o
    0x0800efc8   0x0800efc8   0x0000000c   Code   RO         6197    i.wdt_reload_value_set  at32f413_wdt.o
    0x0800efd4   0x0800efd4   0x0000004c   Code   RO         1830    i.write_para_judge  app_user_storage.o
    0x0800f020   0x0800f020   0x00000020   Code   RO         2927    i.xEventGroupClearBits  event_groups.o
    0x0800f040   0x0800f040   0x0000001a   Code   RO         2928    i.xEventGroupCreate  event_groups.o
    0x0800f05a   0x0800f05a   0x00000092   Code   RO         2930    i.xEventGroupSetBits  event_groups.o
    0x0800f0ec   0x0800f0ec   0x000000cc   Code   RO         2932    i.xEventGroupWaitBits  event_groups.o
    0x0800f1b8   0x0800f1b8   0x00000048   Code   RO         2999    i.xPortStartScheduler  port.o
    0x0800f200   0x0800f200   0x0000004c   Code   RO         2335    i.xQueueGenericCreate  queue.o
    0x0800f24c   0x0800f24c   0x000000a0   Code   RO         2336    i.xQueueGenericReset  queue.o
    0x0800f2ec   0x0800f2ec   0x00000118   Code   RO         2337    i.xQueueGenericSend  queue.o
    0x0800f404   0x0800f404   0x00000104   Code   RO         2344    i.xQueueReceive     queue.o
    0x0800f508   0x0800f508   0x000000f0   Code   RO         2346    i.xQueueSemaphoreTake  queue.o
    0x0800f5f8   0x0800f5f8   0x00000060   Code   RO         2514    i.xTaskCheckForTimeOut  tasks.o
    0x0800f658   0x0800f658   0x00000060   Code   RO         2515    i.xTaskCreate       tasks.o
    0x0800f6b8   0x0800f6b8   0x0000000c   Code   RO         2522    i.xTaskGetTickCount  tasks.o
    0x0800f6c4   0x0800f6c4   0x00000190   Code   RO         2524    i.xTaskIncrementTick  tasks.o
    0x0800f854   0x0800f854   0x00000108   Code   RO         2525    i.xTaskRemoveFromEventList  tasks.o
    0x0800f95c   0x0800f95c   0x0000015c   Code   RO         2526    i.xTaskResumeAll    tasks.o
    0x0800fab8   0x0800fab8   0x0000003c   Code   RO         2801    i.xTimerCreateTimerTask  timers.o
    0x0800faf4   0x0800faf4   0x00000018   Code   RO         6444    x$fpl$basic         fz_wm.l(basic.o)
    0x0800fb0c   0x0800fb0c   0x00000150   Code   RO         6446    x$fpl$dadd          fz_wm.l(daddsub_clz.o)
    0x0800fc5c   0x0800fc5c   0x00000018   Code   RO         6483    x$fpl$dcmpinf       fz_wm.l(dcmpi.o)
    0x0800fc74   0x0800fc74   0x000002b0   Code   RO         6453    x$fpl$ddiv          fz_wm.l(ddiv.o)
    0x0800ff24   0x0800ff24   0x0000005e   Code   RO         6456    x$fpl$dfix          fz_wm.l(dfix.o)
    0x0800ff82   0x0800ff82   0x00000002   PAD
    0x0800ff84   0x0800ff84   0x0000005a   Code   RO         6460    x$fpl$dfixu         fz_wm.l(dfixu.o)
    0x0800ffde   0x0800ffde   0x0000002e   Code   RO         6465    x$fpl$dflt          fz_wm.l(dflt_clz.o)
    0x0801000c   0x0801000c   0x00000026   Code   RO         6464    x$fpl$dfltu         fz_wm.l(dflt_clz.o)
    0x08010032   0x08010032   0x00000002   PAD
    0x08010034   0x08010034   0x00000078   Code   RO         6470    x$fpl$dleqf         fz_wm.l(dleqf.o)
    0x080100ac   0x080100ac   0x00000154   Code   RO         6472    x$fpl$dmul          fz_wm.l(dmul.o)
    0x08010200   0x08010200   0x0000009c   Code   RO         6485    x$fpl$dnaninf       fz_wm.l(dnaninf.o)
    0x0801029c   0x0801029c   0x0000000c   Code   RO         6487    x$fpl$dretinf       fz_wm.l(dretinf.o)
    0x080102a8   0x080102a8   0x0000006c   Code   RO         6474    x$fpl$drleqf        fz_wm.l(drleqf.o)
    0x08010314   0x08010314   0x000001d4   Code   RO         6448    x$fpl$dsub          fz_wm.l(daddsub_clz.o)
    0x080104e8   0x080104e8   0x0000000a   Code   RO         6598    x$fpl$fpinit        fz_wm.l(fpinit.o)
    0x080104f2   0x080104f2   0x00000000   Code   RO         6489    x$fpl$usenofp       fz_wm.l(usenofp.o)
    0x080104f2   0x080104f2   0x00001e70   Data   RO          537    .constdata          oled_port.o
    0x08012362   0x08012362   0x00000010   Data   RO         1899    .constdata          system_at32f413.o
    0x08012372   0x08012372   0x00000002   PAD
    0x08012374   0x08012374   0x00000020   Data   RO         6654    Region$$Table       anon$$obj.o


    Execution Region RW_IRAM1 (Exec base: 0x20000000, Load base: 0x08012394, Size: 0x000077a8, Max: 0x00008000, ABSOLUTE, COMPRESSED[0x0000030c])

    Exec Addr    Load Addr    Size         Type   Attr      Idx    E Section Name        Object

    0x20000000   COMPRESSED   0x00000006   Data   RW           10    .data               main.o
    0x20000006   COMPRESSED   0x00000b84   Data   RW          538    .data               oled_port.o
    0x20000b8a   COMPRESSED   0x00000006   PAD
    0x20000b90   COMPRESSED   0x00000018   Data   RW          817    .data               adc_port.o
    0x20000ba8   COMPRESSED   0x00000002   Data   RW          904    .data               buzz_port.o
    0x20000baa   COMPRESSED   0x00000002   PAD
    0x20000bac   COMPRESSED   0x00000004   Data   RW          951    .data               key.o
    0x20000bb0   COMPRESSED   0x0000000c   Data   RW         1008    .data               at32f413_board.o
    0x20000bbc   COMPRESSED   0x00000010   Data   RW         1133    .data               apex_gc_port.o
    0x20000bcc   COMPRESSED   0x0000004f   Data   RW         1411    .data               main_thread.o
    0x20000c1b   COMPRESSED   0x00000001   PAD
    0x20000c1c   COMPRESSED   0x00000010   Data   RW         1489    .data               app_periodictask.o
    0x20000c2c   COMPRESSED   0x00000008   Data   RW         1544    .data               app_motorcontroltask.o
    0x20000c34   COMPRESSED   0x000000ea   Data   RW         1630    .data               app_menutask.o
    0x20000d1e   COMPRESSED   0x00000002   PAD
    0x20000d20   COMPRESSED   0x00000004   Data   RW         1900    .data               system_at32f413.o
    0x20000d24   COMPRESSED   0x00000100   Data   RW         1958    .data               mp6570.o
    0x20000e24   COMPRESSED   0x0000002d   Data   RW         2121    .data               customer_control.o
    0x20000e51   COMPRESSED   0x00000001   Data   RW         2238    .data               delay.o
    0x20000e52   COMPRESSED   0x00000002   PAD
    0x20000e54   COMPRESSED   0x00000040   Data   RW         2529    .data               tasks.o
    0x20000e94   COMPRESSED   0x00000014   Data   RW         2808    .data               timers.o
    0x20000ea8   COMPRESSED   0x00000004   Data   RW         3000    .data               port.o
    0x20000eac   COMPRESSED   0x00000018   Data   RW         3068    .data               heap_2.o
    0x20000ec4   COMPRESSED   0x00000004   PAD
    0x20000ec8   COMPRESSED   0x00000276   Data   RW         6315    .data               MPS_eMotion_Lib.lib(control.o)
    0x2000113e   COMPRESSED   0x00000002   PAD
    0x20001140        -       0x00000050   Zero   RW          536    .bss                oled_port.o
    0x20001190        -       0x00000020   Zero   RW          714    .bss                gpio_port.o
    0x200011b0        -       0x00000090   Zero   RW          816    .bss                adc_port.o
    0x20001240        -       0x00000030   Zero   RW          950    .bss                key.o
    0x20001270        -       0x00000800   Zero   RW         1062    .bss                flash.o
    0x20001a70        -       0x0000007c   Zero   RW         1132    .bss                apex_gc_port.o
    0x20001aec        -       0x0000039e   Zero   RW         1268    .bss                ble_2340c2.o
    0x20001e8a        -       0x00000010   Zero   RW         1410    .bss                main_thread.o
    0x20001e9a        -       0x000001c0   Zero   RW         1831    .bss                app_user_storage.o
    0x2000205a   COMPRESSED   0x00000002   PAD
    0x2000205c        -       0x00000020   Zero   RW         2120    .bss                customer_control.o
    0x2000207c        -       0x000001a4   Zero   RW         2528    .bss                tasks.o
    0x20002220        -       0x00000028   Zero   RW         2807    .bss                timers.o
    0x20002248        -       0x00004400   Zero   RW         3067    .bss                heap_2.o
    0x20006648        -       0x00000100   Zero   RW         6314    .bss                MPS_eMotion_Lib.lib(control.o)
    0x20006748        -       0x00000060   Zero   RW         6530    .bss                c_w.l(libspace.o)
    0x200067a8        -       0x00000800   Zero   RW         1888    HEAP                startup_at32f413_ext_ram.o
    0x20006fa8        -       0x00000800   Zero   RW         1887    STACK               startup_at32f413_ext_ram.o


==============================================================================

Image component sizes


      Code (inc. data)   RO Data    RW Data    ZI Data      Debug   Object Name

       752         86          0         24        144       8745   adc_port.o
      4772        280          0         16        124       7107   apex_gc_port.o
     22472       1188          0        234          0      43163   app_menutask.o
       968         76          0          8          0       3862   app_motorcontroltask.o
       724         54          0         16          0       2593   app_periodictask.o
       970         68          0          0        448       8537   app_user_storage.o
       646         42          0          0          0      10226   at32f413_adc.o
       136         22          0         12          0       2570   at32f413_board.o
       144          0          0          0          0        682   at32f413_clock.o
       622         76          0          0          0       8614   at32f413_crm.o
       332         28          0          0          0       5179   at32f413_dma.o
        40         10          0          0          0       1344   at32f413_exint.o
       792         78          0          0          0       8586   at32f413_flash.o
       292          6          0          0          0       5002   at32f413_gpio.o
       328         60          0          0          0      10508   at32f413_int.o
       324         26          0          0          0      33652   at32f413_misc.o
       352          0          0          0          0       4566   at32f413_spi.o
       642          0          0          0          0       9122   at32f413_tmr.o
        42          0          0          0          0       2465   at32f413_usart.o
        88         28          0          0          0       3071   at32f413_wdt.o
       278         16          0          0        926       9145   ble_2340c2.o
       364         46          0          2          0       3183   buzz_port.o
      2454        218          0         45         32      12585   customer_control.o
        64         10          0          1          0        936   delay.o
       438          6          0          0          0       6366   event_groups.o
       370          4          0          0       2048       3437   flash.o
      1040         82          0          0         32      10109   gpio_port.o
       328         40          0         24      17408       4023   heap_2.o
       886         32          0          4         48       5602   key.o
       148          0          0          0          0       3754   list.o
       278         38          0          6          0      95220   main.o
      3160        394          0         79         16      11867   main_thread.o
      2626        158          0        256          0      14953   mp6570.o
      3714        148       7792       2948         80      22249   oled_port.o
       472         56          0          4          0      10512   port.o
      1458         18          0          0          0      26750   queue.o
        96         32        368          0       4096        900   startup_at32f413_ext_ram.o
       344         38         16          4          0       2460   system_at32f413.o
      3456        444          0         64        420      38561   tasks.o
       196         26          0          0          0       1623   time_init.o
       874        100          0         20         40      11968   timers.o
        58          0          0          0          0       1171   wdt.o

    ----------------------------------------------------------------------
     58590       4034       8210       3784      25864     476968   Object Totals
         0          0         32          0          0          0   (incl. Generated)
        50          0          2         17          2          0   (incl. Padding)

    ----------------------------------------------------------------------

      Code (inc. data)   RO Data    RW Data    ZI Data      Debug   Library Member Name

      4108        474          0        630        256       8992   control.o
       396          0          0          0          0        539   pid.o
        56          0          0          0          0        462   rc_filter.o
        78          0          0          0          0        480   tracking_filter.o
        90          0          0          0          0          0   __dczerorl2.o
         8          0          0          0          0         68   __main.o
         0          0          0          0          0          0   __rtentry.o
        12          0          0          0          0          0   __rtentry2.o
         6          0          0          0          0          0   __rtentry4.o
        52          8          0          0          0          0   __scatter.o
        28          0          0          0          0          0   __scatter_zi.o
        18          0          0          0          0         80   exit.o
         6          0          0          0          0        152   heapauxi.o
         2          0          0          0          0          0   libinit.o
         6          0          0          0          0          0   libinit2.o
         2          0          0          0          0          0   libshutdown.o
         2          0          0          0          0          0   libshutdown2.o
         8          4          0          0         96         68   libspace.o
        38          0          0          0          0         68   llshl.o
        38          0          0          0          0         68   llsshr.o
       138          0          0          0          0         68   rt_memcpy_v6.o
       100          0          0          0          0         80   rt_memcpy_w.o
         2          0          0          0          0          0   rtexit.o
        10          0          0          0          0          0   rtexit2.o
        74          0          0          0          0         80   sys_stackheap_outer.o
         2          0          0          0          0         68   use_no_semi.o
         2          0          0          0          0         68   use_no_semi_2.o
        24          0          0          0          0        164   basic.o
       804         16          0          0          0        368   daddsub_clz.o
        24          0          0          0          0        116   dcmpi.o
       688        140          0          0          0        256   ddiv.o
        94          4          0          0          0        140   dfix.o
        90          4          0          0          0        140   dfixu.o
        84          0          0          0          0        232   dflt_clz.o
       120          4          0          0          0        140   dleqf.o
       340         12          0          0          0        152   dmul.o
       156          4          0          0          0        140   dnaninf.o
        12          0          0          0          0        116   dretinf.o
       108          0          0          0          0        128   drleqf.o
        10          0          0          0          0        116   fpinit.o
         0          0          0          0          0          0   usenofp.o

    ----------------------------------------------------------------------
      7844        670          0        632        352      13549   Library Totals
         8          0          0          2          0          0   (incl. Padding)

    ----------------------------------------------------------------------

      Code (inc. data)   RO Data    RW Data    ZI Data      Debug   Library Name

      4638        474          0        630        256      10473   MPS_eMotion_Lib.lib
       644         12          0          0         96        868   c_w.l
      2554        184          0          0          0       2208   fz_wm.l

    ----------------------------------------------------------------------
      7844        670          0        632        352      13549   Library Totals

    ----------------------------------------------------------------------

==============================================================================


      Code (inc. data)   RO Data    RW Data    ZI Data      Debug   

     66434       4704       8210       4416      26216     453589   Grand Totals
     66434       4704       8210        780      26216     453589   ELF Image Totals (compressed)
     66434       4704       8210        780          0          0   ROM Totals

==============================================================================

    Total RO  Size (Code + RO Data)                74644 (  72.89kB)
    Total RW  Size (RW Data + ZI Data)             30632 (  29.91kB)
    Total ROM Size (Code + RO Data + RW Data)      75424 (  73.66kB)

==============================================================================

